ARM Linker, 5.03 [Build 24] [MDK-ARM Lite]

==============================================================================

Section Cross References

    gpio.o(i.gpio_DigitalInput) refers to gpio.o(.data) for .data
    gpio.o(i.gpio_DigitalOutput) refers to gpio.o(.data) for .data
    gpio.o(i.gpio_HighLevel) refers to gpio.o(.data) for .data
    gpio.o(i.gpio_LowLevel) refers to gpio.o(.data) for .data
    gpio.o(i.gpio_OpenDrain) refers to gpio.o(.data) for .data
    gpio.o(i.gpio_SetAlternateFunction) refers to gpio.o(.data) for .data
    gpio.o(i.gpio_Value) refers to gpio.o(.data) for .data
    main.o(i.ADC3_CH12_DMA_Config) refers to stm32f4xx_rcc.o(i.RCC_AHB1PeriphClockCmd) for RCC_AHB1PeriphClockCmd
    main.o(i.ADC3_CH12_DMA_Config) refers to stm32f4xx_rcc.o(i.RCC_APB2PeriphClockCmd) for RCC_APB2PeriphClockCmd
    main.o(i.ADC3_CH12_DMA_Config) refers to stm32f4xx_dma.o(i.DMA_Init) for DMA_Init
    main.o(i.ADC3_CH12_DMA_Config) refers to stm32f4xx_dma.o(i.DMA_Cmd) for DMA_Cmd
    main.o(i.ADC3_CH12_DMA_Config) refers to stm32f4xx_gpio.o(i.GPIO_Init) for GPIO_Init
    main.o(i.ADC3_CH12_DMA_Config) refers to stm32f4xx_adc.o(i.ADC_CommonInit) for ADC_CommonInit
    main.o(i.ADC3_CH12_DMA_Config) refers to stm32f4xx_adc.o(i.ADC_Init) for ADC_Init
    main.o(i.ADC3_CH12_DMA_Config) refers to stm32f4xx_adc.o(i.ADC_RegularChannelConfig) for ADC_RegularChannelConfig
    main.o(i.ADC3_CH12_DMA_Config) refers to stm32f4xx_adc.o(i.ADC_DMARequestAfterLastTransferCmd) for ADC_DMARequestAfterLastTransferCmd
    main.o(i.ADC3_CH12_DMA_Config) refers to stm32f4xx_adc.o(i.ADC_DMACmd) for ADC_DMACmd
    main.o(i.ADC3_CH12_DMA_Config) refers to stm32f4xx_adc.o(i.ADC_Cmd) for ADC_Cmd
    main.o(i.ADC3_CH12_DMA_Config) refers to main.o(.data) for .data
    main.o(i.TIM_LED_Config) refers to stm32f4xx_rcc.o(i.RCC_APB1PeriphClockCmd) for RCC_APB1PeriphClockCmd
    main.o(i.TIM_LED_Config) refers to misc.o(i.NVIC_PriorityGroupConfig) for NVIC_PriorityGroupConfig
    main.o(i.TIM_LED_Config) refers to misc.o(i.NVIC_Init) for NVIC_Init
    main.o(i.TIM_LED_Config) refers to stm32f4_discovery.o(i.STM_EVAL_LEDInit) for STM_EVAL_LEDInit
    main.o(i.TIM_LED_Config) refers to stm32f4xx_tim.o(i.TIM_TimeBaseInit) for TIM_TimeBaseInit
    main.o(i.TIM_LED_Config) refers to stm32f4xx_tim.o(i.TIM_ARRPreloadConfig) for TIM_ARRPreloadConfig
    main.o(i.TIM_LED_Config) refers to stm32f4xx_tim.o(i.TIM_OC1Init) for TIM_OC1Init
    main.o(i.TIM_LED_Config) refers to stm32f4xx_tim.o(i.TIM_OC1PreloadConfig) for TIM_OC1PreloadConfig
    main.o(i.TIM_LED_Config) refers to stm32f4xx_tim.o(i.TIM_ITConfig) for TIM_ITConfig
    main.o(i.TIM_LED_Config) refers to stm32f4xx_tim.o(i.TIM_Cmd) for TIM_Cmd
    main.o(i.TIM_LED_Config) refers to system_stm32f4xx.o(.data) for SystemCoreClock
    main.o(i.TIM_LED_Config) refers to main.o(.data) for .data
    main.o(i.USART1_IRQHandler) refers to stm32f4xx_usart.o(i.USART_GetITStatus) for USART_GetITStatus
    main.o(i.USART1_IRQHandler) refers to stm32f4xx_usart.o(i.USART_ClearITPendingBit) for USART_ClearITPendingBit
    main.o(i.USART1_IRQHandler) refers to stm32f4xx_usart.o(i.USART_ReceiveData) for USART_ReceiveData
    main.o(i.USART1_IRQHandler) refers to stm32f4xx_usart.o(i.USART_SendData) for USART_SendData
    main.o(i.USART1_IRQHandler) refers to main.o(.bss) for .bss
    main.o(i.main) refers to stm32f4xx_rcc.o(i.RCC_GetClocksFreq) for RCC_GetClocksFreq
    main.o(i.main) refers to stm32f4xx_rcc.o(i.RCC_ClockSecuritySystemCmd) for RCC_ClockSecuritySystemCmd
    main.o(i.main) refers to misc.o(i.NVIC_Init) for NVIC_Init
    main.o(i.main) refers to stm32f4xx_rcc.o(i.RCC_AHB1PeriphClockCmd) for RCC_AHB1PeriphClockCmd
    main.o(i.main) refers to stm32f4xx_gpio.o(i.GPIO_Init) for GPIO_Init
    main.o(i.main) refers to stm32f4xx_rcc.o(i.RCC_MCO2Config) for RCC_MCO2Config
    main.o(i.main) refers to rtc.o(i.rtc_Reset) for rtc_Reset
    main.o(i.main) refers to rtc.o(i.rtc_Init) for rtc_Init
    main.o(i.main) refers to stm32f4_discovery.o(i.STM_EVAL_LEDInit) for STM_EVAL_LEDInit
    main.o(i.main) refers to stm32f4_discovery.o(i.STM_EVAL_LEDOn) for STM_EVAL_LEDOn
    main.o(i.main) refers to main.o(i.TIM_LED_Config) for TIM_LED_Config
    main.o(i.main) refers to main.o(i.ADC3_CH12_DMA_Config) for ADC3_CH12_DMA_Config
    main.o(i.main) refers to stm32f4xx_adc.o(i.ADC_SoftwareStartConv) for ADC_SoftwareStartConv
    main.o(i.main) refers to stm32f4_discovery.o(i.STM_EVAL_PBInit) for STM_EVAL_PBInit
    main.o(i.main) refers to usbh_core.o(i.USBH_Init) for USBH_Init
    main.o(i.main) refers to stm32f4_discovery.o(i.STM_EVAL_LEDOff) for STM_EVAL_LEDOff
    main.o(i.main) refers to usbh_core.o(i.USBH_Process) for USBH_Process
    main.o(i.main) refers to main.o(.bss) for .bss
    main.o(i.main) refers to main.o(.data) for .data
    main.o(i.main) refers to stm32f4xx_it.o(.data) for LED_Toggle
    main.o(i.main) refers to usbh_usr.o(.data) for USR_Callbacks
[...]
    i.USART1_IRQHandler                      0x08001274   Section        0  main.o(i.USART1_IRQHandler)
    i.USART_ClearITPendingBit                0x0800131c   Section        0  stm32f4xx_usart.o(i.USART_ClearITPendingBit)
    i.USART_GetITStatus                      0x08001328   Section        0  stm32f4xx_usart.o(i.USART_GetITStatus)
    i.USART_ReceiveData                      0x08001366   Section        0  stm32f4xx_usart.o(i.USART_ReceiveData)
    i.USART_SendData                         0x0800136e   Section        0  stm32f4xx_usart.o(i.USART_SendData)
    i.USBH_Alloc_Channel                     0x08001376   Section        0  usbh_hcs.o(i.USBH_Alloc_Channel)
    i.USBH_BulkReceiveData                   0x080013aa   Section        0  usbh_ioreq.o(i.USBH_BulkReceiveData)
    i.USBH_BulkSendData                      0x080013d0   Section        0  usbh_ioreq.o(i.USBH_BulkSendData)
    i.USBH_ClrFeature                        0x080013f8   Section        0  usbh_stdreq.o(i.USBH_ClrFeature)
    i.USBH_Connect                           0x08001426   Section        0  usbh_core.o(i.USBH_Connect)
    i.USBH_CtlReceiveData                    0x08001438   Section        0  usbh_ioreq.o(i.USBH_CtlReceiveData)
    i.USBH_CtlReq                            0x0800145a   Section        0  usbh_ioreq.o(i.USBH_CtlReq)
    i.USBH_CtlSendData                       0x080014aa   Section        0  usbh_ioreq.o(i.USBH_CtlSendData)
    i.USBH_CtlSendSetup                      0x080014e0   Section        0  usbh_ioreq.o(i.USBH_CtlSendSetup)
    i.USBH_DeAllocate_AllChannel             0x08001504   Section        0  usbh_hcs.o(i.USBH_DeAllocate_AllChannel)
    i.USBH_DeInit                            0x0800151c   Section        0  usbh_core.o(i.USBH_DeInit)
    i.USBH_Disconnect                        0x08001550   Section        0  usbh_core.o(i.USBH_Disconnect)
    i.USBH_ErrorHandle                       0x08001562   Section        0  usbh_core.o(i.USBH_ErrorHandle)
    i.USBH_Free_Channel                      0x0800158e   Section        0  usbh_hcs.o(i.USBH_Free_Channel)
    i.USBH_GetDescriptor                     0x080015a8   Section        0  usbh_stdreq.o(i.USBH_GetDescriptor)
    i.USBH_GetNextDesc                       0x080015d8   Section        0  usbh_stdreq.o(i.USBH_GetNextDesc)
    USBH_GetNextDesc                         0x080015d9   Thumb Code    14  usbh_stdreq.o(i.USBH_GetNextDesc)
    i.USBH_Get_CfgDesc                       0x080015e6   Section        0  usbh_stdreq.o(i.USBH_Get_CfgDesc)
    i.USBH_Get_DevDesc                       0x08001620   Section        0  usbh_stdreq.o(i.USBH_Get_DevDesc)
    i.USBH_Get_StringDesc                    0x080016a4   Section        0  usbh_stdreq.o(i.USBH_Get_StringDesc)
    i.USBH_HandleControl                     0x080016ec   Section        0  usbh_core.o(i.USBH_HandleControl)
    i.USBH_HandleEnum                        0x080018bc   Section        0  usbh_core.o(i.USBH_HandleEnum)
    USBH_HandleEnum                          0x080018bd   Thumb Code   398  usbh_core.o(i.USBH_HandleEnum)
    i.USBH_Init                              0x08001a50   Section        0  usbh_core.o(i.USBH_Init)
    i.USBH_MSC_BOT_Abort                     0x08001aa4   Section        0  usbh_msc_bot.o(i.USBH_MSC_BOT_Abort)
    i.USBH_MSC_ClassRequest                  0x08001adc   Section        0  usbh_msc_core.o(i.USBH_MSC_ClassRequest)
    USBH_MSC_ClassRequest                    0x08001add   Thumb Code     8  usbh_msc_core.o(i.USBH_MSC_ClassRequest)
    i.USBH_MSC_DecodeCSW                     0x08001ae8   Section        0  usbh_msc_bot.o(i.USBH_MSC_DecodeCSW)
    i.USBH_MSC_ErrorHandle                   0x08001b44   Section        0  usbh_msc_core.o(i.USBH_MSC_ErrorHandle)
    i.USBH_MSC_Handle                        0x08001b78   Section        0  usbh_msc_core.o(i.USBH_MSC_Handle)
    USBH_MSC_Handle                          0x08001b79   Thumb Code   344  usbh_msc_core.o(i.USBH_MSC_Handle)
    i.USBH_MSC_HandleBOTXfer                 0x08001cdc   Section        0  usbh_msc_bot.o(i.USBH_MSC_HandleBOTXfer)
    i.USBH_MSC_Init                          0x08001ee0   Section        0  usbh_msc_bot.o(i.USBH_MSC_Init)
    i.USBH_MSC_InterfaceDeInit               0x08001f1c   Section        0  usbh_msc_core.o(i.USBH_MSC_InterfaceDeInit)
    USBH_MSC_InterfaceDeInit                 0x08001f1d   Thumb Code    50  usbh_msc_core.o(i.USBH_MSC_InterfaceDeInit)
    i.USBH_MSC_InterfaceInit                 0x08001f54   Section        0  usbh_msc_core.o(i.USBH_MSC_InterfaceInit)
    USBH_MSC_InterfaceInit                   0x08001f55   Thumb Code   154  usbh_msc_core.o(i.USBH_MSC_InterfaceInit)
    i.USBH_MSC_ModeSense6                    0x08001ff4   Section        0  usbh_msc_scsi.o(i.USBH_MSC_ModeSense6)
    i.USBH_MSC_Read10                        0x08002090   Section        0  usbh_msc_scsi.o(i.USBH_MSC_Read10)
    i.USBH_MSC_ReadCapacity10                0x08002168   Section        0  usbh_msc_scsi.o(i.USBH_MSC_ReadCapacity10)
    i.USBH_MSC_RequestSense                  0x08002208   Section        0  usbh_msc_scsi.o(i.USBH_MSC_RequestSense)
    i.USBH_MSC_TestUnitReady                 0x080022a8   Section        0  usbh_msc_scsi.o(i.USBH_MSC_TestUnitReady)
    i.USBH_MSC_Write10                       0x08002328   Section        0  usbh_msc_scsi.o(i.USBH_MSC_Write10)
    i.USBH_Modify_Channel                    0x080023c4   Section        0  usbh_hcs.o(i.USBH_Modify_Channel)
    i.USBH_OTG_ISR_Handler                   0x080023f6   Section        0  usb_hcd_int.o(i.USBH_OTG_ISR_Handler)
    i.USBH_Open_Channel                      0x0800249e   Section        0  usbh_hcs.o(i.USBH_Open_Channel)
    i.USBH_ParseCfgDesc                      0x080024ee   Section        0  usbh_stdreq.o(i.USBH_ParseCfgDesc)
    USBH_ParseCfgDesc                        0x080024ef   Thumb Code   234  usbh_stdreq.o(i.USBH_ParseCfgDesc)
    i.USBH_Process                           0x080025d8   Section        0  usbh_core.o(i.USBH_Process)
    i.USBH_SetAddress                        0x08002782   Section        0  usbh_stdreq.o(i.USBH_SetAddress)
    i.USBH_SetCfg                            0x0800279a   Section        0  usbh_stdreq.o(i.USBH_SetCfg)
    i.USBH_USR_Configuration_DescAvailable   0x080027b2   Section        0  usbh_usr.o(i.USBH_USR_Configuration_DescAvailable)
    i.USBH_USR_DeInit                        0x080027b4   Section        0  usbh_usr.o(i.USBH_USR_DeInit)
    i.USBH_USR_DeviceAddressAssigned         0x080027c0   Section        0  usbh_usr.o(i.USBH_USR_DeviceAddressAssigned)
    i.USBH_USR_DeviceAttached                0x080027c4   Section        0  usbh_usr.o(i.USBH_USR_DeviceAttached)
    i.USBH_USR_DeviceDisconnected            0x08002844   Section        0  usbh_usr.o(i.USBH_USR_DeviceDisconnected)
    i.USBH_USR_DeviceNotSupported            0x0800286c   Section        0  usbh_usr.o(i.USBH_USR_DeviceNotSupported)
    i.USBH_USR_DeviceSpeedDetected           0x0800286e   Section        0  usbh_usr.o(i.USBH_USR_DeviceSpeedDetected)
    i.USBH_USR_Device_DescAvailable          0x08002870   Section        0  usbh_usr.o(i.USBH_USR_Device_DescAvailable)
    i.USBH_USR_EnumerationDone               0x08002872   Section        0  usbh_usr.o(i.USBH_USR_EnumerationDone)
    i.USBH_USR_Init                          0x08002884   Section        0  usbh_usr.o(i.USBH_USR_Init)
    i.USBH_USR_MSC_Application               0x08002888   Section        0  usbh_usr.o(i.USBH_USR_MSC_Application)
    i.USBH_USR_Manufacturer_String           0x080028d4   Section        0  usbh_usr.o(i.USBH_USR_Manufacturer_String)
    i.USBH_USR_OverCurrentDetected           0x080028d6   Section        0  usbh_usr.o(i.USBH_USR_OverCurrentDetected)
    i.USBH_USR_Product_String                0x080028d8   Section        0  usbh_usr.o(i.USBH_USR_Product_String)
    i.USBH_USR_ResetDevice                   0x080028da   Section        0  usbh_usr.o(i.USBH_USR_ResetDevice)
    i.USBH_USR_SerialNum_String              0x080028dc   Section        0  usbh_usr.o(i.USBH_USR_SerialNum_String)
    i.USBH_USR_UnrecoveredError              0x080028de   Section        0  usbh_usr.o(i.USBH_USR_UnrecoveredError)
    i.USBH_USR_UserInput                     0x080028e0   Section        0  usbh_usr.o(i.USBH_USR_UserInput)
    i.USB_OTG_BSP_ConfigVBUS                 0x080028e4   Section        0  usb_bsp.o(i.USB_OTG_BSP_ConfigVBUS)
    i.USB_OTG_BSP_DriveVBUS                  0x08002924   Section        0  usb_bsp.o(i.USB_OTG_BSP_DriveVBUS)
    i.USB_OTG_BSP_EnableInterrupt            0x0800293c   Section        0  usb_bsp.o(i.USB_OTG_BSP_EnableInterrupt)
    i.USB_OTG_BSP_Init                       0x0800297c   Section        0  usb_bsp.o(i.USB_OTG_BSP_Init)
    i.USB_OTG_BSP_TimerIRQ                   0x08002a34   Section        0  usb_bsp.o(i.USB_OTG_BSP_TimerIRQ)
    i.USB_OTG_BSP_mDelay                     0x08002a6c   Section        0  usb_bsp.o(i.USB_OTG_BSP_mDelay)
    i.USB_OTG_BSP_uDelay                     0x08002a72   Section        0  usb_bsp.o(i.USB_OTG_BSP_uDelay)
    i.USB_OTG_CoreInit                       0x08002a78   Section        0  usb_core.o(i.USB_OTG_CoreInit)
    i.USB_OTG_CoreInitHost                   0x08002b54   Section        0  usb_core.o(i.USB_OTG_CoreInitHost)
    i.USB_OTG_CoreReset                      0x08002bec   Section        0  usb_core.o(i.USB_OTG_CoreReset)
    USB_OTG_CoreReset                        0x08002bed   Thumb Code    84  usb_core.o(i.USB_OTG_CoreReset)
    i.USB_OTG_DisableGlobalInt               0x08002c44   Section        0  usb_core.o(i.USB_OTG_DisableGlobalInt)
    i.USB_OTG_DriveVbus                      0x08002c54   Section        0  usb_core.o(i.USB_OTG_DriveVbus)
    i.USB_OTG_EnableGlobalInt                0x08002c88   Section        0  usb_core.o(i.USB_OTG_EnableGlobalInt)
    i.USB_OTG_EnableHostInt                  0x08002c98   Section        0  usb_core.o(i.USB_OTG_EnableHostInt)
    i.USB_OTG_FlushRxFifo                    0x08002cdc   Section        0  usb_core.o(i.USB_OTG_FlushRxFifo)
    i.USB_OTG_FlushTxFifo                    0x08002d14   Section        0  usb_core.o(i.USB_OTG_FlushTxFifo)
    i.USB_OTG_HC_DoPing                      0x08002d54   Section        0  usb_core.o(i.USB_OTG_HC_DoPing)
    i.USB_OTG_HC_Halt                        0x08002d7e   Section        0  usb_core.o(i.USB_OTG_HC_Halt)
    i.USB_OTG_HC_Init                        0x08002dba   Section        0  usb_core.o(i.USB_OTG_HC_Init)
    i.USB_OTG_HC_StartXfer                   0x08002ea6   Section        0  usb_core.o(i.USB_OTG_HC_StartXfer)
    i.USB_OTG_InitFSLSPClkSel                0x08002fa8   Section        0  usb_core.o(i.USB_OTG_InitFSLSPClkSel)
    i.USB_OTG_IsEvenFrame                    0x08002fb4   Section        0  usb_core.o(i.USB_OTG_IsEvenFrame)
    i.USB_OTG_IsHostMode                     0x08002fc0   Section        0  usb_core.o(i.USB_OTG_IsHostMode)
    i.USB_OTG_ReadCoreItr                    0x08002fce   Section        0  usb_core.o(i.USB_OTG_ReadCoreItr)
    i.USB_OTG_ReadHPRT0                      0x08002fd8   Section        0  usb_core.o(i.USB_OTG_ReadHPRT0)
    i.USB_OTG_ReadHostAllChannels_intr       0x08002fe4   Section        0  usb_core.o(i.USB_OTG_ReadHostAllChannels_intr)
    i.USB_OTG_ReadPacket                     0x08002fea   Section        0  usb_core.o(i.USB_OTG_ReadPacket)
    i.USB_OTG_ResetPort                      0x0800300a   Section        0  usb_core.o(i.USB_OTG_ResetPort)
    i.USB_OTG_SelectCore                     0x08003034   Section        0  usb_core.o(i.USB_OTG_SelectCore)
    i.USB_OTG_SetCurrentMode                 0x080030f4   Section        0  usb_core.o(i.USB_OTG_SetCurrentMode)
    i.USB_OTG_USBH_handle_Disconnect_ISR     0x0800311e   Section        0  usb_hcd_int.o(i.USB_OTG_USBH_handle_Disconnect_ISR)
    USB_OTG_USBH_handle_Disconnect_ISR       0x0800311f   Thumb Code    46  usb_hcd_int.o(i.USB_OTG_USBH_handle_Disconnect_ISR)
    i.USB_OTG_USBH_handle_IncompletePeriodicXfer_ISR 0x0800314c   Section        0  usb_hcd_int.o(i.USB_OTG_USBH_handle_IncompletePeriodicXfer_ISR)
    USB_OTG_USBH_handle_IncompletePeriodicXfer_ISR 0x0800314d   Thumb Code    70  usb_hcd_int.o(i.USB_OTG_USBH_handle_IncompletePeriodicXfer_ISR)
    i.USB_OTG_USBH_handle_hc_ISR             0x08003192   Section        0  usb_hcd_int.o(i.USB_OTG_USBH_handle_hc_ISR)
    USB_OTG_USBH_handle_hc_ISR               0x08003193   Thumb Code    86  usb_hcd_int.o(i.USB_OTG_USBH_handle_hc_ISR)
    i.USB_OTG_USBH_handle_hc_n_In_ISR        0x080031e8   Section        0  usb_hcd_int.o(i.USB_OTG_USBH_handle_hc_n_In_ISR)
    USB_OTG_USBH_handle_hc_n_In_ISR          0x080031e9   Thumb Code  1062  usb_hcd_int.o(i.USB_OTG_USBH_handle_hc_n_In_ISR)
    i.USB_OTG_USBH_handle_hc_n_Out_ISR       0x0800360e   Section        0  usb_hcd_int.o(i.USB_OTG_USBH_handle_hc_n_Out_ISR)
    USB_OTG_USBH_handle_hc_n_Out_ISR         0x0800360f   Thumb Code   904  usb_hcd_int.o(i.USB_OTG_USBH_handle_hc_n_Out_ISR)
    i.USB_OTG_USBH_handle_nptxfempty_ISR     0x08003996   Section        0  usb_hcd_int.o(i.USB_OTG_USBH_handle_nptxfempty_ISR)
    USB_OTG_USBH_handle_nptxfempty_ISR       0x08003997   Thumb Code   300  usb_hcd_int.o(i.USB_OTG_USBH_handle_nptxfempty_ISR)
    i.USB_OTG_USBH_handle_port_ISR           0x08003ac2   Section        0  usb_hcd_int.o(i.USB_OTG_USBH_handle_port_ISR)
    USB_OTG_USBH_handle_port_ISR             0x08003ac3   Thumb Code   280  usb_hcd_int.o(i.USB_OTG_USBH_handle_port_ISR)
    i.USB_OTG_USBH_handle_ptxfempty_ISR      0x08003bda   Section        0  usb_hcd_int.o(i.USB_OTG_USBH_handle_ptxfempty_ISR)
    USB_OTG_USBH_handle_ptxfempty_ISR        0x08003bdb   Thumb Code   302  usb_hcd_int.o(i.USB_OTG_USBH_handle_ptxfempty_ISR)
    i.USB_OTG_USBH_handle_rx_qlvl_ISR        0x08003d08   Section        0  usb_hcd_int.o(i.USB_OTG_USBH_handle_rx_qlvl_ISR)
    USB_OTG_USBH_handle_rx_qlvl_ISR          0x08003d09   Thumb Code   356  usb_hcd_int.o(i.USB_OTG_USBH_handle_rx_qlvl_ISR)
    i.USB_OTG_USBH_handle_sof_ISR            0x08003e6c   Section        0  usb_hcd_int.o(i.USB_OTG_USBH_handle_sof_ISR)
    USB_OTG_USBH_handle_sof_ISR              0x08003e6d   Thumb Code    28  usb_hcd_int.o(i.USB_OTG_USBH_handle_sof_ISR)
    i.USB_OTG_WritePacket                    0x08003e88   Section        0  usb_core.o(i.USB_OTG_WritePacket)
    i.UsageFault_Handler                     0x08003eb0   Section        0  stm32f4xx_it.o(i.UsageFault_Handler)
    i.__scatterload_copy                     0x08003eb2   Section       14  handlers.o(i.__scatterload_copy)
    i.__scatterload_null                     0x08003ec0   Section        2  handlers.o(i.__scatterload_null)
    i.__scatterload_zeroinit                 0x08003ec2   Section       14  handlers.o(i.__scatterload_zeroinit)
    i.check_fs                               0x08003ed0   Section        0  ff.o(i.check_fs)
    check_fs                                 0x08003ed1   Thumb Code    86  ff.o(i.check_fs)
    i.chk_mounted                            0x08003f2c   Section        0  ff.o(i.chk_mounted)
    i.clust2sect                             0x08004110   Section        0  ff.o(i.clust2sect)
    i.create_chain                           0x08004128   Section        0  ff.o(i.create_chain)
    create_chain                             0x08004129   Thumb Code   150  ff.o(i.create_chain)
    i.create_name                            0x080041c0   Section        0  ff.o(i.create_name)
    create_name                              0x080041c1   Thumb Code   212  ff.o(i.create_name)
    i.dec_to_chr                             0x080042a4   Section        0  usbh_usr.o(i.dec_to_chr)
    i.dir_next                               0x080042f0   Section        0  ff.o(i.dir_next)
    dir_next                                 0x080042f1   Thumb Code   262  ff.o(i.dir_next)
    i.dir_register                           0x080043f6   Section        0  ff.o(i.dir_register)
    dir_register                             0x080043f7   Thumb Code   102  ff.o(i.dir_register)
    i.dir_seek                               0x0800445c   Section        0  ff.o(i.dir_seek)
    dir_seek                                 0x0800445d   Thumb Code   160  ff.o(i.dir_seek)
    i.disk_initialize                        0x080044fc   Section        0  usbh_msc_fatfs.o(i.disk_initialize)
    i.disk_ioctl                             0x0800451c   Section        0  usbh_msc_fatfs.o(i.disk_ioctl)
    i.disk_read                              0x0800455c   Section        0  usbh_msc_fatfs.o(i.disk_read)
    i.disk_status                            0x080045c0   Section        0  usbh_msc_fatfs.o(i.disk_status)
    i.disk_write                             0x080045d0   Section        0  usbh_msc_fatfs.o(i.disk_write)
    i.f_close                                0x0800463c   Section        0  ff.o(i.f_close)
    i.f_lseek                                0x0800464e   Section        0  ff.o(i.f_lseek)
    i.f_mount                                0x080047a8   Section        0  ff.o(i.f_mount)
    i.f_open                                 0x080047c8   Section        0  ff.o(i.f_open)
    i.f_sync                                 0x08004912   Section        0  ff.o(i.f_sync)
    i.f_write                                0x080049b6   Section        0  ff.o(i.f_write)
    i.follow_path                            0x08004b64   Section        0  ff.o(i.follow_path)
    follow_path                              0x08004b65   Thumb Code   188  ff.o(i.follow_path)
    i.get_fat                                0x08004c20   Section        0  ff.o(i.get_fat)
    i.get_fattime                            0x08004cee   Section        0  fattime.o(i.get_fattime)
    i.main                                   0x08004cf4   Section        0  main.o(i.main)
    i.mem_cpy                                0x08004e2c   Section        0  ff.o(i.mem_cpy)
    mem_cpy                                  0x08004e2d   Thumb Code    18  ff.o(i.mem_cpy)
    i.mem_set                                0x08004e3e   Section        0  ff.o(i.mem_set)
    mem_set                                  0x08004e3f   Thumb Code    14  ff.o(i.mem_set)
    i.move_window                            0x08004e4c   Section        0  ff.o(i.move_window)
    move_window                              0x08004e4d   Thumb Code   106  ff.o(i.move_window)
    i.put_fat                                0x08004eb6   Section        0  ff.o(i.put_fat)
    i.remove_chain                           0x08004fe8   Section        0  ff.o(i.remove_chain)
    remove_chain                             0x08004fe9   Thumb Code    98  ff.o(i.remove_chain)
    i.rtc_Get                                0x0800504c   Section        0  rtc.o(i.rtc_Get)
    i.rtc_Init                               0x080050d8   Section        0  rtc.o(i.rtc_Init)
    i.rtc_Reset                              0x08005198   Section        0  rtc.o(i.rtc_Reset)
    i.sync                                   0x080051cc   Section        0  ff.o(i.sync)
    sync                                     0x080051cd   Thumb Code   184  ff.o(i.sync)
    i.validate                               0x08005284   Section        0  ff.o(i.validate)
    validate                                 0x08005285   Thumb Code    32  ff.o(i.validate)
    .constdata                               0x080052a4   Section       36  stm32f4_discovery.o(.constdata)
    .constdata                               0x080052c8   Section      194  ff.o(.constdata)
    cvt                                      0x080052c8   Data         128  ff.o(.constdata)
    sstbl                                    0x08005348   Data          44  ff.o(.constdata)
    cstbl                                    0x08005374   Data          22  ff.o(.constdata)
    .data                                    0x20000000   Section        6  main.o(.data)
    .data                                    0x20000008   Section        4  main.o(.data)
    .data                                    0x2000000c   Section        1  main.o(.data)
    .data                                    0x2000000e   Section        2  main.o(.data)
    .data                                    0x20000010   Section        2  main.o(.data)
    .data                                    0x20000012   Section        1  main.o(.data)
    .data                                    0x20000014   Section        2  main.o(.data)
    .data                                    0x20000016   Section        2  main.o(.data)
    .data                                    0x20000018   Section        1  main.o(.data)
    .data                                    0x20000019   Section        1  main.o(.data)
    .data                                    0x2000001a   Section        2  main.o(.data)
    .data                                    0x2000001c   Section        2  main.o(.data)
    .data                                    0x2000001e   Section        2  main.o(.data)
    .data                                    0x20000020   Section        1  main.o(.data)
    .data                                    0x20000021   Section        7  main.o(.data)
    .data                                    0x20000028   Section        2  main.o(.data)
    .data                                    0x2000002c   Section       20  system_stm32f4xx.o(.data)
    .data                                    0x20000040   Section        4  usb_bsp.o(.data)
    .data                                    0x20000044   Section       11  usbh_usr.o(.data)
    USBH_USR_ApplicationState                0x20000044   Data           1  usbh_usr.o(.data)
    .data                                    0x2000004f   Section        1  usbh_usr.o(.data)
    .data                                    0x20000050   Section       72  usbh_usr.o(.data)
    .data                                    0x20000098   Section       13  stm32f4xx_it.o(.data)
    .data                                    0x200000a5   Section        1  stm32f4xx_it.o(.data)
    .data                                    0x200000a8   Section       20  stm32f4_discovery.o(.data)
    .data                                    0x200000bc   Section       16  stm32f4xx_rcc.o(.data)
    APBAHBPrescTable                         0x200000bc   Data          16  stm32f4xx_rcc.o(.data)
    .data                                    0x200000cc   Section       16  usbh_core.o(.data)
    timeout                                  0x200000cc   Data           2  usbh_core.o(.data)
    .data                                    0x200000dc   Section       16  usbh_msc_bot.o(.data)
    error_direction                          0x200000dc   Data           1  usbh_msc_bot.o(.data)
    remainingDataLength                      0x200000e0   Data           4  usbh_msc_bot.o(.data)
    datapointer                              0x200000e4   Data           4  usbh_msc_bot.o(.data)
    BOTStallErrorCount                       0x200000e8   Data           4  usbh_msc_bot.o(.data)
    .data                                    0x200000ec   Section        2  usbh_msc_core.o(.data)
    maxLunExceed                             0x200000ed   Data           1  usbh_msc_core.o(.data)
    .data                                    0x200000f0   Section       16  usbh_msc_core.o(.data)
    .data                                    0x20000100   Section        1  usbh_msc_fatfs.o(.data)
    Stat                                     0x20000100   Data           1  usbh_msc_fatfs.o(.data)
    .data                                    0x20000101   Section        1  usbh_msc_scsi.o(.data)
    status                                   0x20000101   Data           1  usbh_msc_scsi.o(.data)
    .data                                    0x20000104   Section        8  ff.o(.data)
    Fsid                                     0x20000104   Data           2  ff.o(.data)
    FatFs                                    0x20000108   Data           4  ff.o(.data)
    .bss                                     0x2000010c   Section     1428  main.o(.bss)
    .bss                                     0x200006a0   Section     2000  main.o(.bss)
    .bss                                     0x20000e70   Section     2000  main.o(.bss)
    .bss                                     0x20001640   Section     6000  main.o(.bss)
    .bss                                     0x20002db0   Section       20  main.o(.bss)
    .bss                                     0x20002dc4   Section       20  main.o(.bss)
    .bss                                     0x20002dd8   Section       20  main.o(.bss)
    .bss                                     0x20002dec   Section       20  main.o(.bss)
    .bss                                     0x20002e00   Section       20  main.o(.bss)
    .bss                                     0x20002e14   Section     2132  usbh_usr.o(.bss)
    .bss                                     0x20003668   Section       64  usbh_msc_bot.o(.bss)
    .bss                                     0x200036a8   Section       74  usbh_msc_core.o(.bss)
    .bss                                     0x200036f4   Section      528  usbh_msc_scsi.o(.bss)
    STACK                                    0x20003908   Section     1024  startup_stm32f4xx.o(STACK)

    Global Symbols

    Symbol Name                              Value     Ov Type        Size  Object(Section)

    BuildAttributes$$THM_ISAv4$E$P$D$K$B$S$7EM$PE$A:L22UL41UL21$X:L11$S22US41US21$IEEE1$IW$USESV6$~STKCKD$USESV7$~SHL$OSPACE$EBA8$MICROLIB$REQ8$PRES8$EABIv2 0x00000000   Number         0  anon$$obj.o ABSOLUTE
    __ARM_use_no_argv                        0x00000000   Number         0  main.o ABSOLUTE
    __cpp_initialize__aeabi_                  - Undefined Weak Reference
    __cxa_finalize                            - Undefined Weak Reference
    __decompress                              - Undefined Weak Reference
    _clock_init                               - Undefined Weak Reference
    _microlib_exit                            - Undefined Weak Reference
    __Vectors_Size                           0x00000188   Number         0  startup_stm32f4xx.o ABSOLUTE
    __Vectors                                0x08000000   Data           4  startup_stm32f4xx.o(RESET)
    __Vectors_End                            0x08000188   Data           0  startup_stm32f4xx.o(RESET)
    __main                                   0x08000189   Thumb Code     0  entry.o(.ARM.Collect$$$$00000000)
    _main_stk                                0x08000189   Thumb Code     0  entry2.o(.ARM.Collect$$$$00000001)
    _main_scatterload                        0x0800018d   Thumb Code     0  entry5.o(.ARM.Collect$$$$00000004)
    __main_after_scatterload                 0x08000191   Thumb Code     0  entry5.o(.ARM.Collect$$$$00000004)
    _main_clock                              0x08000191   Thumb Code     0  entry7b.o(.ARM.Collect$$$$00000008)
    _main_cpp_init                           0x08000191   Thumb Code     0  entry8b.o(.ARM.Collect$$$$0000000A)
    _main_init                               0x08000191   Thumb Code     0  entry9a.o(.ARM.Collect$$$$0000000B)
    __rt_final_cpp                           0x08000199   Thumb Code     0  entry10a.o(.ARM.Collect$$$$0000000D)
    __rt_final_exit                          0x08000199   Thumb Code     0  entry11a.o(.ARM.Collect$$$$0000000F)
    Reset_Handler                            0x0800019d   Thumb Code     8  startup_stm32f4xx.o(.text)
    ADC_IRQHandler                           0x080001b7   Thumb Code     0  startup_stm32f4xx.o(.text)
    CAN1_RX0_IRQHandler                      0x080001b7   Thumb Code     0  startup_stm32f4xx.o(.text)
    CAN1_RX1_IRQHandler                      0x080001b7   Thumb Code     0  startup_stm32f4xx.o(.text)
    CAN1_SCE_IRQHandler                      0x080001b7   Thumb Code     0  startup_stm32f4xx.o(.text)
    CAN1_TX_IRQHandler                       0x080001b7   Thumb Code     0  startup_stm32f4xx.o(.text)
    CAN2_RX0_IRQHandler                      0x080001b7   Thumb Code     0  startup_stm32f4xx.o(.text)
    CAN2_RX1_IRQHandler                      0x080001b7   Thumb Code     0  startup_stm32f4xx.o(.text)
    CAN2_SCE_IRQHandler                      0x080001b7   Thumb Code     0  startup_stm32f4xx.o(.text)
    CAN2_TX_IRQHandler                       0x080001b7   Thumb Code     0  startup_stm32f4xx.o(.text)
    CRYP_IRQHandler                          0x080001b7   Thumb Code     0  startup_stm32f4xx.o(.text)
    DCMI_IRQHandler                          0x080001b7   Thumb Code     0  startup_stm32f4xx.o(.text)
    DMA1_Stream0_IRQHandler                  0x080001b7   Thumb Code     0  startup_stm32f4xx.o(.text)
    DMA1_Stream1_IRQHandler                  0x080001b7   Thumb Code     0  startup_stm32f4xx.o(.text)
    DMA1_Stream2_IRQHandler                  0x080001b7   Thumb Code     0  startup_stm32f4xx.o(.text)
    DMA1_Stream3_IRQHandler                  0x080001b7   Thumb Code     0  startup_stm32f4xx.o(.text)
    DMA1_Stream4_IRQHandler                  0x080001b7   Thumb Code     0  startup_stm32f4xx.o(.text)
    DMA1_Stream5_IRQHandler                  0x080001b7   Thumb Code     0  startup_stm32f4xx.o(.text)
    DMA1_Stream6_IRQHandler                  0x080001b7   Thumb Code     0  startup_stm32f4xx.o(.text)
    DMA1_Stream7_IRQHandler                  0x080001b7   Thumb Code     0  startup_stm32f4xx.o(.text)
    DMA2_Stream0_IRQHandler                  0x080001b7   Thumb Code     0  startup_stm32f4xx.o(.text)
    DMA2_Stream1_IRQHandler                  0x080001b7   Thumb Code     0  startup_stm32f4xx.o(.text)
    DMA2_Stream2_IRQHandler                  0x080001b7   Thumb Code     0  startup_stm32f4xx.o(.text)
    DMA2_Stream3_IRQHandler                  0x080001b7   Thumb Code     0  startup_stm32f4xx.o(.text)
    DMA2_Stream4_IRQHandler                  0x080001b7   Thumb Code     0  startup_stm32f4xx.o(.text)
    DMA2_Stream5_IRQHandler                  0x080001b7   Thumb Code     0  startup_stm32f4xx.o(.text)
    DMA2_Stream6_IRQHandler                  0x080001b7   Thumb Code     0  startup_stm32f4xx.o(.text)
    DMA2_Stream7_IRQHandler                  0x080001b7   Thumb Code     0  startup_stm32f4xx.o(.text)
    ETH_IRQHandler                           0x080001b7   Thumb Code     0  startup_stm32f4xx.o(.text)
    ETH_WKUP_IRQHandler                      0x080001b7   Thumb Code     0  startup_stm32f4xx.o(.text)
    EXTI15_10_IRQHandler                     0x080001b7   Thumb Code     0  startup_stm32f4xx.o(.text)
    EXTI2_IRQHandler                         0x080001b7   Thumb Code     0  startup_stm32f4xx.o(.text)
    EXTI3_IRQHandler                         0x080001b7   Thumb Code     0  startup_stm32f4xx.o(.text)
    EXTI4_IRQHandler                         0x080001b7   Thumb Code     0  startup_stm32f4xx.o(.text)
    EXTI9_5_IRQHandler                       0x080001b7   Thumb Code     0  startup_stm32f4xx.o(.text)
    FLASH_IRQHandler                         0x080001b7   Thumb Code     0  startup_stm32f4xx.o(.text)
    FPU_IRQHandler                           0x080001b7   Thumb Code     0  startup_stm32f4xx.o(.text)
    FSMC_IRQHandler                          0x080001b7   Thumb Code     0  startup_stm32f4xx.o(.text)
    HASH_RNG_IRQHandler                      0x080001b7   Thumb Code     0  startup_stm32f4xx.o(.text)
    I2C1_ER_IRQHandler                       0x080001b7   Thumb Code     0  startup_stm32f4xx.o(.text)
    I2C1_EV_IRQHandler                       0x080001b7   Thumb Code     0  startup_stm32f4xx.o(.text)
    I2C2_ER_IRQHandler                       0x080001b7   Thumb Code     0  startup_stm32f4xx.o(.text)
    I2C2_EV_IRQHandler                       0x080001b7   Thumb Code     0  startup_stm32f4xx.o(.text)
    I2C3_ER_IRQHandler                       0x080001b7   Thumb Code     0  startup_stm32f4xx.o(.text)
    I2C3_EV_IRQHandler                       0x080001b7   Thumb Code     0  startup_stm32f4xx.o(.text)
    OTG_FS_WKUP_IRQHandler                   0x080001b7   Thumb Code     0  startup_stm32f4xx.o(.text)
    OTG_HS_EP1_IN_IRQHandler                 0x080001b7   Thumb Code     0  startup_stm32f4xx.o(.text)
    OTG_HS_EP1_OUT_IRQHandler                0x080001b7   Thumb Code     0  startup_stm32f4xx.o(.text)
    OTG_HS_IRQHandler                        0x080001b7   Thumb Code     0  startup_stm32f4xx.o(.text)
    OTG_HS_WKUP_IRQHandler                   0x080001b7   Thumb Code     0  startup_stm32f4xx.o(.text)
    PVD_IRQHandler                           0x080001b7   Thumb Code     0  startup_stm32f4xx.o(.text)
    RTC_Alarm_IRQHandler                     0x080001b7   Thumb Code     0  startup_stm32f4xx.o(.text)
    RTC_WKUP_IRQHandler                      0x080001b7   Thumb Code     0  startup_stm32f4xx.o(.text)
    SDIO_IRQHandler                          0x080001b7   Thumb Code     0  startup_stm32f4xx.o(.text)
    SPI1_IRQHandler                          0x080001b7   Thumb Code     0  startup_stm32f4xx.o(.text)
    SPI2_IRQHandler                          0x080001b7   Thumb Code     0  startup_stm32f4xx.o(.text)
    SPI3_IRQHandler                          0x080001b7   Thumb Code     0  startup_stm32f4xx.o(.text)
    TAMP_STAMP_IRQHandler                    0x080001b7   Thumb Code     0  startup_stm32f4xx.o(.text)
    TIM1_BRK_TIM9_IRQHandler                 0x080001b7   Thumb Code     0  startup_stm32f4xx.o(.text)
    TIM1_CC_IRQHandler                       0x080001b7   Thumb Code     0  startup_stm32f4xx.o(.text)
    TIM1_TRG_COM_TIM11_IRQHandler            0x080001b7   Thumb Code     0  startup_stm32f4xx.o(.text)
    TIM1_UP_TIM10_IRQHandler                 0x080001b7   Thumb Code     0  startup_stm32f4xx.o(.text)
    TIM3_IRQHandler                          0x080001b7   Thumb Code     0  startup_stm32f4xx.o(.text)
    TIM5_IRQHandler                          0x080001b7   Thumb Code     0  startup_stm32f4xx.o(.text)
    TIM6_DAC_IRQHandler                      0x080001b7   Thumb Code     0  startup_stm32f4xx.o(.text)
    TIM7_IRQHandler                          0x080001b7   Thumb Code     0  startup_stm32f4xx.o(.text)
    TIM8_BRK_TIM12_IRQHandler                0x080001b7   Thumb Code     0  startup_stm32f4xx.o(.text)
    TIM8_CC_IRQHandler                       0x080001b7   Thumb Code     0  startup_stm32f4xx.o(.text)
    TIM8_TRG_COM_TIM14_IRQHandler            0x080001b7   Thumb Code     0  startup_stm32f4xx.o(.text)
    TIM8_UP_TIM13_IRQHandler                 0x080001b7   Thumb Code     0  startup_stm32f4xx.o(.text)
    UART4_IRQHandler                         0x080001b7   Thumb Code     0  startup_stm32f4xx.o(.text)
    UART5_IRQHandler                         0x080001b7   Thumb Code     0  startup_stm32f4xx.o(.text)
    USART2_IRQHandler                        0x080001b7   Thumb Code     0  startup_stm32f4xx.o(.text)
    USART3_IRQHandler                        0x080001b7   Thumb Code     0  startup_stm32f4xx.o(.text)
    USART6_IRQHandler                        0x080001b7   Thumb Code     0  startup_stm32f4xx.o(.text)
    WWDG_IRQHandler                          0x080001b7   Thumb Code     0  startup_stm32f4xx.o(.text)
    __scatterload                            0x080001c1   Thumb Code    28  init.o(.text)
    __scatterload_rt2                        0x080001c1   Thumb Code     0  init.o(.text)
    ADC3_CH12_DMA_Config                     0x080001e5   Thumb Code   190  main.o(i.ADC3_CH12_DMA_Config)
    ADC_Cmd                                  0x080002b9   Thumb Code    20  stm32f4xx_adc.o(i.ADC_Cmd)
    ADC_CommonInit                           0x080002cd   Thumb Code    30  stm32f4xx_adc.o(i.ADC_CommonInit)
    ADC_DMACmd                               0x080002f5   Thumb Code    20  stm32f4xx_adc.o(i.ADC_DMACmd)
    ADC_DMARequestAfterLastTransferCmd       0x08000309   Thumb Code    20  stm32f4xx_adc.o(i.ADC_DMARequestAfterLastTransferCmd)
    ADC_Init                                 0x0800031d   Thumb Code    66  stm32f4xx_adc.o(i.ADC_Init)
    ADC_RegularChannelConfig                 0x08000369   Thumb Code   116  stm32f4xx_adc.o(i.ADC_RegularChannelConfig)
    ADC_SoftwareStartConv                    0x080003dd   Thumb Code    10  stm32f4xx_adc.o(i.ADC_SoftwareStartConv)
    BusFault_Handler                         0x08000477   Thumb Code     2  stm32f4xx_it.o(i.BusFault_Handler)
    COMMAND_AudioExecuteApplication          0x08000479   Thumb Code   592  usbh_usr.o(i.COMMAND_AudioExecuteApplication)
    DMA_Cmd                                  0x08000709   Thumb Code    20  stm32f4xx_dma.o(i.DMA_Cmd)
    DMA_Init                                 0x0800071d   Thumb Code    80  stm32f4xx_dma.o(i.DMA_Init)
    DebugMon_Handler                         0x08000771   Thumb Code     2  stm32f4xx_it.o(i.DebugMon_Handler)
    EXTI0_IRQHandler                         0x08000775   Thumb Code    44  stm32f4xx_it.o(i.EXTI0_IRQHandler)
    EXTI1_IRQHandler                         0x080007a9   Thumb Code    46  stm32f4xx_it.o(i.EXTI1_IRQHandler)
    EXTI_ClearITPendingBit                   0x080007dd   Thumb Code     6  stm32f4xx_exti.o(i.EXTI_ClearITPendingBit)
    EXTI_GetITStatus                         0x080007e9   Thumb Code    28  stm32f4xx_exti.o(i.EXTI_GetITStatus)
    EXTI_Init                                0x08000809   Thumb Code   108  stm32f4xx_exti.o(i.EXTI_Init)
    GPIO_Init                                0x08000879   Thumb Code   162  stm32f4xx_gpio.o(i.GPIO_Init)
    GPIO_PinAFConfig                         0x0800091b   Thumb Code    32  stm32f4xx_gpio.o(i.GPIO_PinAFConfig)
    GPIO_ResetBits                           0x0800093b   Thumb Code     4  stm32f4xx_gpio.o(i.GPIO_ResetBits)
    GPIO_SetBits                             0x0800093f   Thumb Code     4  stm32f4xx_gpio.o(i.GPIO_SetBits)
    HCD_GetCurrentFrame                      0x08000943   Thumb Code     8  usb_hcd.o(i.HCD_GetCurrentFrame)
    HCD_GetCurrentSpeed                      0x0800094b   Thumb Code    12  usb_hcd.o(i.HCD_GetCurrentSpeed)
    HCD_GetURB_State                         0x08000957   Thumb Code     8  usb_hcd.o(i.HCD_GetURB_State)
    HCD_GetXferCnt                           0x0800095f   Thumb Code    10  usb_hcd.o(i.HCD_GetXferCnt)
    HCD_Init                                 0x08000969   Thumb Code    86  usb_hcd.o(i.HCD_Init)
    HCD_IsDeviceConnected                    0x080009bf   Thumb Code     6  usb_hcd.o(i.HCD_IsDeviceConnected)
    HCD_ResetPort                            0x080009c5   Thumb Code    10  usb_hcd.o(i.HCD_ResetPort)
    HCD_SubmitRequest                        0x080009cf   Thumb Code    20  usb_hcd.o(i.HCD_SubmitRequest)
    HardFault_Handler                        0x080009e3   Thumb Code     2  stm32f4xx_it.o(i.HardFault_Handler)
    MemManage_Handler                        0x080009e5   Thumb Code     2  stm32f4xx_it.o(i.MemManage_Handler)
    NMI_Handler                              0x080009e7   Thumb Code    38  stm32f4xx_it.o(i.NMI_Handler)
    NVIC_Init                                0x08000a0d   Thumb Code    92  misc.o(i.NVIC_Init)
    NVIC_PriorityGroupConfig                 0x08000a71   Thumb Code    10  misc.o(i.NVIC_PriorityGroupConfig)
    NVIC_SetVectorTable                      0x08000a85   Thumb Code    12  misc.o(i.NVIC_SetVectorTable)
    OTG_FS_IRQHandler                        0x08000a99   Thumb Code     6  stm32f4xx_it.o(i.OTG_FS_IRQHandler)
    PendSV_Handler                           0x08000aa5   Thumb Code     2  stm32f4xx_it.o(i.PendSV_Handler)
    RCC_AHB1PeriphClockCmd                   0x08000aa9   Thumb Code    18  stm32f4xx_rcc.o(i.RCC_AHB1PeriphClockCmd)
    RCC_AHB2PeriphClockCmd                   0x08000ac1   Thumb Code    18  stm32f4xx_rcc.o(i.RCC_AHB2PeriphClockCmd)
    RCC_APB1PeriphClockCmd                   0x08000ad9   Thumb Code    18  stm32f4xx_rcc.o(i.RCC_APB1PeriphClockCmd)
    RCC_APB2PeriphClockCmd                   0x08000af1   Thumb Code    18  stm32f4xx_rcc.o(i.RCC_APB2PeriphClockCmd)
    RCC_ClearITPendingBit                    0x08000b09   Thumb Code     6  stm32f4xx_rcc.o(i.RCC_ClearITPendingBit)
    RCC_ClockSecuritySystemCmd               0x08000b15   Thumb Code     6  stm32f4xx_rcc.o(i.RCC_ClockSecuritySystemCmd)
    RCC_GetClocksFreq                        0x08000b21   Thumb Code   132  stm32f4xx_rcc.o(i.RCC_GetClocksFreq)
    RCC_GetFlagStatus                        0x08000bb1   Thumb Code    46  stm32f4xx_rcc.o(i.RCC_GetFlagStatus)
    RCC_GetITStatus                          0x08000be5   Thumb Code    16  stm32f4xx_rcc.o(i.RCC_GetITStatus)
    RCC_HSEConfig                            0x08000bf9   Thumb Code    10  stm32f4xx_rcc.o(i.RCC_HSEConfig)
    RCC_IRQHandler                           0x08000c09   Thumb Code    68  stm32f4xx_it.o(i.RCC_IRQHandler)
    RCC_ITConfig                             0x08000c4d   Thumb Code    18  stm32f4xx_rcc.o(i.RCC_ITConfig)
    RCC_MCO2Config                           0x08000c65   Thumb Code    16  stm32f4xx_rcc.o(i.RCC_MCO2Config)
    RCC_PLLCmd                               0x08000c79   Thumb Code     6  stm32f4xx_rcc.o(i.RCC_PLLCmd)
    RCC_SYSCLKConfig                         0x08000c85   Thumb Code    14  stm32f4xx_rcc.o(i.RCC_SYSCLKConfig)
    STM_EVAL_LEDInit                         0x08000c99   Thumb Code    62  stm32f4_discovery.o(i.STM_EVAL_LEDInit)
    STM_EVAL_LEDOff                          0x08000ce1   Thumb Code    16  stm32f4_discovery.o(i.STM_EVAL_LEDOff)
    STM_EVAL_LEDOn                           0x08000cf9   Thumb Code    16  stm32f4_discovery.o(i.STM_EVAL_LEDOn)
    STM_EVAL_PBInit                          0x08000d11   Thumb Code   144  stm32f4_discovery.o(i.STM_EVAL_PBInit)
    SVC_Handler                              0x08000da9   Thumb Code     2  stm32f4xx_it.o(i.SVC_Handler)
    SYSCFG_EXTILineConfig                    0x08000dad   Thumb Code    34  stm32f4xx_syscfg.o(i.SYSCFG_EXTILineConfig)
    SysTick_Handler                          0x08000ead   Thumb Code   224  stm32f4xx_it.o(i.SysTick_Handler)
    SystemInit                               0x08000fd9   Thumb Code    62  system_stm32f4xx.o(i.SystemInit)
    TIM2_IRQHandler                          0x08001029   Thumb Code     4  stm32f4xx_it.o(i.TIM2_IRQHandler)
    TIM4_IRQHandler                          0x0800102d   Thumb Code    54  stm32f4xx_it.o(i.TIM4_IRQHandler)
    TIM_ARRPreloadConfig                     0x08001071   Thumb Code    20  stm32f4xx_tim.o(i.TIM_ARRPreloadConfig)
    TIM_ClearITPendingBit                    0x08001085   Thumb Code     6  stm32f4xx_tim.o(i.TIM_ClearITPendingBit)
    TIM_Cmd                                  0x0800108b   Thumb Code    20  stm32f4xx_tim.o(i.TIM_Cmd)
    TIM_GetCapture1                          0x0800109f   Thumb Code     4  stm32f4xx_tim.o(i.TIM_GetCapture1)
    TIM_GetITStatus                          0x080010a3   Thumb Code    24  stm32f4xx_tim.o(i.TIM_GetITStatus)
    TIM_ITConfig                             0x080010bb   Thumb Code    16  stm32f4xx_tim.o(i.TIM_ITConfig)
    TIM_OC1Init                              0x08001189   Thumb Code    88  stm32f4xx_tim.o(i.TIM_OC1Init)
    TIM_OC1PreloadConfig                     0x080011e9   Thumb Code    12  stm32f4xx_tim.o(i.TIM_OC1PreloadConfig)
    TIM_SetCompare1                          0x080011f5   Thumb Code     4  stm32f4xx_tim.o(i.TIM_SetCompare1)
    TIM_TimeBaseInit                         0x080011f9   Thumb Code    96  stm32f4xx_tim.o(i.TIM_TimeBaseInit)
    USART1_IRQHandler                        0x08001275   Thumb Code   160  main.o(i.USART1_IRQHandler)
    USART_ClearITPendingBit                  0x0800131d   Thumb Code    12  stm32f4xx_usart.o(i.USART_ClearITPendingBit)
    USART_GetITStatus                        0x08001329   Thumb Code    62  stm32f4xx_usart.o(i.USART_GetITStatus)
    USART_ReceiveData                        0x08001367   Thumb Code     8  stm32f4xx_usart.o(i.USART_ReceiveData)
    USART_SendData                           0x0800136f   Thumb Code     8  stm32f4xx_usart.o(i.USART_SendData)
    USBH_Alloc_Channel                       0x08001377   Thumb Code    52  usbh_hcs.o(i.USBH_Alloc_Channel)
    USBH_BulkReceiveData                     0x080013ab   Thumb Code    38  usbh_ioreq.o(i.USBH_BulkReceiveData)
    USBH_BulkSendData                        0x080013d1   Thumb Code    40  usbh_ioreq.o(i.USBH_BulkSendData)
    USBH_ClrFeature                          0x080013f9   Thumb Code    46  usbh_stdreq.o(i.USBH_ClrFeature)
    USBH_Connect                             0x08001427   Thumb Code    18  usbh_core.o(i.USBH_Connect)
    USBH_CtlReceiveData                      0x08001439   Thumb Code    34  usbh_ioreq.o(i.USBH_CtlReceiveData)
    USBH_CtlReq                              0x0800145b   Thumb Code    80  usbh_ioreq.o(i.USBH_CtlReq)
    USBH_CtlSendData                         0x080014ab   Thumb Code    54  usbh_ioreq.o(i.USBH_CtlSendData)
    USBH_CtlSendSetup                        0x080014e1   Thumb Code    36  usbh_ioreq.o(i.USBH_CtlSendSetup)
    USBH_DeAllocate_AllChannel               0x08001505   Thumb Code    24  usbh_hcs.o(i.USBH_DeAllocate_AllChannel)
    USBH_DeInit                              0x0800151d   Thumb Code    52  usbh_core.o(i.USBH_DeInit)
    USBH_Disconnect                          0x08001551   Thumb Code    18  usbh_core.o(i.USBH_Disconnect)
    USBH_ErrorHandle                         0x08001563   Thumb Code    44  usbh_core.o(i.USBH_ErrorHandle)
    USBH_Free_Channel                        0x0800158f   Thumb Code    26  usbh_hcs.o(i.USBH_Free_Channel)
    USBH_GetDescriptor                       0x080015a9   Thumb Code    48  usbh_stdreq.o(i.USBH_GetDescriptor)
    USBH_Get_CfgDesc                         0x080015e7   Thumb Code    58  usbh_stdreq.o(i.USBH_Get_CfgDesc)
    USBH_Get_DevDesc                         0x08001621   Thumb Code   132  usbh_stdreq.o(i.USBH_Get_DevDesc)
    USBH_Get_StringDesc                      0x080016a5   Thumb Code    72  usbh_stdreq.o(i.USBH_Get_StringDesc)
    USBH_HandleControl                       0x080016ed   Thumb Code   458  usbh_core.o(i.USBH_HandleControl)
    USBH_Init                                0x08001a51   Thumb Code    80  usbh_core.o(i.USBH_Init)
    USBH_MSC_BOT_Abort                       0x08001aa5   Thumb Code    48  usbh_msc_bot.o(i.USBH_MSC_BOT_Abort)
    USBH_MSC_DecodeCSW                       0x08001ae9   Thumb Code    78  usbh_msc_bot.o(i.USBH_MSC_DecodeCSW)
    USBH_MSC_ErrorHandle                     0x08001b45   Thumb Code    42  usbh_msc_core.o(i.USBH_MSC_ErrorHandle)
    USBH_MSC_HandleBOTXfer                   0x08001cdd   Thumb Code   502  usbh_msc_bot.o(i.USBH_MSC_HandleBOTXfer)
    USBH_MSC_Init                            0x08001ee1   Thumb Code    40  usbh_msc_bot.o(i.USBH_MSC_Init)
    USBH_MSC_ModeSense6                      0x08001ff5   Thumb Code   142  usbh_msc_scsi.o(i.USBH_MSC_ModeSense6)
    USBH_MSC_Read10                          0x08002091   Thumb Code   204  usbh_msc_scsi.o(i.USBH_MSC_Read10)
    USBH_MSC_ReadCapacity10                  0x08002169   Thumb Code   148  usbh_msc_scsi.o(i.USBH_MSC_ReadCapacity10)
    USBH_MSC_RequestSense                    0x08002209   Thumb Code   146  usbh_msc_scsi.o(i.USBH_MSC_RequestSense)
    USBH_MSC_TestUnitReady                   0x080022a9   Thumb Code   116  usbh_msc_scsi.o(i.USBH_MSC_TestUnitReady)
    USBH_MSC_Write10                         0x08002329   Thumb Code   148  usbh_msc_scsi.o(i.USBH_MSC_Write10)
    USBH_Modify_Channel                      0x080023c5   Thumb Code    50  usbh_hcs.o(i.USBH_Modify_Channel)
    USBH_OTG_ISR_Handler                     0x080023f7   Thumb Code   168  usb_hcd_int.o(i.USBH_OTG_ISR_Handler)
    USBH_Open_Channel                        0x0800249f   Thumb Code    80  usbh_hcs.o(i.USBH_Open_Channel)
    USBH_Process                             0x080025d9   Thumb Code   426  usbh_core.o(i.USBH_Process)
    USBH_SetAddress                          0x08002783   Thumb Code    24  usbh_stdreq.o(i.USBH_SetAddress)
    USBH_SetCfg                              0x0800279b   Thumb Code    24  usbh_stdreq.o(i.USBH_SetCfg)
    USBH_USR_Configuration_DescAvailable     0x080027b3   Thumb Code     2  usbh_usr.o(i.USBH_USR_Configuration_DescAvailable)
    USBH_USR_DeInit                          0x080027b5   Thumb Code     8  usbh_usr.o(i.USBH_USR_DeInit)
    USBH_USR_DeviceAddressAssigned           0x080027c1   Thumb Code     2  usbh_usr.o(i.USBH_USR_DeviceAddressAssigned)
    USBH_USR_DeviceAttached                  0x080027c5   Thumb Code   118  usbh_usr.o(i.USBH_USR_DeviceAttached)
    USBH_USR_DeviceDisconnected              0x08002845   Thumb Code    34  usbh_usr.o(i.USBH_USR_DeviceDisconnected)
    USBH_USR_DeviceNotSupported              0x0800286d   Thumb Code     2  usbh_usr.o(i.USBH_USR_DeviceNotSupported)
    USBH_USR_DeviceSpeedDetected             0x0800286f   Thumb Code     2  usbh_usr.o(i.USBH_USR_DeviceSpeedDetected)
    USBH_USR_Device_DescAvailable            0x08002871   Thumb Code     2  usbh_usr.o(i.USBH_USR_Device_DescAvailable)
    USBH_USR_EnumerationDone                 0x08002873   Thumb Code    18  usbh_usr.o(i.USBH_USR_EnumerationDone)
    USBH_USR_Init                            0x08002885   Thumb Code     2  usbh_usr.o(i.USBH_USR_Init)
    USBH_USR_MSC_Application                 0x08002889   Thumb Code    62  usbh_usr.o(i.USBH_USR_MSC_Application)
    USBH_USR_Manufacturer_String             0x080028d5   Thumb Code     2  usbh_usr.o(i.USBH_USR_Manufacturer_String)
    USBH_USR_OverCurrentDetected             0x080028d7   Thumb Code     2  usbh_usr.o(i.USBH_USR_OverCurrentDetected)
    USBH_USR_Product_String                  0x080028d9   Thumb Code     2  usbh_usr.o(i.USBH_USR_Product_String)
    USBH_USR_ResetDevice                     0x080028db   Thumb Code     2  usbh_usr.o(i.USBH_USR_ResetDevice)
    USBH_USR_SerialNum_String                0x080028dd   Thumb Code     2  usbh_usr.o(i.USBH_USR_SerialNum_String)
    USBH_USR_UnrecoveredError                0x080028df   Thumb Code     2  usbh_usr.o(i.USBH_USR_UnrecoveredError)
    USBH_USR_UserInput                       0x080028e1   Thumb Code     4  usbh_usr.o(i.USBH_USR_UserInput)
    USB_OTG_BSP_ConfigVBUS                   0x080028e5   Thumb Code    60  usb_bsp.o(i.USB_OTG_BSP_ConfigVBUS)
    USB_OTG_BSP_DriveVBUS                    0x08002925   Thumb Code    18  usb_bsp.o(i.USB_OTG_BSP_DriveVBUS)
    USB_OTG_BSP_EnableInterrupt              0x0800293d   Thumb Code    64  usb_bsp.o(i.USB_OTG_BSP_EnableInterrupt)
    USB_OTG_BSP_Init                         0x0800297d   Thumb Code   180  usb_bsp.o(i.USB_OTG_BSP_Init)
    USB_OTG_BSP_TimerIRQ                     0x08002a35   Thumb Code    50  usb_bsp.o(i.USB_OTG_BSP_TimerIRQ)
    USB_OTG_BSP_mDelay                       0x08002a6d   Thumb Code     6  usb_bsp.o(i.USB_OTG_BSP_mDelay)
    USB_OTG_BSP_uDelay                       0x08002a73   Thumb Code     6  usb_bsp.o(i.USB_OTG_BSP_uDelay)
    USB_OTG_CoreInit                         0x08002a79   Thumb Code   218  usb_core.o(i.USB_OTG_CoreInit)
    USB_OTG_CoreInitHost                     0x08002b55   Thumb Code   150  usb_core.o(i.USB_OTG_CoreInitHost)
    USB_OTG_DisableGlobalInt                 0x08002c45   Thumb Code    16  usb_core.o(i.USB_OTG_DisableGlobalInt)
    USB_OTG_DriveVbus                        0x08002c55   Thumb Code    52  usb_core.o(i.USB_OTG_DriveVbus)
    USB_OTG_EnableGlobalInt                  0x08002c89   Thumb Code    16  usb_core.o(i.USB_OTG_EnableGlobalInt)
    USB_OTG_EnableHostInt                    0x08002c99   Thumb Code    62  usb_core.o(i.USB_OTG_EnableHostInt)
    USB_OTG_FlushRxFifo                      0x08002cdd   Thumb Code    52  usb_core.o(i.USB_OTG_FlushRxFifo)
    USB_OTG_FlushTxFifo                      0x08002d15   Thumb Code    60  usb_core.o(i.USB_OTG_FlushTxFifo)
    USB_OTG_HC_DoPing                        0x08002d55   Thumb Code    42  usb_core.o(i.USB_OTG_HC_DoPing)
    USB_OTG_HC_Halt                          0x08002d7f   Thumb Code    60  usb_core.o(i.USB_OTG_HC_Halt)
    USB_OTG_HC_Init                          0x08002dbb   Thumb Code   236  usb_core.o(i.USB_OTG_HC_Init)
    USB_OTG_HC_StartXfer                     0x08002ea7   Thumb Code   258  usb_core.o(i.USB_OTG_HC_StartXfer)
    USB_OTG_InitFSLSPClkSel                  0x08002fa9   Thumb Code    12  usb_core.o(i.USB_OTG_InitFSLSPClkSel)
    USB_OTG_IsEvenFrame                      0x08002fb5   Thumb Code    12  usb_core.o(i.USB_OTG_IsEvenFrame)
    USB_OTG_IsHostMode                       0x08002fc1   Thumb Code    14  usb_core.o(i.USB_OTG_IsHostMode)
    USB_OTG_ReadCoreItr                      0x08002fcf   Thumb Code    10  usb_core.o(i.USB_OTG_ReadCoreItr)
    USB_OTG_ReadHPRT0                        0x08002fd9   Thumb Code    12  usb_core.o(i.USB_OTG_ReadHPRT0)
    USB_OTG_ReadHostAllChannels_intr         0x08002fe5   Thumb Code     6  usb_core.o(i.USB_OTG_ReadHostAllChannels_intr)
    USB_OTG_ReadPacket                       0x08002feb   Thumb Code    32  usb_core.o(i.USB_OTG_ReadPacket)
    USB_OTG_ResetPort                        0x0800300b   Thumb Code    42  usb_core.o(i.USB_OTG_ResetPort)
    USB_OTG_SelectCore                       0x08003035   Thumb Code   188  usb_core.o(i.USB_OTG_SelectCore)
    USB_OTG_SetCurrentMode                   0x080030f5   Thumb Code    42  usb_core.o(i.USB_OTG_SetCurrentMode)
    USB_OTG_WritePacket                      0x08003e89   Thumb Code    40  usb_core.o(i.USB_OTG_WritePacket)
    UsageFault_Handler                       0x08003eb1   Thumb Code     2  stm32f4xx_it.o(i.UsageFault_Handler)
    __scatterload_copy                       0x08003eb3   Thumb Code    14  handlers.o(i.__scatterload_copy)
    __scatterload_null                       0x08003ec1   Thumb Code     2  handlers.o(i.__scatterload_null)
    __scatterload_zeroinit                   0x08003ec3   Thumb Code    14  handlers.o(i.__scatterload_zeroinit)
    chk_mounted                              0x08003f2d   Thumb Code   472  ff.o(i.chk_mounted)
    clust2sect                               0x08004111   Thumb Code    24  ff.o(i.clust2sect)
    dec_to_chr                               0x080042a5   Thumb Code    76  usbh_usr.o(i.dec_to_chr)
    disk_initialize                          0x080044fd   Thumb Code    24  usbh_msc_fatfs.o(i.disk_initialize)
    disk_ioctl                               0x0800451d   Thumb Code    56  usbh_msc_fatfs.o(i.disk_ioctl)
    disk_read                                0x0800455d   Thumb Code    86  usbh_msc_fatfs.o(i.disk_read)
    disk_status                              0x080045c1   Thumb Code    12  usbh_msc_fatfs.o(i.disk_status)
    disk_write                               0x080045d1   Thumb Code    96  usbh_msc_fatfs.o(i.disk_write)
    f_close                                  0x0800463d   Thumb Code    18  ff.o(i.f_close)
    f_lseek                                  0x0800464f   Thumb Code   344  ff.o(i.f_lseek)
    f_mount                                  0x080047a9   Thumb Code    26  ff.o(i.f_mount)
    f_open                                   0x080047c9   Thumb Code   330  ff.o(i.f_open)
    f_sync                                   0x08004913   Thumb Code   164  ff.o(i.f_sync)
    f_write                                  0x080049b7   Thumb Code   430  ff.o(i.f_write)
    get_fat                                  0x08004c21   Thumb Code   206  ff.o(i.get_fat)
    get_fattime                              0x08004cef   Thumb Code     4  fattime.o(i.get_fattime)
    main                                     0x08004cf5   Thumb Code   280  main.o(i.main)
    put_fat                                  0x08004eb7   Thumb Code   306  ff.o(i.put_fat)
    rtc_Get                                  0x0800504d   Thumb Code   134  rtc.o(i.rtc_Get)
    rtc_Init                                 0x080050d9   Thumb Code   170  rtc.o(i.rtc_Init)
    rtc_Reset                                0x08005199   Thumb Code    42  rtc.o(i.rtc_Reset)
    BUTTON_PORT_SOURCE                       0x080052a4   Data           1  stm32f4_discovery.o(.constdata)
    BUTTON_PIN_SOURCE                        0x080052a5   Data           1  stm32f4_discovery.o(.constdata)
    BUTTON_IRQn                              0x080052a6   Data           1  stm32f4_discovery.o(.constdata)
    BUTTON_PIN                               0x080052a8   Data           2  stm32f4_discovery.o(.constdata)
    BUTTON_EXTI_LINE                         0x080052aa   Data           2  stm32f4_discovery.o(.constdata)
    BUTTON_CLK                               0x080052ac   Data           4  stm32f4_discovery.o(.constdata)
    GPIO_PIN                                 0x080052b0   Data           8  stm32f4_discovery.o(.constdata)
    GPIO_CLK                                 0x080052b8   Data          16  stm32f4_discovery.o(.constdata)
    Region$$Table$$Base                      0x0800538c   Number         0  anon$$obj.o(Region$$Table)
    Region$$Table$$Limit                     0x080053ac   Number         0  anon$$obj.o(Region$$Table)
    RepeatState                              0x20000000   Data           1  main.o(.data)
    CCR_Val                                  0x20000002   Data           2  main.o(.data)
    ADC3ConvertedValue                       0x20000004   Data           2  main.o(.data)
    tick                                     0x20000008   Data           4  main.o(.data)
    number_buff                              0x2000000c   Data           1  main.o(.data)
    time_label                               0x2000000e   Data           2  main.o(.data)
    por                                      0x20000010   Data           2  main.o(.data)
    sm                                       0x20000012   Data           1  main.o(.data)
    cnt                                      0x20000014   Data           2  main.o(.data)
    kol_zap                                  0x20000016   Data           2  main.o(.data)
    file_cr                                  0x20000018   Data           1  main.o(.data)
    buffering                                0x20000019   Data           1  main.o(.data)
    del                                      0x2000001a   Data           2  main.o(.data)
    minute                                   0x2000001c   Data           2  main.o(.data)
    pred_minute                              0x2000001e   Data           2  main.o(.data)
    kol_average                              0x20000020   Data           1  main.o(.data)
    DT_zap                                   0x20000021   Data           7  main.o(.data)
    bytesWritten                             0x20000028   Data           2  main.o(.data)
    SystemCoreClock                          0x2000002c   Data           4  system_stm32f4xx.o(.data)
    AHBPrescTable                            0x20000030   Data          16  system_stm32f4xx.o(.data)
    BSP_delay                                0x20000040   Data           4  usb_bsp.o(.data)
    file_name                                0x20000045   Data          10  usbh_usr.o(.data)
    Command_index                            0x2000004f   Data           1  usbh_usr.o(.data)
    USR_Callbacks                            0x20000050   Data          72  usbh_usr.o(.data)
    PauseResumeStatus                        0x20000098   Data           1  stm32f4xx_it.o(.data)
    Count                                    0x20000099   Data           1  stm32f4xx_it.o(.data)
    capture                                  0x2000009a   Data           2  stm32f4xx_it.o(.data)
    Time_Rec_Base                            0x2000009c   Data           2  stm32f4xx_it.o(.data)
    DT1                                      0x2000009e   Data           7  stm32f4xx_it.o(.data)
    LED_Toggle                               0x200000a5   Data           1  stm32f4xx_it.o(.data)
    BUTTON_PORT                              0x200000a8   Data           4  stm32f4_discovery.o(.data)
    GPIO_PORT                                0x200000ac   Data          16  stm32f4_discovery.o(.data)
    USBH_DeviceConnStatus_cb                 0x200000d0   Data          12  usbh_core.o(.data)
    MSCErrorCount                            0x200000ec   Data           1  usbh_msc_core.o(.data)
    USBH_MSC_cb                              0x200000f0   Data          16  usbh_msc_core.o(.data)
    USB_OTG_Core                             0x2000010c   Data        1200  main.o(.bss)
    USB_Host                                 0x200005bc   Data         132  main.o(.bss)
    RCC_Clocks                               0x20000640   Data          16  main.o(.bss)
    kor                                      0x20000650   Data          80  main.o(.bss)
    Buf_adc_zap1                             0x200006a0   Data        2000  main.o(.bss)
    Buf_adc_zap2                             0x20000e70   Data        2000  main.o(.bss)
    Buf_zap                                  0x20001640   Data        6000  main.o(.bss)
    average                                  0x20002db0   Data          20  main.o(.bss)
    summa                                    0x20002dc4   Data          20  main.o(.bss)
    fz                                       0x20002dd8   Data          20  main.o(.bss)
    fz_average                               0x20002dec   Data          20  main.o(.bss)
    max                                      0x20002e00   Data          20  main.o(.bss)
    fatfs                                    0x20002e14   Data        1072  usbh_usr.o(.bss)
    file                                     0x20003244   Data        1060  usbh_usr.o(.bss)
    USBH_MSC_CBWData                         0x20003668   Data          32  usbh_msc_bot.o(.bss)
    USBH_MSC_CSWData                         0x20003688   Data          16  usbh_msc_bot.o(.bss)
    USBH_MSC_BOTXferParam                    0x20003698   Data          16  usbh_msc_bot.o(.bss)
    MSC_Machine                              0x200036a8   Data          74  usbh_msc_core.o(.bss)
    USBH_MSC_Param                           0x200036f4   Data          16  usbh_msc_scsi.o(.bss)
    USBH_DataInBuffer                        0x20003704   Data         512  usbh_msc_scsi.o(.bss)
    __initial_sp                             0x20003d08   Data           0  startup_stm32f4xx.o(STACK)



==============================================================================

Memory Map of the image

  Image Entry point : 0x08000189

  Load Region LR_IROM1 (Base: 0x08000000, Size: 0x000054b8, Max: 0x00100000, ABSOLUTE)

    Execution Region ER_IROM1 (Base: 0x08000000, Size: 0x000053ac, Max: 0x00100000, ABSOLUTE)

    Base Addr    Size         Type   Attr      Idx    E Section Name        Object

    0x08000000   0x00000188   Data   RO         3362    RESET               startup_stm32f4xx.o
    0x08000188   0x00000000   Code   RO         4410  * .ARM.Collect$$$$00000000  mc_w.l(entry.o)
    0x08000188   0x00000004   Code   RO         4413    .ARM.Collect$$$$00000001  mc_w.l(entry2.o)
    0x0800018c   0x00000004   Code   RO         4416    .ARM.Collect$$$$00000004  mc_w.l(entry5.o)
    0x08000190   0x00000000   Code   RO         4418    .ARM.Collect$$$$00000008  mc_w.l(entry7b.o)
    0x08000190   0x00000000   Code   RO         4420    .ARM.Collect$$$$0000000A  mc_w.l(entry8b.o)
    0x08000190   0x00000008   Code   RO         4421    .ARM.Collect$$$$0000000B  mc_w.l(entry9a.o)
    0x08000198   0x00000000   Code   RO         4423    .ARM.Collect$$$$0000000D  mc_w.l(entry10a.o)
    0x08000198   0x00000000   Code   RO         4425    .ARM.Collect$$$$0000000F  mc_w.l(entry11a.o)
    0x08000198   0x00000004   Code   RO         4414    .ARM.Collect$$$$00002712  mc_w.l(entry2.o)
    0x0800019c   0x00000024   Code   RO         3363    .text               startup_stm32f4xx.o
    0x080001c0   0x00000024   Code   RO         4427    .text               mc_w.l(init.o)
    0x080001e4   0x000000d4   Code   RO          210    i.ADC3_CH12_DMA_Config  main.o
    0x080002b8   0x00000014   Code   RO          974    i.ADC_Cmd           stm32f4xx_adc.o
    0x080002cc   0x00000028   Code   RO          975    i.ADC_CommonInit    stm32f4xx_adc.o
    0x080002f4   0x00000014   Code   RO          978    i.ADC_DMACmd        stm32f4xx_adc.o
    0x08000308   0x00000014   Code   RO          979    i.ADC_DMARequestAfterLastTransferCmd  stm32f4xx_adc.o
    0x0800031c   0x0000004c   Code   RO          994    i.ADC_Init          stm32f4xx_adc.o
    0x08000368   0x00000074   Code   RO          999    i.ADC_RegularChannelConfig  stm32f4xx_adc.o
    0x080003dc   0x0000000a   Code   RO         1001    i.ADC_SoftwareStartConv  stm32f4xx_adc.o
    0x080003e6   0x00000002   PAD
    0x080003e8   0x00000024   Code   RO          436    i.BSP_Delay         usb_bsp.o
    0x0800040c   0x0000006a   Code   RO          438    i.BSP_SetTime       usb_bsp.o
    0x08000476   0x00000002   Code   RO          664    i.BusFault_Handler  stm32f4xx_it.o
    0x08000478   0x00000290   Code   RO          508    i.COMMAND_AudioExecuteApplication  usbh_usr.o
    0x08000708   0x00000014   Code   RO         1320    i.DMA_Cmd           stm32f4xx_dma.o
    0x0800071c   0x00000054   Code   RO         1332    i.DMA_Init          stm32f4xx_dma.o
    0x08000770   0x00000002   Code   RO          665    i.DebugMon_Handler  stm32f4xx_it.o
    0x08000772   0x00000002   PAD
    0x08000774   0x00000034   Code   RO          666    i.EXTI0_IRQHandler  stm32f4xx_it.o
    0x080007a8   0x00000034   Code   RO          667    i.EXTI1_IRQHandler  stm32f4xx_it.o
    0x080007dc   0x0000000c   Code   RO         1443    i.EXTI_ClearITPendingBit  stm32f4xx_exti.o
    0x080007e8   0x00000020   Code   RO         1447    i.EXTI_GetITStatus  stm32f4xx_exti.o
    0x08000808   0x00000070   Code   RO         1448    i.EXTI_Init         stm32f4xx_exti.o
    0x08000878   0x000000a2   Code   RO         1501    i.GPIO_Init         stm32f4xx_gpio.o
    0x0800091a   0x00000020   Code   RO         1502    i.GPIO_PinAFConfig  stm32f4xx_gpio.o
    0x0800093a   0x00000004   Code   RO         1508    i.GPIO_ResetBits    stm32f4xx_gpio.o
    0x0800093e   0x00000004   Code   RO         1509    i.GPIO_SetBits      stm32f4xx_gpio.o
    0x08000942   0x00000008   Code   RO         3554    i.HCD_GetCurrentFrame  usb_hcd.o
    0x0800094a   0x0000000c   Code   RO         3555    i.HCD_GetCurrentSpeed  usb_hcd.o
    0x08000956   0x00000008   Code   RO         3557    i.HCD_GetURB_State  usb_hcd.o
    0x0800095e   0x0000000a   Code   RO         3558    i.HCD_GetXferCnt    usb_hcd.o
    0x08000968   0x00000056   Code   RO         3560    i.HCD_Init          usb_hcd.o
    0x080009be   0x00000006   Code   RO         3561    i.HCD_IsDeviceConnected  usb_hcd.o
    0x080009c4   0x0000000a   Code   RO         3562    i.HCD_ResetPort     usb_hcd.o
    0x080009ce   0x00000014   Code   RO         3563    i.HCD_SubmitRequest  usb_hcd.o
    0x080009e2   0x00000002   Code   RO          668    i.HardFault_Handler  stm32f4xx_it.o
    0x080009e4   0x00000002   Code   RO          669    i.MemManage_Handler  stm32f4xx_it.o
    0x080009e6   0x00000026   Code   RO          670    i.NMI_Handler       stm32f4xx_it.o
    0x08000a0c   0x00000064   Code   RO          925    i.NVIC_Init         misc.o
    0x08000a70   0x00000014   Code   RO          926    i.NVIC_PriorityGroupConfig  misc.o
    0x08000a84   0x00000014   Code   RO          927    i.NVIC_SetVectorTable  misc.o
    0x08000a98   0x0000000c   Code   RO          671    i.OTG_FS_IRQHandler  stm32f4xx_it.o
    0x08000aa4   0x00000002   Code   RO          672    i.PendSV_Handler    stm32f4xx_it.o
    0x08000aa6   0x00000002   PAD
    0x08000aa8   0x00000018   Code   RO         1802    i.RCC_AHB1PeriphClockCmd  stm32f4xx_rcc.o
    0x08000ac0   0x00000018   Code   RO         1805    i.RCC_AHB2PeriphClockCmd  stm32f4xx_rcc.o
    0x08000ad8   0x00000018   Code   RO         1811    i.RCC_APB1PeriphClockCmd  stm32f4xx_rcc.o
    0x08000af0   0x00000018   Code   RO         1814    i.RCC_APB2PeriphClockCmd  stm32f4xx_rcc.o
    0x08000b08   0x0000000c   Code   RO         1820    i.RCC_ClearITPendingBit  stm32f4xx_rcc.o
    0x08000b14   0x0000000c   Code   RO         1821    i.RCC_ClockSecuritySystemCmd  stm32f4xx_rcc.o
    0x08000b20   0x00000090   Code   RO         1823    i.RCC_GetClocksFreq  stm32f4xx_rcc.o
    0x08000bb0   0x00000034   Code   RO         1824    i.RCC_GetFlagStatus  stm32f4xx_rcc.o
    0x08000be4   0x00000014   Code   RO         1825    i.RCC_GetITStatus   stm32f4xx_rcc.o
    0x08000bf8   0x00000010   Code   RO         1828    i.RCC_HSEConfig     stm32f4xx_rcc.o
    0x08000c08   0x00000044   Code   RO          673    i.RCC_IRQHandler    stm32f4xx_it.o
    0x08000c4c   0x00000018   Code   RO         1831    i.RCC_ITConfig      stm32f4xx_rcc.o
    0x08000c64   0x00000014   Code   RO         1835    i.RCC_MCO2Config    stm32f4xx_rcc.o
    0x08000c78   0x0000000c   Code   RO         1838    i.RCC_PLLCmd        stm32f4xx_rcc.o
    0x08000c84   0x00000014   Code   RO         1844    i.RCC_SYSCLKConfig  stm32f4xx_rcc.o
    0x08000c98   0x00000048   Code   RO          785    i.STM_EVAL_LEDInit  stm32f4_discovery.o
    0x08000ce0   0x00000018   Code   RO          786    i.STM_EVAL_LEDOff   stm32f4_discovery.o
    0x08000cf8   0x00000018   Code   RO          787    i.STM_EVAL_LEDOn    stm32f4_discovery.o
    0x08000d10   0x00000098   Code   RO          790    i.STM_EVAL_PBInit   stm32f4_discovery.o
    0x08000da8   0x00000002   Code   RO          674    i.SVC_Handler       stm32f4xx_it.o
    0x08000daa   0x00000002   PAD
    0x08000dac   0x00000028   Code   RO         2591    i.SYSCFG_EXTILineConfig  stm32f4xx_syscfg.o
    0x08000dd4   0x000000d8   Code   RO          384    i.SetSysClock       system_stm32f4xx.o
    0x08000eac   0x0000012c   Code   RO          675    i.SysTick_Handler   stm32f4xx_it.o
    0x08000fd8   0x00000050   Code   RO          386    i.SystemInit        system_stm32f4xx.o
    0x08001028   0x00000004   Code   RO          676    i.TIM2_IRQHandler   stm32f4xx_it.o
    0x0800102c   0x00000044   Code   RO          677    i.TIM4_IRQHandler   stm32f4xx_it.o
    0x08001070   0x00000014   Code   RO         2636    i.TIM_ARRPreloadConfig  stm32f4xx_tim.o
    0x08001084   0x00000006   Code   RO         2643    i.TIM_ClearITPendingBit  stm32f4xx_tim.o
    0x0800108a   0x00000014   Code   RO         2648    i.TIM_Cmd           stm32f4xx_tim.o
    0x0800109e   0x00000004   Code   RO         2663    i.TIM_GetCapture1   stm32f4xx_tim.o
    0x080010a2   0x00000018   Code   RO         2669    i.TIM_GetITStatus   stm32f4xx_tim.o
    0x080010ba   0x00000010   Code   RO         2673    i.TIM_ITConfig      stm32f4xx_tim.o
    0x080010ca   0x00000002   PAD
    0x080010cc   0x000000bc   Code   RO          211    i.TIM_LED_Config    main.o
    0x08001188   0x00000060   Code   RO         2677    i.TIM_OC1Init       stm32f4xx_tim.o
    0x080011e8   0x0000000c   Code   RO         2680    i.TIM_OC1PreloadConfig  stm32f4xx_tim.o
    0x080011f4   0x00000004   Code   RO         2710    i.TIM_SetCompare1   stm32f4xx_tim.o
    0x080011f8   0x0000007c   Code   RO         2720    i.TIM_TimeBaseInit  stm32f4xx_tim.o
    0x08001274   0x000000a8   Code   RO          212    i.USART1_IRQHandler  main.o
    0x0800131c   0x0000000c   Code   RO         3178    i.USART_ClearITPendingBit  stm32f4xx_usart.o
    0x08001328   0x0000003e   Code   RO         3185    i.USART_GetITStatus  stm32f4xx_usart.o
    0x08001366   0x00000008   Code   RO         3195    i.USART_ReceiveData  stm32f4xx_usart.o
    0x0800136e   0x00000008   Code   RO         3198    i.USART_SendData    stm32f4xx_usart.o
    0x08001376   0x00000034   Code   RO         3771    i.USBH_Alloc_Channel  usbh_hcs.o
    0x080013aa   0x00000026   Code   RO         3811    i.USBH_BulkReceiveData  usbh_ioreq.o
    0x080013d0   0x00000028   Code   RO         3812    i.USBH_BulkSendData  usbh_ioreq.o
    0x080013f8   0x0000002e   Code   RO         4013    i.USBH_ClrFeature   usbh_stdreq.o
    0x08001426   0x00000012   Code   RO         3696    i.USBH_Connect      usbh_core.o
    0x08001438   0x00000022   Code   RO         3813    i.USBH_CtlReceiveData  usbh_ioreq.o
    0x0800145a   0x00000050   Code   RO         3814    i.USBH_CtlReq       usbh_ioreq.o
    0x080014aa   0x00000036   Code   RO         3815    i.USBH_CtlSendData  usbh_ioreq.o
    0x080014e0   0x00000024   Code   RO         3816    i.USBH_CtlSendSetup  usbh_ioreq.o
    0x08001504   0x00000018   Code   RO         3772    i.USBH_DeAllocate_AllChannel  usbh_hcs.o
    0x0800151c   0x00000034   Code   RO         3697    i.USBH_DeInit       usbh_core.o
    0x08001550   0x00000012   Code   RO         3698    i.USBH_Disconnect   usbh_core.o
    0x08001562   0x0000002c   Code   RO         3699    i.USBH_ErrorHandle  usbh_core.o
    0x0800158e   0x0000001a   Code   RO         3773    i.USBH_Free_Channel  usbh_hcs.o
    0x080015a8   0x00000030   Code   RO         4014    i.USBH_GetDescriptor  usbh_stdreq.o
    0x080015d8   0x0000000e   Code   RO         4015    i.USBH_GetNextDesc  usbh_stdreq.o
    0x080015e6   0x0000003a   Code   RO         4016    i.USBH_Get_CfgDesc  usbh_stdreq.o
    0x08001620   0x00000084   Code   RO         4017    i.USBH_Get_DevDesc  usbh_stdreq.o
    0x080016a4   0x00000048   Code   RO         4018    i.USBH_Get_StringDesc  usbh_stdreq.o
    0x080016ec   0x000001d0   Code   RO         3700    i.USBH_HandleControl  usbh_core.o
    0x080018bc   0x00000194   Code   RO         3701    i.USBH_HandleEnum   usbh_core.o
    0x08001a50   0x00000054   Code   RO         3702    i.USBH_Init         usbh_core.o
    0x08001aa4   0x00000038   Code   RO         3869    i.USBH_MSC_BOT_Abort  usbh_msc_bot.o
    0x08001adc   0x0000000c   Code   RO         3918    i.USBH_MSC_ClassRequest  usbh_msc_core.o
    0x08001ae8   0x0000005c   Code   RO         3870    i.USBH_MSC_DecodeCSW  usbh_msc_bot.o
    0x08001b44   0x00000034   Code   RO         3919    i.USBH_MSC_ErrorHandle  usbh_msc_core.o
    0x08001b78   0x00000164   Code   RO         3920    i.USBH_MSC_Handle   usbh_msc_core.o
    0x08001cdc   0x00000204   Code   RO         3871    i.USBH_MSC_HandleBOTXfer  usbh_msc_bot.o
    0x08001ee0   0x0000003c   Code   RO         3872    i.USBH_MSC_Init     usbh_msc_bot.o
    0x08001f1c   0x00000038   Code   RO         3921    i.USBH_MSC_InterfaceDeInit  usbh_msc_core.o
    0x08001f54   0x000000a0   Code   RO         3922    i.USBH_MSC_InterfaceInit  usbh_msc_core.o
    0x08001ff4   0x0000009c   Code   RO         4075    i.USBH_MSC_ModeSense6  usbh_msc_scsi.o
    0x08002090   0x000000d8   Code   RO         4076    i.USBH_MSC_Read10   usbh_msc_scsi.o
    0x08002168   0x000000a0   Code   RO         4077    i.USBH_MSC_ReadCapacity10  usbh_msc_scsi.o
    0x08002208   0x000000a0   Code   RO         4078    i.USBH_MSC_RequestSense  usbh_msc_scsi.o
    0x080022a8   0x00000080   Code   RO         4079    i.USBH_MSC_TestUnitReady  usbh_msc_scsi.o
    0x08002328   0x0000009c   Code   RO         4080    i.USBH_MSC_Write10  usbh_msc_scsi.o
    0x080023c4   0x00000032   Code   RO         3774    i.USBH_Modify_Channel  usbh_hcs.o
    0x080023f6   0x000000a8   Code   RO         3627    i.USBH_OTG_ISR_Handler  usb_hcd_int.o
    0x0800249e   0x00000050   Code   RO         3775    i.USBH_Open_Channel  usbh_hcs.o
    0x080024ee   0x000000ea   Code   RO         4019    i.USBH_ParseCfgDesc  usbh_stdreq.o
    0x080025d8   0x000001aa   Code   RO         3703    i.USBH_Process      usbh_core.o
    0x08002782   0x00000018   Code   RO         4020    i.USBH_SetAddress   usbh_stdreq.o
    0x0800279a   0x00000018   Code   RO         4021    i.USBH_SetCfg       usbh_stdreq.o
    0x080027b2   0x00000002   Code   RO          509    i.USBH_USR_Configuration_DescAvailable  usbh_usr.o
    0x080027b4   0x0000000c   Code   RO          510    i.USBH_USR_DeInit   usbh_usr.o
    0x080027c0   0x00000002   Code   RO          511    i.USBH_USR_DeviceAddressAssigned  usbh_usr.o
    0x080027c2   0x00000002   PAD
    0x080027c4   0x00000080   Code   RO          512    i.USBH_USR_DeviceAttached  usbh_usr.o
    0x08002844   0x00000028   Code   RO          513    i.USBH_USR_DeviceDisconnected  usbh_usr.o
    0x0800286c   0x00000002   Code   RO          514    i.USBH_USR_DeviceNotSupported  usbh_usr.o
    0x0800286e   0x00000002   Code   RO          515    i.USBH_USR_DeviceSpeedDetected  usbh_usr.o
    0x08002870   0x00000002   Code   RO          516    i.USBH_USR_Device_DescAvailable  usbh_usr.o
    0x08002872   0x00000012   Code   RO          517    i.USBH_USR_EnumerationDone  usbh_usr.o
    0x08002884   0x00000002   Code   RO          518    i.USBH_USR_Init     usbh_usr.o
    0x08002886   0x00000002   PAD
    0x08002888   0x0000004c   Code   RO          519    i.USBH_USR_MSC_Application  usbh_usr.o
    0x080028d4   0x00000002   Code   RO          520    i.USBH_USR_Manufacturer_String  usbh_usr.o
    0x080028d6   0x00000002   Code   RO          521    i.USBH_USR_OverCurrentDetected  usbh_usr.o
    0x080028d8   0x00000002   Code   RO          522    i.USBH_USR_Product_String  usbh_usr.o
    0x080028da   0x00000002   Code   RO          523    i.USBH_USR_ResetDevice  usbh_usr.o
    0x080028dc   0x00000002   Code   RO          524    i.USBH_USR_SerialNum_String  usbh_usr.o
    0x080028de   0x00000002   Code   RO          525    i.USBH_USR_UnrecoveredError  usbh_usr.o
    0x080028e0   0x00000004   Code   RO          526    i.USBH_USR_UserInput  usbh_usr.o
    0x080028e4   0x00000040   Code   RO          439    i.USB_OTG_BSP_ConfigVBUS  usb_bsp.o
    0x08002924   0x00000018   Code   RO          440    i.USB_OTG_BSP_DriveVBUS  usb_bsp.o
    0x0800293c   0x00000040   Code   RO          441    i.USB_OTG_BSP_EnableInterrupt  usb_bsp.o
    0x0800297c   0x000000b8   Code   RO          442    i.USB_OTG_BSP_Init  usb_bsp.o
    0x08002a34   0x00000038   Code   RO          443    i.USB_OTG_BSP_TimerIRQ  usb_bsp.o
    0x08002a6c   0x00000006   Code   RO          444    i.USB_OTG_BSP_mDelay  usb_bsp.o
    0x08002a72   0x00000006   Code   RO          445    i.USB_OTG_BSP_uDelay  usb_bsp.o
    0x08002a78   0x000000da   Code   RO         3368    i.USB_OTG_CoreInit  usb_core.o
    0x08002b52   0x00000002   PAD
    0x08002b54   0x00000096   Code   RO         3369    i.USB_OTG_CoreInitHost  usb_core.o
    0x08002bea   0x00000002   PAD
    0x08002bec   0x00000058   Code   RO         3370    i.USB_OTG_CoreReset  usb_core.o
    0x08002c44   0x00000010   Code   RO         3371    i.USB_OTG_DisableGlobalInt  usb_core.o
    0x08002c54   0x00000034   Code   RO         3372    i.USB_OTG_DriveVbus  usb_core.o
    0x08002c88   0x00000010   Code   RO         3373    i.USB_OTG_EnableGlobalInt  usb_core.o
    0x08002c98   0x00000044   Code   RO         3374    i.USB_OTG_EnableHostInt  usb_core.o
    0x08002cdc   0x00000038   Code   RO         3375    i.USB_OTG_FlushRxFifo  usb_core.o
    0x08002d14   0x00000040   Code   RO         3376    i.USB_OTG_FlushTxFifo  usb_core.o
    0x08002d54   0x0000002a   Code   RO         3378    i.USB_OTG_HC_DoPing  usb_core.o
    0x08002d7e   0x0000003c   Code   RO         3379    i.USB_OTG_HC_Halt   usb_core.o
    0x08002dba   0x000000ec   Code   RO         3380    i.USB_OTG_HC_Init   usb_core.o
    0x08002ea6   0x00000102   Code   RO         3381    i.USB_OTG_HC_StartXfer  usb_core.o
    0x08002fa8   0x0000000c   Code   RO         3382    i.USB_OTG_InitFSLSPClkSel  usb_core.o
    0x08002fb4   0x0000000c   Code   RO         3384    i.USB_OTG_IsEvenFrame  usb_core.o
    0x08002fc0   0x0000000e   Code   RO         3385    i.USB_OTG_IsHostMode  usb_core.o
    0x08002fce   0x0000000a   Code   RO         3386    i.USB_OTG_ReadCoreItr  usb_core.o
    0x08002fd8   0x0000000c   Code   RO         3387    i.USB_OTG_ReadHPRT0  usb_core.o
    0x08002fe4   0x00000006   Code   RO         3388    i.USB_OTG_ReadHostAllChannels_intr  usb_core.o
    0x08002fea   0x00000020   Code   RO         3390    i.USB_OTG_ReadPacket  usb_core.o
    0x0800300a   0x0000002a   Code   RO         3391    i.USB_OTG_ResetPort  usb_core.o
    0x08003034   0x000000c0   Code   RO         3392    i.USB_OTG_SelectCore  usb_core.o
    0x080030f4   0x0000002a   Code   RO         3393    i.USB_OTG_SetCurrentMode  usb_core.o
    0x0800311e   0x0000002e   Code   RO         3628    i.USB_OTG_USBH_handle_Disconnect_ISR  usb_hcd_int.o
    0x0800314c   0x00000046   Code   RO         3629    i.USB_OTG_USBH_handle_IncompletePeriodicXfer_ISR  usb_hcd_int.o
    0x08003192   0x00000056   Code   RO         3630    i.USB_OTG_USBH_handle_hc_ISR  usb_hcd_int.o
    0x080031e8   0x00000426   Code   RO         3631    i.USB_OTG_USBH_handle_hc_n_In_ISR  usb_hcd_int.o
    0x0800360e   0x00000388   Code   RO         3632    i.USB_OTG_USBH_handle_hc_n_Out_ISR  usb_hcd_int.o
    0x08003996   0x0000012c   Code   RO         3633    i.USB_OTG_USBH_handle_nptxfempty_ISR  usb_hcd_int.o
    0x08003ac2   0x00000118   Code   RO         3634    i.USB_OTG_USBH_handle_port_ISR  usb_hcd_int.o
    0x08003bda   0x0000012e   Code   RO         3635    i.USB_OTG_USBH_handle_ptxfempty_ISR  usb_hcd_int.o
    0x08003d08   0x00000164   Code   RO         3636    i.USB_OTG_USBH_handle_rx_qlvl_ISR  usb_hcd_int.o
    0x08003e6c   0x0000001c   Code   RO         3637    i.USB_OTG_USBH_handle_sof_ISR  usb_hcd_int.o
    0x08003e88   0x00000028   Code   RO         3395    i.USB_OTG_WritePacket  usb_core.o
    0x08003eb0   0x00000002   Code   RO          678    i.UsageFault_Handler  stm32f4xx_it.o
    0x08003eb2   0x0000000e   Code   RO         4431    i.__scatterload_copy  mc_w.l(handlers.o)
    0x08003ec0   0x00000002   Code   RO         4432    i.__scatterload_null  mc_w.l(handlers.o)
    0x08003ec2   0x0000000e   Code   RO         4433    i.__scatterload_zeroinit  mc_w.l(handlers.o)
    0x08003ed0   0x0000005c   Code   RO         4151    i.check_fs          ff.o
    0x08003f2c   0x000001e4   Code   RO         4152    i.chk_mounted       ff.o
    0x08004110   0x00000018   Code   RO         4153    i.clust2sect        ff.o
    0x08004128   0x00000096   Code   RO         4154    i.create_chain      ff.o
    0x080041be   0x00000002   PAD
    0x080041c0   0x000000e4   Code   RO         4155    i.create_name       ff.o
    0x080042a4   0x0000004c   Code   RO          527    i.dec_to_chr        usbh_usr.o
    0x080042f0   0x00000106   Code   RO         4156    i.dir_next          ff.o
    0x080043f6   0x00000066   Code   RO         4158    i.dir_register      ff.o
    0x0800445c   0x000000a0   Code   RO         4160    i.dir_seek          ff.o
    0x080044fc   0x00000020   Code   RO         3967    i.disk_initialize   usbh_msc_fatfs.o
    0x0800451c   0x00000040   Code   RO         3968    i.disk_ioctl        usbh_msc_fatfs.o
    0x0800455c   0x00000064   Code   RO         3969    i.disk_read         usbh_msc_fatfs.o
    0x080045c0   0x00000010   Code   RO         3970    i.disk_status       usbh_msc_fatfs.o
    0x080045d0   0x0000006c   Code   RO         3971    i.disk_write        usbh_msc_fatfs.o
    0x0800463c   0x00000012   Code   RO         4162    i.f_close           ff.o
    0x0800464e   0x00000158   Code   RO         4165    i.f_lseek           ff.o
    0x080047a6   0x00000002   PAD
    0x080047a8   0x00000020   Code   RO         4168    i.f_mount           ff.o
    0x080047c8   0x0000014a   Code   RO         4169    i.f_open            ff.o
    0x08004912   0x000000a4   Code   RO         4178    i.f_sync            ff.o
    0x080049b6   0x000001ae   Code   RO         4182    i.f_write           ff.o
    0x08004b64   0x000000bc   Code   RO         4183    i.follow_path       ff.o
    0x08004c20   0x000000ce   Code   RO         4184    i.get_fat           ff.o
    0x08004cee   0x00000004   Code   RO         4129    i.get_fattime       fattime.o
    0x08004cf2   0x00000002   PAD
    0x08004cf4   0x00000138   Code   RO          213    i.main              main.o
    0x08004e2c   0x00000012   Code   RO         4186    i.mem_cpy           ff.o
    0x08004e3e   0x0000000e   Code   RO         4187    i.mem_set           ff.o
    0x08004e4c   0x0000006a   Code   RO         4188    i.move_window       ff.o
    0x08004eb6   0x00000132   Code   RO         4189    i.put_fat           ff.o
    0x08004fe8   0x00000062   Code   RO         4190    i.remove_chain      ff.o
    0x0800504a   0x00000002   PAD
    0x0800504c   0x0000008c   Code   RO          176    i.rtc_Get           rtc.o
    0x080050d8   0x000000c0   Code   RO          177    i.rtc_Init          rtc.o
    0x08005198   0x00000034   Code   RO          178    i.rtc_Reset         rtc.o
    0x080051cc   0x000000b8   Code   RO         4191    i.sync              ff.o
    0x08005284   0x00000020   Code   RO         4192    i.validate          ff.o
    0x080052a4   0x00000024   Data   RO          791    .constdata          stm32f4_discovery.o
    0x080052c8   0x000000c2   Data   RO         4193    .constdata          ff.o
    0x0800538a   0x00000002   PAD
    0x0800538c   0x00000020   Data   RO         4429    Region$$Table       anon$$obj.o


    Execution Region RW_IRAM1 (Base: 0x20000000, Size: 0x00003d08, Max: 0x00020000, ABSOLUTE)

    Base Addr    Size         Type   Attr      Idx    E Section Name        Object

    0x20000000   0x00000006   Data   RW          223    .data               main.o
    0x20000006   0x00000002   PAD
    0x20000008   0x00000004   Data   RW          224    .data               main.o
    0x2000000c   0x00000001   Data   RW          225    .data               main.o
    0x2000000d   0x00000001   PAD
    0x2000000e   0x00000002   Data   RW          226    .data               main.o
    0x20000010   0x00000002   Data   RW          227    .data               main.o
    0x20000012   0x00000001   Data   RW          233    .data               main.o
    0x20000013   0x00000001   PAD
    0x20000014   0x00000002   Data   RW          234    .data               main.o
    0x20000016   0x00000002   Data   RW          235    .data               main.o
    0x20000018   0x00000001   Data   RW          236    .data               main.o
    0x20000019   0x00000001   Data   RW          237    .data               main.o
    0x2000001a   0x00000002   Data   RW          238    .data               main.o
    0x2000001c   0x00000002   Data   RW          239    .data               main.o
    0x2000001e   0x00000002   Data   RW          240    .data               main.o
    0x20000020   0x00000001   Data   RW          241    .data               main.o
    0x20000021   0x00000007   Data   RW          242    .data               main.o
    0x20000028   0x00000002   Data   RW          243    .data               main.o
    0x2000002a   0x00000002   PAD
    0x2000002c   0x00000014   Data   RW          387    .data               system_stm32f4xx.o
    0x20000040   0x00000004   Data   RW          446    .data               usb_bsp.o
    0x20000044   0x0000000b   Data   RW          532    .data               usbh_usr.o
    0x2000004f   0x00000001   Data   RW          534    .data               usbh_usr.o
    0x20000050   0x00000048   Data   RW          535    .data               usbh_usr.o
    0x20000098   0x0000000d   Data   RW          682    .data               stm32f4xx_it.o
    0x200000a5   0x00000001   Data   RW          683    .data               stm32f4xx_it.o
    0x200000a6   0x00000002   PAD
    0x200000a8   0x00000014   Data   RW          792    .data               stm32f4_discovery.o
    0x200000bc   0x00000010   Data   RW         1846    .data               stm32f4xx_rcc.o
    0x200000cc   0x00000010   Data   RW         3704    .data               usbh_core.o
    0x200000dc   0x00000010   Data   RW         3874    .data               usbh_msc_bot.o
    0x200000ec   0x00000002   Data   RW         3924    .data               usbh_msc_core.o
    0x200000ee   0x00000002   PAD
    0x200000f0   0x00000010   Data   RW         3925    .data               usbh_msc_core.o
    0x20000100   0x00000001   Data   RW         3972    .data               usbh_msc_fatfs.o
    0x20000101   0x00000001   Data   RW         4083    .data               usbh_msc_scsi.o
    0x20000102   0x00000002   PAD
    0x20000104   0x00000008   Data   RW         4194    .data               ff.o
    0x2000010c   0x00000594   Zero   RW          214    .bss                main.o
    0x200006a0   0x000007d0   Zero   RW          215    .bss                main.o
    0x20000e70   0x000007d0   Zero   RW          216    .bss                main.o
    0x20001640   0x00001770   Zero   RW          217    .bss                main.o
    0x20002db0   0x00000014   Zero   RW          218    .bss                main.o
    0x20002dc4   0x00000014   Zero   RW          219    .bss                main.o
    0x20002dd8   0x00000014   Zero   RW          220    .bss                main.o
    0x20002dec   0x00000014   Zero   RW          221    .bss                main.o
    0x20002e00   0x00000014   Zero   RW          222    .bss                main.o
    0x20002e14   0x00000854   Zero   RW          528    .bss                usbh_usr.o
    0x20003668   0x00000040   Zero   RW         3873    .bss                usbh_msc_bot.o
    0x200036a8   0x0000004a   Zero   RW         3923    .bss                usbh_msc_core.o
    0x200036f2   0x00000002   PAD
    0x200036f4   0x00000210   Zero   RW         4081    .bss                usbh_msc_scsi.o
    0x20003904   0x00000004   PAD
    0x20003908   0x00000400   Zero   RW         3360    STACK               startup_stm32f4xx.o


==============================================================================

Image component sizes


      Code (inc. data)   RO Data    RW Data    ZI Data      Debug   Object Name

         4          0          0          0          0       1046   fattime.o
      3972         40        194          8          0      23285   ff.o
         0          0          0          0          0     286764   gpio.o
       880         88          0         38      11528      53118   main.o
       140         26          0          0          0       3429   misc.o
       384         38          0          0          0       2405   rtc.o
        36          8        392          0       1024        724   startup_stm32f4xx.o
       272         34         36         20          0       4265   stm32f4_discovery.o
       302         20          0          0          0       4527   stm32f4xx_adc.o
       104          4          0          0          0       2093   stm32f4xx_dma.o
       156         14          0          0          0       1804   stm32f4xx_exti.o
       202          0          0          0          0       2271   stm32f4xx_gpio.o
       608        110          0         14          0       7289   stm32f4xx_it.o
       428         86          0         16          0       8399   stm32f4xx_rcc.o
        40          6          0          0          0        520   stm32f4xx_syscfg.o
       326         36          0          0          0       6309   stm32f4xx_tim.o
        90          0          0          0          0       2627   stm32f4xx_usart.o
       296         44          0         20          0       1585   system_stm32f4xx.o
       546         24          0          4          0       5064   usb_bsp.o
      1738         22          0          0          0      34241   usb_core.o
       160          0          0          0          0       4179   usb_hcd.o
      3602          0          0          0          0       9487   usb_hcd_int.o
      1510         52          0         16          0      13617   usbh_core.o
       232          0          0          0          0       3252   usbh_hcs.o
       282          0          0          0          0       3978   usbh_ioreq.o
       724         66          0         16         64       5889   usbh_msc_bot.o
       636         50          0         18         74       4773   usbh_msc_core.o
       320         46          0          1          0       4426   usbh_msc_fatfs.o
       976         72          0          1        528       6096   usbh_msc_scsi.o
       652          0          0          0          0       6199   usbh_stdreq.o
      1034         98          0         84       2132      14385   usbh_usr.o

    ----------------------------------------------------------------------
     20678        984        656        268      15356     528046   Object Totals
         0          0         32          0          0          0   (incl. Generated)
        26          0          2         12          6          0   (incl. Padding)

    ----------------------------------------------------------------------

      Code (inc. data)   RO Data    RW Data    ZI Data      Debug   Library Member Name

         0          0          0          0          0          0   entry.o
         0          0          0          0          0          0   entry10a.o
         0          0          0          0          0          0   entry11a.o
         8          4          0          0          0          0   entry2.o
         4          0          0          0          0          0   entry5.o
         0          0          0          0          0          0   entry7b.o
         0          0          0          0          0          0   entry8b.o
         8          4          0          0          0          0   entry9a.o
        30          0          0          0          0          0   handlers.o
        36          8          0          0          0         68   init.o

    ----------------------------------------------------------------------
        86         16          0          0          0         68   Library Totals
         0          0          0          0          0          0   (incl. Padding)

    ----------------------------------------------------------------------

      Code (inc. data)   RO Data    RW Data    ZI Data      Debug   Library Name

        86         16          0          0          0         68   mc_w.l

    ----------------------------------------------------------------------
        86         16          0          0          0         68   Library Totals

    ----------------------------------------------------------------------

==============================================================================


      Code (inc. data)   RO Data    RW Data    ZI Data      Debug   

     20764       1000        656        268      15356     516934   Grand Totals
     20764       1000        656        268      15356     516934   ELF Image Totals
     20764       1000        656        268          0          0   ROM Totals

==============================================================================

    Total RO  Size (Code + RO Data)                21420 (  20.92kB)
    Total RW  Size (RW Data + ZI Data)             15624 (  15.26kB)
    Total ROM Size (Code + RO Data + RW Data)      21688 (  21.18kB)

==============================================================================

