ARM Linker, 5.03 [Build 24] [MDK-ARM Lite]

==============================================================================

Section Cross References

    gpio.o(i.gpio_DigitalInput) refers to gpio.o(.data) for .data
    gpio.o(i.gpio_DigitalOutput) refers to gpio.o(.data) for .data
    gpio.o(i.gpio_HighLevel) refers to gpio.o(.data) for .data
    gpio.o(i.gpio_LowLevel) refers to gpio.o(.data) for .data
    gpio.o(i.gpio_OpenDrain) refers to gpio.o(.data) for .data
    gpio.o(i.gpio_SetAlternateFunction) refers to gpio.o(.data) for .data
    gpio.o(i.gpio_Value) refers to gpio.o(.data) for .data
    rtc.o(i.rtc_Init) refers to rtc.o(i.rtc_Unlock) for rtc_Unlock
    rtc.o(i.rtc_Init) refers to stm32f4xx_rtc.o(i.RTC_WriteBackupRegister) for RTC_WriteBackupRegister
    rtc.o(i.rtc_Init) refers to stm32f4xx_rcc.o(i.RCC_AHB1PeriphClockCmd) for RCC_AHB1PeriphClockCmd
    rtc.o(i.rtc_Init) refers to stm32f4xx_rtc.o(i.RTC_ReadBackupRegister) for RTC_ReadBackupRegister
    rtc.o(i.rtc_Init) refers to stm32f4xx_gpio.o(i.GPIO_Init) for GPIO_Init
    rtc.o(i.rtc_Init) refers to rtc.o(.data) for .data
    rtc.o(i.rtc_Init) refers to main.o(.bss) for conf
    rtc.o(i.rtc_Init) refers to main.o(.data) for kol_usr
    rtc.o(i.rtc_Init) refers to main.o(.data) for sost_flesh
    rtc.o(i.rtc_Init) refers to main.o(.data) for avariya
    main.o(i.ADC3_CH12_DMA_Config) refers to stm32f4xx_rcc.o(i.RCC_AHB1PeriphClockCmd) for RCC_AHB1PeriphClockCmd
    main.o(i.ADC3_CH12_DMA_Config) refers to stm32f4xx_rcc.o(i.RCC_APB2PeriphClockCmd) for RCC_APB2PeriphClockCmd
    main.o(i.ADC3_CH12_DMA_Config) refers to stm32f4xx_dma.o(i.DMA_Init) for DMA_Init
    main.o(i.ADC3_CH12_DMA_Config) refers to stm32f4xx_dma.o(i.DMA_Cmd) for DMA_Cmd
    main.o(i.ADC3_CH12_DMA_Config) refers to stm32f4xx_gpio.o(i.GPIO_Init) for GPIO_Init
    main.o(i.ADC3_CH12_DMA_Config) refers to stm32f4xx_adc.o(i.ADC_CommonInit) for ADC_CommonInit
    main.o(i.ADC3_CH12_DMA_Config) refers to stm32f4xx_adc.o(i.ADC_Init) for ADC_Init
    main.o(i.ADC3_CH12_DMA_Config) refers to stm32f4xx_adc.o(i.ADC_RegularChannelConfig) for ADC_RegularChannelConfig
    main.o(i.ADC3_CH12_DMA_Config) refers to stm32f4xx_adc.o(i.ADC_DMARequestAfterLastTransferCmd) for ADC_DMARequestAfterLastTransferCmd
    main.o(i.ADC3_CH12_DMA_Config) refers to stm32f4xx_adc.o(i.ADC_DMACmd) for ADC_DMACmd
    main.o(i.ADC3_CH12_DMA_Config) refers to stm32f4xx_adc.o(i.ADC_Cmd) for ADC_Cmd
    main.o(i.ADC3_CH12_DMA_Config) refers to main.o(.data) for .data
    main.o(i.TIM_LED_Config) refers to stm32f4xx_rcc.o(i.RCC_APB1PeriphClockCmd) for RCC_APB1PeriphClockCmd
    main.o(i.TIM_LED_Config) refers to misc.o(i.NVIC_PriorityGroupConfig) for NVIC_PriorityGroupConfig
    main.o(i.TIM_LED_Config) refers to misc.o(i.NVIC_Init) for NVIC_Init
    main.o(i.TIM_LED_Config) refers to stm32f4_discovery.o(i.STM_EVAL_LEDInit) for STM_EVAL_LEDInit
    main.o(i.TIM_LED_Config) refers to stm32f4xx_tim.o(i.TIM_TimeBaseInit) for TIM_TimeBaseInit
    main.o(i.TIM_LED_Config) refers to stm32f4xx_tim.o(i.TIM_ARRPreloadConfig) for TIM_ARRPreloadConfig
    main.o(i.TIM_LED_Config) refers to stm32f4xx_tim.o(i.TIM_OC1Init) for TIM_OC1Init
    main.o(i.TIM_LED_Config) refers to stm32f4xx_tim.o(i.TIM_OC1PreloadConfig) for TIM_OC1PreloadConfig
    main.o(i.TIM_LED_Config) refers to stm32f4xx_tim.o(i.TIM_ITConfig) for TIM_ITConfig
    main.o(i.TIM_LED_Config) refers to stm32f4xx_tim.o(i.TIM_Cmd) for TIM_Cmd
    main.o(i.TIM_LED_Config) refers to system_stm32f4xx.o(.data) for SystemCoreClock
    main.o(i.TIM_LED_Config) refers to main.o(.data) for .data
    main.o(i.UART2Init) refers to stm32f4xx_rcc.o(i.RCC_APB1PeriphClockCmd) for RCC_APB1PeriphClockCmd
    main.o(i.UART2Init) refers to stm32f4xx_rcc.o(i.RCC_AHB1PeriphClockCmd) for RCC_AHB1PeriphClockCmd
    main.o(i.UART2Init) refers to stm32f4xx_gpio.o(i.GPIO_PinAFConfig) for GPIO_PinAFConfig
    main.o(i.UART2Init) refers to stm32f4xx_gpio.o(i.GPIO_Init) for GPIO_Init
    main.o(i.UART2Init) refers to stm32f4xx_usart.o(i.USART_Init) for USART_Init
    main.o(i.UART2Init) refers to stm32f4xx_usart.o(i.USART_Cmd) for USART_Cmd
    main.o(i.USART2_IRQHandler) refers to stm32f4xx_usart.o(i.USART_GetITStatus) for USART_GetITStatus
    main.o(i.USART2_IRQHandler) refers to stm32f4xx_usart.o(i.USART_ClearITPendingBit) for USART_ClearITPendingBit
    main.o(i.USART2_IRQHandler) refers to stm32f4xx_usart.o(i.USART_ReceiveData) for USART_ReceiveData
    main.o(i.USART2_IRQHandler) refers to stm32f4xx_usart.o(i.USART_SendData) for USART_SendData
    main.o(i.USART2_IRQHandler) refers to stm32f4xx_gpio.o(i.GPIO_WriteBit) for GPIO_WriteBit
    main.o(i.USART2_IRQHandler) refers to stm32f4xx_usart.o(i.USART_ITConfig) for USART_ITConfig
    main.o(i.USART2_IRQHandler) refers to main.o(.data) for .data
    main.o(i.USART2_IRQHandler) refers to main.o(.bss) for .bss
    main.o(i.indicate) refers to main.o(i.pin_ind) for pin_ind
[...]
    i.fiz_vel                                0x08005c2c   Section        0  stm32f4xx_it.o(i.fiz_vel)
    i.follow_path                            0x08005cbc   Section        0  ff.o(i.follow_path)
    follow_path                              0x08005cbd   Thumb Code   188  ff.o(i.follow_path)
    i.get_fat                                0x08005d78   Section        0  ff.o(i.get_fat)
    i.get_fattime                            0x08005e46   Section        0  fattime.o(i.get_fattime)
    i.indicate                               0x08005e4c   Section        0  main.o(i.indicate)
    i.indicate_lin                           0x08005fd4   Section        0  main.o(i.indicate_lin)
    i.indicate_time                          0x08006254   Section        0  main.o(i.indicate_time)
    i.init_ind                               0x080063d4   Section        0  main.o(i.init_ind)
    i.main                                   0x08006564   Section        0  main.o(i.main)
    i.mem_cpy                                0x08006788   Section        0  ff.o(i.mem_cpy)
    mem_cpy                                  0x08006789   Thumb Code    16  ff.o(i.mem_cpy)
    i.mem_set                                0x08006798   Section        0  ff.o(i.mem_set)
    mem_set                                  0x08006799   Thumb Code    14  ff.o(i.mem_set)
    i.move_window                            0x080067a6   Section        0  ff.o(i.move_window)
    move_window                              0x080067a7   Thumb Code   106  ff.o(i.move_window)
    i.moving_average                         0x08006810   Section        0  stm32f4xx_it.o(i.moving_average)
    i.pin_ind                                0x0800687c   Section        0  main.o(i.pin_ind)
    i.put_fat                                0x080068a0   Section        0  ff.o(i.put_fat)
    i.remove_chain                           0x080069d2   Section        0  ff.o(i.remove_chain)
    remove_chain                             0x080069d3   Thumb Code    98  ff.o(i.remove_chain)
    i.rtc_Get                                0x08006a34   Section        0  rtc.o(i.rtc_Get)
    i.rtc_Init                               0x08006ac0   Section        0  rtc.o(i.rtc_Init)
    i.rtc_Lock                               0x08006cac   Section        0  rtc.o(i.rtc_Lock)
    i.rtc_Reset                              0x08006cb8   Section        0  rtc.o(i.rtc_Reset)
    i.rtc_SetDate                            0x08006cec   Section        0  rtc.o(i.rtc_SetDate)
    i.rtc_SetTime                            0x08006d5c   Section        0  rtc.o(i.rtc_SetTime)
    i.rtc_Unlock                             0x08006dc4   Section        0  rtc.o(i.rtc_Unlock)
    i.spi1_init                              0x08006dd4   Section        0  main.o(i.spi1_init)
    i.spi2_init                              0x08006e74   Section        0  main.o(i.spi2_init)
    i.spi_send                               0x08006f0c   Section        0  main.o(i.spi_send)
    i.sync                                   0x08006f2c   Section        0  ff.o(i.sync)
    sync                                     0x08006f2d   Thumb Code   184  ff.o(i.sync)
    i.test_rele                              0x08006fe4   Section        0  stm32f4xx_it.o(i.test_rele)
    i.validate                               0x0800703c   Section        0  ff.o(i.validate)
    validate                                 0x0800703d   Thumb Code    32  ff.o(i.validate)
    .constdata                               0x0800705c   Section       36  stm32f4_discovery.o(.constdata)
    .constdata                               0x08007080   Section      194  ff.o(.constdata)
    cvt                                      0x08007080   Data         128  ff.o(.constdata)
    sstbl                                    0x08007100   Data          44  ff.o(.constdata)
    cstbl                                    0x0800712c   Data          22  ff.o(.constdata)
    .data                                    0x20000000   Section        4  rtc.o(.data)
    .data                                    0x20000004   Section       54  main.o(.data)
    .data                                    0x2000003c   Section        4  main.o(.data)
    .data                                    0x20000040   Section        1  main.o(.data)
    .data                                    0x20000042   Section        2  main.o(.data)
    .data                                    0x20000044   Section        2  main.o(.data)
    .data                                    0x20000046   Section        1  main.o(.data)
    .data                                    0x20000047   Section        1  main.o(.data)
    .data                                    0x20000048   Section        1  main.o(.data)
    .data                                    0x20000049   Section        1  main.o(.data)
    .data                                    0x2000004a   Section        2  main.o(.data)
    .data                                    0x2000004c   Section        2  main.o(.data)
    .data                                    0x2000004e   Section        1  main.o(.data)
    .data                                    0x2000004f   Section        1  main.o(.data)
    .data                                    0x20000050   Section        2  main.o(.data)
    .data                                    0x20000052   Section        2  main.o(.data)
    .data                                    0x20000054   Section        2  main.o(.data)
    .data                                    0x20000056   Section        1  main.o(.data)
    .data                                    0x20000057   Section        1  main.o(.data)
    .data                                    0x20000058   Section        2  main.o(.data)
    .data                                    0x2000005a   Section        2  main.o(.data)
    .data                                    0x2000005c   Section        4  main.o(.data)
    .data                                    0x20000060   Section        2  main.o(.data)
    .data                                    0x20000062   Section        2  main.o(.data)
    .data                                    0x20000064   Section        2  main.o(.data)
    .data                                    0x20000066   Section        2  main.o(.data)
    .data                                    0x20000068   Section        1  main.o(.data)
    .data                                    0x20000069   Section        1  main.o(.data)
    .data                                    0x2000006a   Section        7  main.o(.data)
    .data                                    0x20000072   Section        2  main.o(.data)
    .data                                    0x20000074   Section       20  system_stm32f4xx.o(.data)
    .data                                    0x20000088   Section        4  usb_bsp.o(.data)
    .data                                    0x2000008c   Section       11  usbh_usr.o(.data)
    USBH_USR_ApplicationState                0x2000008c   Data           1  usbh_usr.o(.data)
    .data                                    0x20000097   Section        1  usbh_usr.o(.data)
    .data                                    0x20000098   Section       72  usbh_usr.o(.data)
    .data                                    0x200000e0   Section       15  stm32f4xx_it.o(.data)
    .data                                    0x200000ef   Section        1  stm32f4xx_it.o(.data)
    .data                                    0x200000f0   Section       20  stm32f4_discovery.o(.data)
    .data                                    0x20000104   Section       16  stm32f4xx_rcc.o(.data)
    APBAHBPrescTable                         0x20000104   Data          16  stm32f4xx_rcc.o(.data)
    .data                                    0x20000114   Section       16  usbh_core.o(.data)
    timeout                                  0x20000114   Data           2  usbh_core.o(.data)
    .data                                    0x20000124   Section       16  usbh_msc_bot.o(.data)
    error_direction                          0x20000124   Data           1  usbh_msc_bot.o(.data)
    remainingDataLength                      0x20000128   Data           4  usbh_msc_bot.o(.data)
    datapointer                              0x2000012c   Data           4  usbh_msc_bot.o(.data)
    BOTStallErrorCount                       0x20000130   Data           4  usbh_msc_bot.o(.data)
    .data                                    0x20000134   Section        2  usbh_msc_core.o(.data)
    maxLunExceed                             0x20000135   Data           1  usbh_msc_core.o(.data)
    .data                                    0x20000138   Section       16  usbh_msc_core.o(.data)
    .data                                    0x20000148   Section        1  usbh_msc_fatfs.o(.data)
    Stat                                     0x20000148   Data           1  usbh_msc_fatfs.o(.data)
    .data                                    0x20000149   Section        1  usbh_msc_scsi.o(.data)
    status                                   0x20000149   Data           1  usbh_msc_scsi.o(.data)
    .data                                    0x2000014c   Section        8  ff.o(.data)
    Fsid                                     0x2000014c   Data           2  ff.o(.data)
    FatFs                                    0x20000150   Data           4  ff.o(.data)
    .bss                                     0x20000154   Section     2348  main.o(.bss)
    .bss                                     0x20000a80   Section     2000  main.o(.bss)
    .bss                                     0x20001250   Section     2000  main.o(.bss)
    .bss                                     0x20001a20   Section     6000  main.o(.bss)
    .bss                                     0x20003190   Section       20  main.o(.bss)
    .bss                                     0x200031a4   Section       20  main.o(.bss)
    .bss                                     0x200031b8   Section       20  main.o(.bss)
    .bss                                     0x200031cc   Section       20  main.o(.bss)
    .bss                                     0x200031e0   Section       20  main.o(.bss)
    .bss                                     0x200031f4   Section      190  main.o(.bss)
    .bss                                     0x200032b4   Section     2132  usbh_usr.o(.bss)
    .bss                                     0x20003b08   Section       64  usbh_msc_bot.o(.bss)
    .bss                                     0x20003b48   Section       74  usbh_msc_core.o(.bss)
    .bss                                     0x20003b94   Section      528  usbh_msc_scsi.o(.bss)
    STACK                                    0x20003da8   Section     1024  startup_stm32f4xx.o(STACK)

    Global Symbols

    Symbol Name                              Value     Ov Type        Size  Object(Section)

    BuildAttributes$$THM_ISAv4$E$P$D$K$B$S$7EM$PE$A:L22UL41UL21$X:L11$S22US41US21$IEEE1$IW$USESV6$~STKCKD$USESV7$~SHL$OTIME$ROPI$EBA8$MICROLIB$REQ8$PRES8$EABIv2 0x00000000   Number         0  anon$$obj.o ABSOLUTE
    __ARM_use_no_argv                        0x00000000   Number         0  main.o ABSOLUTE
    __cpp_initialize__aeabi_                  - Undefined Weak Reference
    __cxa_finalize                            - Undefined Weak Reference
    _clock_init                               - Undefined Weak Reference
    _microlib_exit                            - Undefined Weak Reference
    __Vectors_Size                           0x00000188   Number         0  startup_stm32f4xx.o ABSOLUTE
    __Vectors                                0x08000000   Data           4  startup_stm32f4xx.o(RESET)
    __Vectors_End                            0x08000188   Data           0  startup_stm32f4xx.o(RESET)
    __main                                   0x08000189   Thumb Code     0  entry.o(.ARM.Collect$$$$00000000)
    _main_stk                                0x08000189   Thumb Code     0  entry2.o(.ARM.Collect$$$$00000001)
    _main_scatterload                        0x0800018d   Thumb Code     0  entry5.o(.ARM.Collect$$$$00000004)
    __main_after_scatterload                 0x08000191   Thumb Code     0  entry5.o(.ARM.Collect$$$$00000004)
    _main_clock                              0x08000191   Thumb Code     0  entry7b.o(.ARM.Collect$$$$00000008)
    _main_cpp_init                           0x08000191   Thumb Code     0  entry8b.o(.ARM.Collect$$$$0000000A)
    _main_init                               0x08000191   Thumb Code     0  entry9a.o(.ARM.Collect$$$$0000000B)
    __rt_final_cpp                           0x08000199   Thumb Code     0  entry10a.o(.ARM.Collect$$$$0000000D)
    __rt_final_exit                          0x08000199   Thumb Code     0  entry11a.o(.ARM.Collect$$$$0000000F)
    Reset_Handler                            0x0800019d   Thumb Code     8  startup_stm32f4xx.o(.text)
    ADC_IRQHandler                           0x080001b7   Thumb Code     0  startup_stm32f4xx.o(.text)
    CAN1_RX0_IRQHandler                      0x080001b7   Thumb Code     0  startup_stm32f4xx.o(.text)
    CAN1_RX1_IRQHandler                      0x080001b7   Thumb Code     0  startup_stm32f4xx.o(.text)
    CAN1_SCE_IRQHandler                      0x080001b7   Thumb Code     0  startup_stm32f4xx.o(.text)
    CAN1_TX_IRQHandler                       0x080001b7   Thumb Code     0  startup_stm32f4xx.o(.text)
    CAN2_RX0_IRQHandler                      0x080001b7   Thumb Code     0  startup_stm32f4xx.o(.text)
    CAN2_RX1_IRQHandler                      0x080001b7   Thumb Code     0  startup_stm32f4xx.o(.text)
    CAN2_SCE_IRQHandler                      0x080001b7   Thumb Code     0  startup_stm32f4xx.o(.text)
    CAN2_TX_IRQHandler                       0x080001b7   Thumb Code     0  startup_stm32f4xx.o(.text)
    CRYP_IRQHandler                          0x080001b7   Thumb Code     0  startup_stm32f4xx.o(.text)
    DCMI_IRQHandler                          0x080001b7   Thumb Code     0  startup_stm32f4xx.o(.text)
    DMA1_Stream0_IRQHandler                  0x080001b7   Thumb Code     0  startup_stm32f4xx.o(.text)
    DMA1_Stream1_IRQHandler                  0x080001b7   Thumb Code     0  startup_stm32f4xx.o(.text)
    DMA1_Stream2_IRQHandler                  0x080001b7   Thumb Code     0  startup_stm32f4xx.o(.text)
    DMA1_Stream3_IRQHandler                  0x080001b7   Thumb Code     0  startup_stm32f4xx.o(.text)
    DMA1_Stream4_IRQHandler                  0x080001b7   Thumb Code     0  startup_stm32f4xx.o(.text)
    DMA1_Stream5_IRQHandler                  0x080001b7   Thumb Code     0  startup_stm32f4xx.o(.text)
    DMA1_Stream6_IRQHandler                  0x080001b7   Thumb Code     0  startup_stm32f4xx.o(.text)
    DMA1_Stream7_IRQHandler                  0x080001b7   Thumb Code     0  startup_stm32f4xx.o(.text)
    DMA2_Stream0_IRQHandler                  0x080001b7   Thumb Code     0  startup_stm32f4xx.o(.text)
    DMA2_Stream1_IRQHandler                  0x080001b7   Thumb Code     0  startup_stm32f4xx.o(.text)
    DMA2_Stream2_IRQHandler                  0x080001b7   Thumb Code     0  startup_stm32f4xx.o(.text)
    DMA2_Stream3_IRQHandler                  0x080001b7   Thumb Code     0  startup_stm32f4xx.o(.text)
    DMA2_Stream4_IRQHandler                  0x080001b7   Thumb Code     0  startup_stm32f4xx.o(.text)
    DMA2_Stream5_IRQHandler                  0x080001b7   Thumb Code     0  startup_stm32f4xx.o(.text)
    DMA2_Stream6_IRQHandler                  0x080001b7   Thumb Code     0  startup_stm32f4xx.o(.text)
    DMA2_Stream7_IRQHandler                  0x080001b7   Thumb Code     0  startup_stm32f4xx.o(.text)
    ETH_IRQHandler                           0x080001b7   Thumb Code     0  startup_stm32f4xx.o(.text)
    ETH_WKUP_IRQHandler                      0x080001b7   Thumb Code     0  startup_stm32f4xx.o(.text)
    EXTI15_10_IRQHandler                     0x080001b7   Thumb Code     0  startup_stm32f4xx.o(.text)
    EXTI2_IRQHandler                         0x080001b7   Thumb Code     0  startup_stm32f4xx.o(.text)
    EXTI3_IRQHandler                         0x080001b7   Thumb Code     0  startup_stm32f4xx.o(.text)
    EXTI4_IRQHandler                         0x080001b7   Thumb Code     0  startup_stm32f4xx.o(.text)
    EXTI9_5_IRQHandler                       0x080001b7   Thumb Code     0  startup_stm32f4xx.o(.text)
    FLASH_IRQHandler                         0x080001b7   Thumb Code     0  startup_stm32f4xx.o(.text)
    FPU_IRQHandler                           0x080001b7   Thumb Code     0  startup_stm32f4xx.o(.text)
    FSMC_IRQHandler                          0x080001b7   Thumb Code     0  startup_stm32f4xx.o(.text)
    HASH_RNG_IRQHandler                      0x080001b7   Thumb Code     0  startup_stm32f4xx.o(.text)
    I2C1_ER_IRQHandler                       0x080001b7   Thumb Code     0  startup_stm32f4xx.o(.text)
    I2C1_EV_IRQHandler                       0x080001b7   Thumb Code     0  startup_stm32f4xx.o(.text)
    I2C2_ER_IRQHandler                       0x080001b7   Thumb Code     0  startup_stm32f4xx.o(.text)
    I2C2_EV_IRQHandler                       0x080001b7   Thumb Code     0  startup_stm32f4xx.o(.text)
    I2C3_ER_IRQHandler                       0x080001b7   Thumb Code     0  startup_stm32f4xx.o(.text)
    I2C3_EV_IRQHandler                       0x080001b7   Thumb Code     0  startup_stm32f4xx.o(.text)
    OTG_FS_WKUP_IRQHandler                   0x080001b7   Thumb Code     0  startup_stm32f4xx.o(.text)
    OTG_HS_EP1_IN_IRQHandler                 0x080001b7   Thumb Code     0  startup_stm32f4xx.o(.text)
    OTG_HS_EP1_OUT_IRQHandler                0x080001b7   Thumb Code     0  startup_stm32f4xx.o(.text)
    OTG_HS_IRQHandler                        0x080001b7   Thumb Code     0  startup_stm32f4xx.o(.text)
    OTG_HS_WKUP_IRQHandler                   0x080001b7   Thumb Code     0  startup_stm32f4xx.o(.text)
    PVD_IRQHandler                           0x080001b7   Thumb Code     0  startup_stm32f4xx.o(.text)
    RTC_Alarm_IRQHandler                     0x080001b7   Thumb Code     0  startup_stm32f4xx.o(.text)
    RTC_WKUP_IRQHandler                      0x080001b7   Thumb Code     0  startup_stm32f4xx.o(.text)
    SDIO_IRQHandler                          0x080001b7   Thumb Code     0  startup_stm32f4xx.o(.text)
    SPI1_IRQHandler                          0x080001b7   Thumb Code     0  startup_stm32f4xx.o(.text)
    SPI2_IRQHandler                          0x080001b7   Thumb Code     0  startup_stm32f4xx.o(.text)
    SPI3_IRQHandler                          0x080001b7   Thumb Code     0  startup_stm32f4xx.o(.text)
    TAMP_STAMP_IRQHandler                    0x080001b7   Thumb Code     0  startup_stm32f4xx.o(.text)
    TIM1_BRK_TIM9_IRQHandler                 0x080001b7   Thumb Code     0  startup_stm32f4xx.o(.text)
    TIM1_CC_IRQHandler                       0x080001b7   Thumb Code     0  startup_stm32f4xx.o(.text)
    TIM1_TRG_COM_TIM11_IRQHandler            0x080001b7   Thumb Code     0  startup_stm32f4xx.o(.text)
    TIM1_UP_TIM10_IRQHandler                 0x080001b7   Thumb Code     0  startup_stm32f4xx.o(.text)
    TIM3_IRQHandler                          0x080001b7   Thumb Code     0  startup_stm32f4xx.o(.text)
    TIM5_IRQHandler                          0x080001b7   Thumb Code     0  startup_stm32f4xx.o(.text)
    TIM6_DAC_IRQHandler                      0x080001b7   Thumb Code     0  startup_stm32f4xx.o(.text)
    TIM7_IRQHandler                          0x080001b7   Thumb Code     0  startup_stm32f4xx.o(.text)
    TIM8_BRK_TIM12_IRQHandler                0x080001b7   Thumb Code     0  startup_stm32f4xx.o(.text)
    TIM8_CC_IRQHandler                       0x080001b7   Thumb Code     0  startup_stm32f4xx.o(.text)
    TIM8_TRG_COM_TIM14_IRQHandler            0x080001b7   Thumb Code     0  startup_stm32f4xx.o(.text)
    TIM8_UP_TIM13_IRQHandler                 0x080001b7   Thumb Code     0  startup_stm32f4xx.o(.text)
    UART4_IRQHandler                         0x080001b7   Thumb Code     0  startup_stm32f4xx.o(.text)
    UART5_IRQHandler                         0x080001b7   Thumb Code     0  startup_stm32f4xx.o(.text)
    USART1_IRQHandler                        0x080001b7   Thumb Code     0  startup_stm32f4xx.o(.text)
    USART3_IRQHandler                        0x080001b7   Thumb Code     0  startup_stm32f4xx.o(.text)
    USART6_IRQHandler                        0x080001b7   Thumb Code     0  startup_stm32f4xx.o(.text)
    WWDG_IRQHandler                          0x080001b7   Thumb Code     0  startup_stm32f4xx.o(.text)
    __aeabi_dadd                             0x080001c1   Thumb Code   322  dadd.o(.text)
    __aeabi_dsub                             0x08000303   Thumb Code     6  dadd.o(.text)
    __aeabi_drsub                            0x08000309   Thumb Code     6  dadd.o(.text)
    __aeabi_i2d                              0x0800030f   Thumb Code    34  dflti.o(.text)
    __aeabi_ui2d                             0x08000331   Thumb Code    26  dfltui.o(.text)
    __aeabi_f2uiz                            0x0800034b   Thumb Code    40  ffixui.o(.text)
    __aeabi_d2uiz                            0x08000373   Thumb Code    50  dfixui.o(.text)
    __aeabi_d2f                              0x080003a5   Thumb Code    56  d2f.o(.text)
    __aeabi_llsl                             0x080003dd   Thumb Code    30  llshl.o(.text)
    _ll_shift_l                              0x080003dd   Thumb Code     0  llshl.o(.text)
    __aeabi_llsr                             0x080003fb   Thumb Code    32  llushr.o(.text)
    _ll_ushift_r                             0x080003fb   Thumb Code     0  llushr.o(.text)
    __aeabi_lasr                             0x0800041b   Thumb Code    36  llsshr.o(.text)
    _ll_sshift_r                             0x0800041b   Thumb Code     0  llsshr.o(.text)
    __I$use$fp                               0x0800043f   Thumb Code     0  iusefp.o(.text)
    _float_round                             0x0800043f   Thumb Code    18  fepilogue.o(.text)
    _float_epilogue                          0x08000451   Thumb Code    90  fepilogue.o(.text)
    _double_round                            0x080004ab   Thumb Code    26  depilogue.o(.text)
    _double_epilogue                         0x080004c5   Thumb Code   164  depilogue.o(.text)
    __scatterload                            0x08000569   Thumb Code    28  init.o(.text)
    __scatterload_rt2                        0x08000569   Thumb Code     0  init.o(.text)
    __decompress                             0x0800058d   Thumb Code     0  __dczerorl2.o(.text)
    __decompress1                            0x0800058d   Thumb Code    92  __dczerorl2.o(.text)
    ADC3_CH12_DMA_Config                     0x080005e9   Thumb Code   190  main.o(i.ADC3_CH12_DMA_Config)
    ADC_Cmd                                  0x080006bd   Thumb Code    20  stm32f4xx_adc.o(i.ADC_Cmd)
    ADC_CommonInit                           0x080006d1   Thumb Code    30  stm32f4xx_adc.o(i.ADC_CommonInit)
    ADC_DMACmd                               0x080006f9   Thumb Code    20  stm32f4xx_adc.o(i.ADC_DMACmd)
    ADC_DMARequestAfterLastTransferCmd       0x0800070d   Thumb Code    20  stm32f4xx_adc.o(i.ADC_DMARequestAfterLastTransferCmd)
    ADC_Init                                 0x08000721   Thumb Code    66  stm32f4xx_adc.o(i.ADC_Init)
    ADC_RegularChannelConfig                 0x0800076d   Thumb Code   116  stm32f4xx_adc.o(i.ADC_RegularChannelConfig)
    ADC_SoftwareStartConv                    0x080007e1   Thumb Code    10  stm32f4xx_adc.o(i.ADC_SoftwareStartConv)
    BusFault_Handler                         0x0800087b   Thumb Code     2  stm32f4xx_it.o(i.BusFault_Handler)
    COMMAND_AudioExecuteApplication          0x0800087d   Thumb Code   618  usbh_usr.o(i.COMMAND_AudioExecuteApplication)
    DMA_Cmd                                  0x08000b31   Thumb Code    20  stm32f4xx_dma.o(i.DMA_Cmd)
    DMA_Init                                 0x08000b45   Thumb Code    80  stm32f4xx_dma.o(i.DMA_Init)
    DebugMon_Handler                         0x08000b99   Thumb Code     2  stm32f4xx_it.o(i.DebugMon_Handler)
    EXTI0_IRQHandler                         0x08000b9d   Thumb Code    44  stm32f4xx_it.o(i.EXTI0_IRQHandler)
    EXTI1_IRQHandler                         0x08000bd1   Thumb Code    46  stm32f4xx_it.o(i.EXTI1_IRQHandler)
    EXTI_ClearITPendingBit                   0x08000c05   Thumb Code     6  stm32f4xx_exti.o(i.EXTI_ClearITPendingBit)
    EXTI_GetITStatus                         0x08000c11   Thumb Code    28  stm32f4xx_exti.o(i.EXTI_GetITStatus)
    EXTI_Init                                0x08000c31   Thumb Code   108  stm32f4xx_exti.o(i.EXTI_Init)
    GPIO_Init                                0x08000ca1   Thumb Code   120  stm32f4xx_gpio.o(i.GPIO_Init)
    GPIO_PinAFConfig                         0x08000d19   Thumb Code    32  stm32f4xx_gpio.o(i.GPIO_PinAFConfig)
    GPIO_ResetBits                           0x08000d39   Thumb Code     4  stm32f4xx_gpio.o(i.GPIO_ResetBits)
    GPIO_SetBits                             0x08000d3d   Thumb Code     4  stm32f4xx_gpio.o(i.GPIO_SetBits)
    GPIO_StructInit                          0x08000d41   Thumb Code    18  stm32f4xx_gpio.o(i.GPIO_StructInit)
    GPIO_WriteBit                            0x08000d53   Thumb Code    10  stm32f4xx_gpio.o(i.GPIO_WriteBit)
    HCD_GetCurrentFrame                      0x08000d5d   Thumb Code     8  usb_hcd.o(i.HCD_GetCurrentFrame)
    HCD_GetCurrentSpeed                      0x08000d65   Thumb Code    12  usb_hcd.o(i.HCD_GetCurrentSpeed)
    HCD_GetURB_State                         0x08000d71   Thumb Code     8  usb_hcd.o(i.HCD_GetURB_State)
    HCD_GetXferCnt                           0x08000d79   Thumb Code    10  usb_hcd.o(i.HCD_GetXferCnt)
    HCD_Init                                 0x08000d83   Thumb Code    86  usb_hcd.o(i.HCD_Init)
    HCD_IsDeviceConnected                    0x08000dd9   Thumb Code     6  usb_hcd.o(i.HCD_IsDeviceConnected)
    HCD_ResetPort                            0x08000ddf   Thumb Code    10  usb_hcd.o(i.HCD_ResetPort)
    HCD_SubmitRequest                        0x08000de9   Thumb Code    20  usb_hcd.o(i.HCD_SubmitRequest)
    HardFault_Handler                        0x08000dfd   Thumb Code     2  stm32f4xx_it.o(i.HardFault_Handler)
    MemManage_Handler                        0x08000dff   Thumb Code     2  stm32f4xx_it.o(i.MemManage_Handler)
    NMI_Handler                              0x08000e01   Thumb Code    38  stm32f4xx_it.o(i.NMI_Handler)
    NVIC_Init                                0x08000e29   Thumb Code    92  misc.o(i.NVIC_Init)
    NVIC_PriorityGroupConfig                 0x08000e8d   Thumb Code    10  misc.o(i.NVIC_PriorityGroupConfig)
    NVIC_SetVectorTable                      0x08000ea1   Thumb Code    12  misc.o(i.NVIC_SetVectorTable)
    OTG_FS_IRQHandler                        0x08000eb5   Thumb Code     6  stm32f4xx_it.o(i.OTG_FS_IRQHandler)
    PendSV_Handler                           0x08000ec1   Thumb Code     2  stm32f4xx_it.o(i.PendSV_Handler)
    RCC_AHB1PeriphClockCmd                   0x08000ec5   Thumb Code    18  stm32f4xx_rcc.o(i.RCC_AHB1PeriphClockCmd)
    RCC_AHB2PeriphClockCmd                   0x08000edd   Thumb Code    18  stm32f4xx_rcc.o(i.RCC_AHB2PeriphClockCmd)
    RCC_APB1PeriphClockCmd                   0x08000ef5   Thumb Code    18  stm32f4xx_rcc.o(i.RCC_APB1PeriphClockCmd)
    RCC_APB1PeriphResetCmd                   0x08000f0d   Thumb Code    18  stm32f4xx_rcc.o(i.RCC_APB1PeriphResetCmd)
    RCC_APB2PeriphClockCmd                   0x08000f25   Thumb Code    18  stm32f4xx_rcc.o(i.RCC_APB2PeriphClockCmd)
    RCC_APB2PeriphResetCmd                   0x08000f3d   Thumb Code    18  stm32f4xx_rcc.o(i.RCC_APB2PeriphResetCmd)
    RCC_ClearITPendingBit                    0x08000f55   Thumb Code     6  stm32f4xx_rcc.o(i.RCC_ClearITPendingBit)
    RCC_ClockSecuritySystemCmd               0x08000f61   Thumb Code     6  stm32f4xx_rcc.o(i.RCC_ClockSecuritySystemCmd)
    RCC_GetClocksFreq                        0x08000f6d   Thumb Code   132  stm32f4xx_rcc.o(i.RCC_GetClocksFreq)
    RCC_GetFlagStatus                        0x08000ffd   Thumb Code    46  stm32f4xx_rcc.o(i.RCC_GetFlagStatus)
    RCC_GetITStatus                          0x08001031   Thumb Code    16  stm32f4xx_rcc.o(i.RCC_GetITStatus)
    RCC_HSEConfig                            0x08001045   Thumb Code    10  stm32f4xx_rcc.o(i.RCC_HSEConfig)
    RCC_IRQHandler                           0x08001055   Thumb Code    68  stm32f4xx_it.o(i.RCC_IRQHandler)
    RCC_ITConfig                             0x08001099   Thumb Code    18  stm32f4xx_rcc.o(i.RCC_ITConfig)
    RCC_MCO2Config                           0x080010b1   Thumb Code    16  stm32f4xx_rcc.o(i.RCC_MCO2Config)
    RCC_PLLCmd                               0x080010c5   Thumb Code     6  stm32f4xx_rcc.o(i.RCC_PLLCmd)
    RCC_SYSCLKConfig                         0x080010d1   Thumb Code    14  stm32f4xx_rcc.o(i.RCC_SYSCLKConfig)
    RTC_ReadBackupRegister                   0x080010e5   Thumb Code    14  stm32f4xx_rtc.o(i.RTC_ReadBackupRegister)
    RTC_WriteBackupRegister                  0x080010f9   Thumb Code    14  stm32f4xx_rtc.o(i.RTC_WriteBackupRegister)
    SPI_Cmd                                  0x0800110d   Thumb Code    20  stm32f4xx_spi.o(i.SPI_Cmd)
    SPI_I2S_DeInit                           0x08001121   Thumb Code    72  stm32f4xx_spi.o(i.SPI_I2S_DeInit)
    SPI_I2S_GetFlagStatus                    0x08001175   Thumb Code    14  stm32f4xx_spi.o(i.SPI_I2S_GetFlagStatus)
    SPI_I2S_SendData                         0x08001183   Thumb Code     4  stm32f4xx_spi.o(i.SPI_I2S_SendData)
    SPI_Init                                 0x08001187   Thumb Code    56  stm32f4xx_spi.o(i.SPI_Init)
    SPI_StructInit                           0x080011bf   Thumb Code    24  stm32f4xx_spi.o(i.SPI_StructInit)
    STM_EVAL_LEDInit                         0x080011d9   Thumb Code    62  stm32f4_discovery.o(i.STM_EVAL_LEDInit)
    STM_EVAL_LEDOff                          0x08001221   Thumb Code    16  stm32f4_discovery.o(i.STM_EVAL_LEDOff)
    STM_EVAL_LEDOn                           0x08001239   Thumb Code    16  stm32f4_discovery.o(i.STM_EVAL_LEDOn)
    STM_EVAL_PBInit                          0x08001251   Thumb Code   144  stm32f4_discovery.o(i.STM_EVAL_PBInit)
    SVC_Handler                              0x080012e9   Thumb Code     2  stm32f4xx_it.o(i.SVC_Handler)
    SYSCFG_EXTILineConfig                    0x080012ed   Thumb Code    34  stm32f4xx_syscfg.o(i.SYSCFG_EXTILineConfig)
    SysTick_Handler                          0x080013ed   Thumb Code  2670  stm32f4xx_it.o(i.SysTick_Handler)
    SystemInit                               0x08001e7d   Thumb Code    62  system_stm32f4xx.o(i.SystemInit)
    TIM2_IRQHandler                          0x08001ecd   Thumb Code     4  stm32f4xx_it.o(i.TIM2_IRQHandler)
    TIM4_IRQHandler                          0x08001ed1   Thumb Code    54  stm32f4xx_it.o(i.TIM4_IRQHandler)
    TIM_ARRPreloadConfig                     0x08001f15   Thumb Code    20  stm32f4xx_tim.o(i.TIM_ARRPreloadConfig)
    TIM_ClearITPendingBit                    0x08001f29   Thumb Code     6  stm32f4xx_tim.o(i.TIM_ClearITPendingBit)
    TIM_Cmd                                  0x08001f2f   Thumb Code    20  stm32f4xx_tim.o(i.TIM_Cmd)
    TIM_GetCapture1                          0x08001f43   Thumb Code     4  stm32f4xx_tim.o(i.TIM_GetCapture1)
    TIM_GetITStatus                          0x08001f47   Thumb Code    24  stm32f4xx_tim.o(i.TIM_GetITStatus)
    TIM_ITConfig                             0x08001f5f   Thumb Code    16  stm32f4xx_tim.o(i.TIM_ITConfig)
    TIM_OC1Init                              0x0800202d   Thumb Code    88  stm32f4xx_tim.o(i.TIM_OC1Init)
    TIM_OC1PreloadConfig                     0x0800208d   Thumb Code    12  stm32f4xx_tim.o(i.TIM_OC1PreloadConfig)
    TIM_SetCompare1                          0x08002099   Thumb Code     4  stm32f4xx_tim.o(i.TIM_SetCompare1)
    TIM_TimeBaseInit                         0x0800209d   Thumb Code    96  stm32f4xx_tim.o(i.TIM_TimeBaseInit)
    UART2Init                                0x08002119   Thumb Code   136  main.o(i.UART2Init)
    USART2_IRQHandler                        0x080021a9   Thumb Code   164  main.o(i.USART2_IRQHandler)
    USART_ClearITPendingBit                  0x08002261   Thumb Code    12  stm32f4xx_usart.o(i.USART_ClearITPendingBit)
    USART_Cmd                                0x0800226d   Thumb Code    20  stm32f4xx_usart.o(i.USART_Cmd)
    USART_GetITStatus                        0x08002281   Thumb Code    62  stm32f4xx_usart.o(i.USART_GetITStatus)
    USART_ITConfig                           0x080022bf   Thumb Code    48  stm32f4xx_usart.o(i.USART_ITConfig)
    USART_Init                               0x080022f1   Thumb Code   174  stm32f4xx_usart.o(i.USART_Init)
    USART_ReceiveData                        0x080023a9   Thumb Code     8  stm32f4xx_usart.o(i.USART_ReceiveData)
    USART_SendData                           0x080023b1   Thumb Code     8  stm32f4xx_usart.o(i.USART_SendData)
    USBH_Alloc_Channel                       0x080023b9   Thumb Code    52  usbh_hcs.o(i.USBH_Alloc_Channel)
    USBH_BulkReceiveData                     0x080023ed   Thumb Code    40  usbh_ioreq.o(i.USBH_BulkReceiveData)
    USBH_BulkSendData                        0x08002415   Thumb Code    44  usbh_ioreq.o(i.USBH_BulkSendData)
    USBH_ClrFeature                          0x08002441   Thumb Code    46  usbh_stdreq.o(i.USBH_ClrFeature)
    USBH_Connect                             0x0800246f   Thumb Code    18  usbh_core.o(i.USBH_Connect)
    USBH_CtlReceiveData                      0x08002481   Thumb Code    36  usbh_ioreq.o(i.USBH_CtlReceiveData)
    USBH_CtlReq                              0x080024a5   Thumb Code    80  usbh_ioreq.o(i.USBH_CtlReq)
    USBH_CtlSendData                         0x080024f5   Thumb Code    54  usbh_ioreq.o(i.USBH_CtlSendData)
    USBH_CtlSendSetup                        0x0800252b   Thumb Code    38  usbh_ioreq.o(i.USBH_CtlSendSetup)
    USBH_DeAllocate_AllChannel               0x08002551   Thumb Code    24  usbh_hcs.o(i.USBH_DeAllocate_AllChannel)
    USBH_DeInit                              0x08002569   Thumb Code    52  usbh_core.o(i.USBH_DeInit)
    USBH_Disconnect                          0x0800259d   Thumb Code    18  usbh_core.o(i.USBH_Disconnect)
    USBH_ErrorHandle                         0x080025af   Thumb Code    44  usbh_core.o(i.USBH_ErrorHandle)
    USBH_Free_Channel                        0x080025db   Thumb Code    26  usbh_hcs.o(i.USBH_Free_Channel)
    USBH_GetDescriptor                       0x080025f5   Thumb Code    48  usbh_stdreq.o(i.USBH_GetDescriptor)
    USBH_Get_CfgDesc                         0x08002633   Thumb Code    56  usbh_stdreq.o(i.USBH_Get_CfgDesc)
    USBH_Get_DevDesc                         0x0800266b   Thumb Code   132  usbh_stdreq.o(i.USBH_Get_DevDesc)
    USBH_Get_StringDesc                      0x080026ef   Thumb Code    72  usbh_stdreq.o(i.USBH_Get_StringDesc)
    USBH_HandleControl                       0x08002739   Thumb Code   458  usbh_core.o(i.USBH_HandleControl)
    USBH_Init                                0x08002a9d   Thumb Code    80  usbh_core.o(i.USBH_Init)
    USBH_MSC_BOT_Abort                       0x08002af1   Thumb Code    48  usbh_msc_bot.o(i.USBH_MSC_BOT_Abort)
    USBH_MSC_DecodeCSW                       0x08002b35   Thumb Code    78  usbh_msc_bot.o(i.USBH_MSC_DecodeCSW)
    USBH_MSC_ErrorHandle                     0x08002b91   Thumb Code    42  usbh_msc_core.o(i.USBH_MSC_ErrorHandle)
    USBH_MSC_HandleBOTXfer                   0x08002d29   Thumb Code   504  usbh_msc_bot.o(i.USBH_MSC_HandleBOTXfer)
    USBH_MSC_Init                            0x08002f2d   Thumb Code    40  usbh_msc_bot.o(i.USBH_MSC_Init)
    USBH_MSC_ModeSense6                      0x08003041   Thumb Code   142  usbh_msc_scsi.o(i.USBH_MSC_ModeSense6)
    USBH_MSC_Read10                          0x080030dd   Thumb Code   204  usbh_msc_scsi.o(i.USBH_MSC_Read10)
    USBH_MSC_ReadCapacity10                  0x080031b5   Thumb Code   148  usbh_msc_scsi.o(i.USBH_MSC_ReadCapacity10)
    USBH_MSC_RequestSense                    0x08003255   Thumb Code   146  usbh_msc_scsi.o(i.USBH_MSC_RequestSense)
    USBH_MSC_TestUnitReady                   0x080032f5   Thumb Code   116  usbh_msc_scsi.o(i.USBH_MSC_TestUnitReady)
    USBH_MSC_Write10                         0x08003375   Thumb Code   148  usbh_msc_scsi.o(i.USBH_MSC_Write10)
    USBH_Modify_Channel                      0x08003411   Thumb Code    50  usbh_hcs.o(i.USBH_Modify_Channel)
    USBH_OTG_ISR_Handler                     0x08003443   Thumb Code   168  usb_hcd_int.o(i.USBH_OTG_ISR_Handler)
    USBH_Open_Channel                        0x080034eb   Thumb Code    80  usbh_hcs.o(i.USBH_Open_Channel)
    USBH_Process                             0x08003625   Thumb Code   426  usbh_core.o(i.USBH_Process)
    USBH_SetAddress                          0x080037cf   Thumb Code    24  usbh_stdreq.o(i.USBH_SetAddress)
    USBH_SetCfg                              0x080037e7   Thumb Code    24  usbh_stdreq.o(i.USBH_SetCfg)
    USBH_USR_Configuration_DescAvailable     0x080037ff   Thumb Code     2  usbh_usr.o(i.USBH_USR_Configuration_DescAvailable)
    USBH_USR_DeInit                          0x08003801   Thumb Code     8  usbh_usr.o(i.USBH_USR_DeInit)
    USBH_USR_DeviceAddressAssigned           0x0800380d   Thumb Code     2  usbh_usr.o(i.USBH_USR_DeviceAddressAssigned)
    USBH_USR_DeviceAttached                  0x08003811   Thumb Code   134  usbh_usr.o(i.USBH_USR_DeviceAttached)
    USBH_USR_DeviceDisconnected              0x080038a9   Thumb Code    52  usbh_usr.o(i.USBH_USR_DeviceDisconnected)
    USBH_USR_DeviceNotSupported              0x080038e9   Thumb Code    20  usbh_usr.o(i.USBH_USR_DeviceNotSupported)
    USBH_USR_DeviceSpeedDetected             0x08003905   Thumb Code     2  usbh_usr.o(i.USBH_USR_DeviceSpeedDetected)
    USBH_USR_Device_DescAvailable            0x08003907   Thumb Code     2  usbh_usr.o(i.USBH_USR_Device_DescAvailable)
    USBH_USR_EnumerationDone                 0x08003909   Thumb Code    18  usbh_usr.o(i.USBH_USR_EnumerationDone)
    USBH_USR_Init                            0x0800391b   Thumb Code     2  usbh_usr.o(i.USBH_USR_Init)
    USBH_USR_MSC_Application                 0x0800391d   Thumb Code    86  usbh_usr.o(i.USBH_USR_MSC_Application)
    USBH_USR_Manufacturer_String             0x08003989   Thumb Code     2  usbh_usr.o(i.USBH_USR_Manufacturer_String)
    USBH_USR_OverCurrentDetected             0x0800398b   Thumb Code     2  usbh_usr.o(i.USBH_USR_OverCurrentDetected)
    USBH_USR_Product_String                  0x0800398d   Thumb Code     2  usbh_usr.o(i.USBH_USR_Product_String)
    USBH_USR_ResetDevice                     0x0800398f   Thumb Code     2  usbh_usr.o(i.USBH_USR_ResetDevice)
    USBH_USR_SerialNum_String                0x08003991   Thumb Code     2  usbh_usr.o(i.USBH_USR_SerialNum_String)
    USBH_USR_UnrecoveredError                0x08003993   Thumb Code     2  usbh_usr.o(i.USBH_USR_UnrecoveredError)
    USBH_USR_UserInput                       0x08003995   Thumb Code     4  usbh_usr.o(i.USBH_USR_UserInput)
    USB_OTG_BSP_ConfigVBUS                   0x08003999   Thumb Code    60  usb_bsp.o(i.USB_OTG_BSP_ConfigVBUS)
    USB_OTG_BSP_DriveVBUS                    0x080039d9   Thumb Code    18  usb_bsp.o(i.USB_OTG_BSP_DriveVBUS)
    USB_OTG_BSP_EnableInterrupt              0x080039f1   Thumb Code    64  usb_bsp.o(i.USB_OTG_BSP_EnableInterrupt)
    USB_OTG_BSP_Init                         0x08003a31   Thumb Code   180  usb_bsp.o(i.USB_OTG_BSP_Init)
    USB_OTG_BSP_TimerIRQ                     0x08003ae9   Thumb Code    50  usb_bsp.o(i.USB_OTG_BSP_TimerIRQ)
    USB_OTG_BSP_mDelay                       0x08003b21   Thumb Code     6  usb_bsp.o(i.USB_OTG_BSP_mDelay)
    USB_OTG_BSP_uDelay                       0x08003b27   Thumb Code     6  usb_bsp.o(i.USB_OTG_BSP_uDelay)
    USB_OTG_CoreInit                         0x08003b2d   Thumb Code   218  usb_core.o(i.USB_OTG_CoreInit)
    USB_OTG_CoreInitHost                     0x08003c07   Thumb Code   148  usb_core.o(i.USB_OTG_CoreInitHost)
    USB_OTG_DisableGlobalInt                 0x08003cf5   Thumb Code    16  usb_core.o(i.USB_OTG_DisableGlobalInt)
    USB_OTG_DriveVbus                        0x08003d05   Thumb Code    60  usb_core.o(i.USB_OTG_DriveVbus)
    USB_OTG_EnableGlobalInt                  0x08003d41   Thumb Code    16  usb_core.o(i.USB_OTG_EnableGlobalInt)
    USB_OTG_EnableHostInt                    0x08003d51   Thumb Code    62  usb_core.o(i.USB_OTG_EnableHostInt)
    USB_OTG_FlushRxFifo                      0x08003d95   Thumb Code    54  usb_core.o(i.USB_OTG_FlushRxFifo)
    USB_OTG_FlushTxFifo                      0x08003dd1   Thumb Code    62  usb_core.o(i.USB_OTG_FlushTxFifo)
    USB_OTG_HC_DoPing                        0x08003e15   Thumb Code    42  usb_core.o(i.USB_OTG_HC_DoPing)
    USB_OTG_HC_Halt                          0x08003e3f   Thumb Code    60  usb_core.o(i.USB_OTG_HC_Halt)
    USB_OTG_HC_Init                          0x08003e7b   Thumb Code   236  usb_core.o(i.USB_OTG_HC_Init)
    USB_OTG_HC_StartXfer                     0x08003f67   Thumb Code   256  usb_core.o(i.USB_OTG_HC_StartXfer)
    USB_OTG_InitFSLSPClkSel                  0x08004067   Thumb Code    12  usb_core.o(i.USB_OTG_InitFSLSPClkSel)
    USB_OTG_IsEvenFrame                      0x08004073   Thumb Code    12  usb_core.o(i.USB_OTG_IsEvenFrame)
    USB_OTG_IsHostMode                       0x0800407f   Thumb Code    14  usb_core.o(i.USB_OTG_IsHostMode)
    USB_OTG_ReadCoreItr                      0x0800408d   Thumb Code    10  usb_core.o(i.USB_OTG_ReadCoreItr)
    USB_OTG_ReadHPRT0                        0x08004097   Thumb Code    12  usb_core.o(i.USB_OTG_ReadHPRT0)
    USB_OTG_ReadHostAllChannels_intr         0x080040a3   Thumb Code     6  usb_core.o(i.USB_OTG_ReadHostAllChannels_intr)
    USB_OTG_ReadPacket                       0x080040a9   Thumb Code    32  usb_core.o(i.USB_OTG_ReadPacket)
    USB_OTG_ResetPort                        0x080040c9   Thumb Code    42  usb_core.o(i.USB_OTG_ResetPort)
    USB_OTG_SelectCore                       0x080040f5   Thumb Code   188  usb_core.o(i.USB_OTG_SelectCore)
    USB_OTG_SetCurrentMode                   0x080041b5   Thumb Code    42  usb_core.o(i.USB_OTG_SetCurrentMode)
    USB_OTG_WritePacket                      0x08004f49   Thumb Code    40  usb_core.o(i.USB_OTG_WritePacket)
    UsageFault_Handler                       0x08004f71   Thumb Code     2  stm32f4xx_it.o(i.UsageFault_Handler)
    __scatterload_copy                       0x08004f73   Thumb Code    14  handlers.o(i.__scatterload_copy)
    __scatterload_null                       0x08004f81   Thumb Code     2  handlers.o(i.__scatterload_null)
    __scatterload_zeroinit                   0x08004f83   Thumb Code    14  handlers.o(i.__scatterload_zeroinit)
    chk_mounted                              0x08004fed   Thumb Code   476  ff.o(i.chk_mounted)
    clust2sect                               0x080051d5   Thumb Code    24  ff.o(i.clust2sect)
    dec_to_chr                               0x0800536d   Thumb Code    76  usbh_usr.o(i.dec_to_chr)
    delay_spi                                0x080053b9   Thumb Code    14  main.o(i.delay_spi)
    disk_initialize                          0x080055d5   Thumb Code    24  usbh_msc_fatfs.o(i.disk_initialize)
    disk_ioctl                               0x080055f5   Thumb Code    56  usbh_msc_fatfs.o(i.disk_ioctl)
    disk_read                                0x08005635   Thumb Code    86  usbh_msc_fatfs.o(i.disk_read)
    disk_status                              0x08005699   Thumb Code    12  usbh_msc_fatfs.o(i.disk_status)
    disk_write                               0x080056a9   Thumb Code    96  usbh_msc_fatfs.o(i.disk_write)
    f_close                                  0x08005715   Thumb Code    18  ff.o(i.f_close)
    f_lseek                                  0x08005727   Thumb Code   338  ff.o(i.f_lseek)
    f_mount                                  0x08005879   Thumb Code    26  ff.o(i.f_mount)
    f_open                                   0x08005899   Thumb Code   330  ff.o(i.f_open)
    f_sync                                   0x080059e3   Thumb Code   164  ff.o(i.f_sync)
    f_write                                  0x08005a87   Thumb Code   422  ff.o(i.f_write)
    fiz_vel                                  0x08005c2d   Thumb Code   138  stm32f4xx_it.o(i.fiz_vel)
    get_fat                                  0x08005d79   Thumb Code   206  ff.o(i.get_fat)
    get_fattime                              0x08005e47   Thumb Code     4  fattime.o(i.get_fattime)
    indicate                                 0x08005e4d   Thumb Code   368  main.o(i.indicate)
    indicate_lin                             0x08005fd5   Thumb Code   618  main.o(i.indicate_lin)
    indicate_time                            0x08006255   Thumb Code   374  main.o(i.indicate_time)
    init_ind                                 0x080063d5   Thumb Code   390  main.o(i.init_ind)
    main                                     0x08006565   Thumb Code   500  main.o(i.main)
    moving_average                           0x08006811   Thumb Code    90  stm32f4xx_it.o(i.moving_average)
    pin_ind                                  0x0800687d   Thumb Code    36  main.o(i.pin_ind)
    put_fat                                  0x080068a1   Thumb Code   306  ff.o(i.put_fat)
    rtc_Get                                  0x08006a35   Thumb Code   134  rtc.o(i.rtc_Get)
    rtc_Init                                 0x08006ac1   Thumb Code   444  rtc.o(i.rtc_Init)
    rtc_Lock                                 0x08006cad   Thumb Code     8  rtc.o(i.rtc_Lock)
    rtc_Reset                                0x08006cb9   Thumb Code    42  rtc.o(i.rtc_Reset)
    rtc_SetDate                              0x08006ced   Thumb Code   108  rtc.o(i.rtc_SetDate)
    rtc_SetTime                              0x08006d5d   Thumb Code   100  rtc.o(i.rtc_SetTime)
    rtc_Unlock                               0x08006dc5   Thumb Code    12  rtc.o(i.rtc_Unlock)
    spi1_init                                0x08006dd5   Thumb Code   152  main.o(i.spi1_init)
    spi2_init                                0x08006e75   Thumb Code   142  main.o(i.spi2_init)
    spi_send                                 0x08006f0d   Thumb Code    26  main.o(i.spi_send)
    test_rele                                0x08006fe5   Thumb Code    72  stm32f4xx_it.o(i.test_rele)
    BUTTON_PORT_SOURCE                       0x0800705c   Data           1  stm32f4_discovery.o(.constdata)
    BUTTON_PIN_SOURCE                        0x0800705d   Data           1  stm32f4_discovery.o(.constdata)
    BUTTON_IRQn                              0x0800705e   Data           1  stm32f4_discovery.o(.constdata)
    BUTTON_PIN                               0x08007060   Data           2  stm32f4_discovery.o(.constdata)
    BUTTON_EXTI_LINE                         0x08007062   Data           2  stm32f4_discovery.o(.constdata)
    BUTTON_CLK                               0x08007064   Data           4  stm32f4_discovery.o(.constdata)
    GPIO_PIN                                 0x08007068   Data           8  stm32f4_discovery.o(.constdata)
    GPIO_CLK                                 0x08007070   Data          16  stm32f4_discovery.o(.constdata)
    Region$$Table$$Base                      0x08007144   Number         0  anon$$obj.o(Region$$Table)
    Region$$Table$$Limit                     0x08007164   Number         0  anon$$obj.o(Region$$Table)
    bkp                                      0x20000000   Data           2  rtc.o(.data)
    size                                     0x20000002   Data           2  rtc.o(.data)
    kol                                      0x20000004   Data           1  main.o(.data)
    RepeatState                              0x20000005   Data           1  main.o(.data)
    new_komand                               0x20000006   Data           1  main.o(.data)
    CCR_Val                                  0x20000008   Data           2  main.o(.data)
    ADC3ConvertedValue                       0x2000000a   Data           2  main.o(.data)
    txsize                                   0x2000000c   Data           2  main.o(.data)
    rxsize                                   0x2000000e   Data           2  main.o(.data)
    tekper                                   0x20000010   Data           2  main.o(.data)
    tekpr                                    0x20000012   Data           2  main.o(.data)
    tmp                                      0x20000014   Data           4  main.o(.data)
    zad_spi                                  0x20000018   Data           4  main.o(.data)
    zad_spi2                                 0x2000001c   Data           4  main.o(.data)
    symb_code                                0x20000020   Data          13  main.o(.data)
    symb_code_min                            0x2000002d   Data          13  main.o(.data)
    tick                                     0x2000003c   Data           4  main.o(.data)
    number_buff                              0x20000040   Data           1  main.o(.data)
    time_label                               0x20000042   Data           2  main.o(.data)
    por                                      0x20000044   Data           2  main.o(.data)
    tmp1                                     0x20000046   Data           1  main.o(.data)
    tmp2                                     0x20000047   Data           1  main.o(.data)
    tmp3                                     0x20000048   Data           1  main.o(.data)
    sm                                       0x20000049   Data           1  main.o(.data)
    cnt                                      0x2000004a   Data           2  main.o(.data)
    kol_zap                                  0x2000004c   Data           2  main.o(.data)
    file_cr                                  0x2000004e   Data           1  main.o(.data)
    buffering                                0x2000004f   Data           1  main.o(.data)
    del                                      0x20000050   Data           2  main.o(.data)
    minute                                   0x20000052   Data           2  main.o(.data)
    pred_minute                              0x20000054   Data           2  main.o(.data)
    sost_pribl                               0x20000056   Data           1  main.o(.data)
    kol_average                              0x20000057   Data           1  main.o(.data)
    tek_kol                                  0x20000058   Data           2  main.o(.data)
    kol_usr                                  0x2000005a   Data           2  main.o(.data)
    buf_sum                                  0x2000005c   Data           4  main.o(.data)
    kol_pribl_vikl                           0x20000060   Data           2  main.o(.data)
    kol_pribl_vkl                            0x20000062   Data           2  main.o(.data)
    kol_gr1_vkl                              0x20000064   Data           2  main.o(.data)
    kol_gr2_vkl                              0x20000066   Data           2  main.o(.data)
    avariya                                  0x20000068   Data           1  main.o(.data)
    sost_flesh                               0x20000069   Data           1  main.o(.data)
    DT_zap                                   0x2000006a   Data           7  main.o(.data)
    bytesWritten                             0x20000072   Data           2  main.o(.data)
    SystemCoreClock                          0x20000074   Data           4  system_stm32f4xx.o(.data)
    AHBPrescTable                            0x20000078   Data          16  system_stm32f4xx.o(.data)
    BSP_delay                                0x20000088   Data           4  usb_bsp.o(.data)
    file_name                                0x2000008d   Data          10  usbh_usr.o(.data)
    Command_index                            0x20000097   Data           1  usbh_usr.o(.data)
    USR_Callbacks                            0x20000098   Data          72  usbh_usr.o(.data)
    PauseResumeStatus                        0x200000e0   Data           1  stm32f4xx_it.o(.data)
    Count                                    0x200000e1   Data           1  stm32f4xx_it.o(.data)
    kol_rele_on                              0x200000e2   Data           2  stm32f4xx_it.o(.data)
    kol_rele_off                             0x200000e4   Data           2  stm32f4xx_it.o(.data)
    capture                                  0x200000e6   Data           2  stm32f4xx_it.o(.data)
    DT1                                      0x200000e8   Data           7  stm32f4xx_it.o(.data)
    LED_Toggle                               0x200000ef   Data           1  stm32f4xx_it.o(.data)
    BUTTON_PORT                              0x200000f0   Data           4  stm32f4_discovery.o(.data)
    GPIO_PORT                                0x200000f4   Data          16  stm32f4_discovery.o(.data)
    USBH_DeviceConnStatus_cb                 0x20000118   Data          12  usbh_core.o(.data)
    MSCErrorCount                            0x20000134   Data           1  usbh_msc_core.o(.data)
    USBH_MSC_cb                              0x20000138   Data          16  usbh_msc_core.o(.data)
    USB_OTG_Core                             0x20000154   Data        1200  main.o(.bss)
    USB_Host                                 0x20000604   Data         132  main.o(.bss)
    RCC_Clocks                               0x20000688   Data          16  main.o(.bss)
    RxBuffer                                 0x20000698   Data         500  main.o(.bss)
    TxBuffer                                 0x2000088c   Data         500  main.o(.bss)
    Buf_adc_zap1                             0x20000a80   Data        2000  main.o(.bss)
    Buf_adc_zap2                             0x20001250   Data        2000  main.o(.bss)
    Buf_zap                                  0x20001a20   Data        6000  main.o(.bss)
    average                                  0x20003190   Data          20  main.o(.bss)
    summa                                    0x200031a4   Data          20  main.o(.bss)
    fz                                       0x200031b8   Data          20  main.o(.bss)
    fz_average                               0x200031cc   Data          20  main.o(.bss)
    max                                      0x200031e0   Data          20  main.o(.bss)
    conf                                     0x200031f4   Data         190  main.o(.bss)
    fatfs                                    0x200032b4   Data        1072  usbh_usr.o(.bss)
    file                                     0x200036e4   Data        1060  usbh_usr.o(.bss)
    USBH_MSC_CBWData                         0x20003b08   Data          32  usbh_msc_bot.o(.bss)
    USBH_MSC_CSWData                         0x20003b28   Data          16  usbh_msc_bot.o(.bss)
    USBH_MSC_BOTXferParam                    0x20003b38   Data          16  usbh_msc_bot.o(.bss)
    MSC_Machine                              0x20003b48   Data          74  usbh_msc_core.o(.bss)
    USBH_MSC_Param                           0x20003b94   Data          16  usbh_msc_scsi.o(.bss)
    USBH_DataInBuffer                        0x20003ba4   Data         512  usbh_msc_scsi.o(.bss)
    __initial_sp                             0x200041a8   Data           0  startup_stm32f4xx.o(STACK)



==============================================================================

Memory Map of the image

  Image Entry point : 0x08000189

  Load Region LR_IROM1 (Base: 0x08000000, Size: 0x000072b8, Max: 0x00100000, ABSOLUTE, COMPRESSED[0x00007208])

    Execution Region ER_IROM1 (Base: 0x08000000, Size: 0x00007164, Max: 0x00100000, ABSOLUTE)

    Base Addr    Size         Type   Attr      Idx    E Section Name        Object

    0x08000000   0x00000188   Data   RO         3516    RESET               startup_stm32f4xx.o
    0x08000188   0x00000000   Code   RO         4564  * .ARM.Collect$$$$00000000  mc_w.l(entry.o)
    0x08000188   0x00000004   Code   RO         4579    .ARM.Collect$$$$00000001  mc_w.l(entry2.o)
    0x0800018c   0x00000004   Code   RO         4582    .ARM.Collect$$$$00000004  mc_w.l(entry5.o)
    0x08000190   0x00000000   Code   RO         4584    .ARM.Collect$$$$00000008  mc_w.l(entry7b.o)
    0x08000190   0x00000000   Code   RO         4586    .ARM.Collect$$$$0000000A  mc_w.l(entry8b.o)
    0x08000190   0x00000008   Code   RO         4587    .ARM.Collect$$$$0000000B  mc_w.l(entry9a.o)
    0x08000198   0x00000000   Code   RO         4589    .ARM.Collect$$$$0000000D  mc_w.l(entry10a.o)
    0x08000198   0x00000000   Code   RO         4591    .ARM.Collect$$$$0000000F  mc_w.l(entry11a.o)
    0x08000198   0x00000004   Code   RO         4580    .ARM.Collect$$$$00002712  mc_w.l(entry2.o)
    0x0800019c   0x00000024   Code   RO         3517    .text               startup_stm32f4xx.o
    0x080001c0   0x0000014e   Code   RO         4567    .text               mf_w.l(dadd.o)
    0x0800030e   0x00000022   Code   RO         4569    .text               mf_w.l(dflti.o)
    0x08000330   0x0000001a   Code   RO         4571    .text               mf_w.l(dfltui.o)
    0x0800034a   0x00000028   Code   RO         4573    .text               mf_w.l(ffixui.o)
    0x08000372   0x00000032   Code   RO         4575    .text               mf_w.l(dfixui.o)
    0x080003a4   0x00000038   Code   RO         4577    .text               mf_w.l(d2f.o)
    0x080003dc   0x0000001e   Code   RO         4593    .text               mc_w.l(llshl.o)
    0x080003fa   0x00000020   Code   RO         4595    .text               mc_w.l(llushr.o)
    0x0800041a   0x00000024   Code   RO         4597    .text               mc_w.l(llsshr.o)
    0x0800043e   0x00000000   Code   RO         4599    .text               mc_w.l(iusefp.o)
    0x0800043e   0x0000006c   Code   RO         4600    .text               mf_w.l(fepilogue.o)
    0x080004aa   0x000000be   Code   RO         4602    .text               mf_w.l(depilogue.o)
    0x08000568   0x00000024   Code   RO         4604    .text               mc_w.l(init.o)
    0x0800058c   0x0000005c   Code   RO         4614    .text               mc_w.l(__dczerorl2.o)
    0x080005e8   0x000000d4   Code   RO          243    i.ADC3_CH12_DMA_Config  main.o
    0x080006bc   0x00000014   Code   RO         1128    i.ADC_Cmd           stm32f4xx_adc.o
    0x080006d0   0x00000028   Code   RO         1129    i.ADC_CommonInit    stm32f4xx_adc.o
    0x080006f8   0x00000014   Code   RO         1132    i.ADC_DMACmd        stm32f4xx_adc.o
    0x0800070c   0x00000014   Code   RO         1133    i.ADC_DMARequestAfterLastTransferCmd  stm32f4xx_adc.o
    0x08000720   0x0000004c   Code   RO         1148    i.ADC_Init          stm32f4xx_adc.o
    0x0800076c   0x00000074   Code   RO         1153    i.ADC_RegularChannelConfig  stm32f4xx_adc.o
    0x080007e0   0x0000000a   Code   RO         1155    i.ADC_SoftwareStartConv  stm32f4xx_adc.o
    0x080007ea   0x00000002   PAD
    0x080007ec   0x00000024   Code   RO          587    i.BSP_Delay         usb_bsp.o
    0x08000810   0x0000006a   Code   RO          589    i.BSP_SetTime       usb_bsp.o
    0x0800087a   0x00000002   Code   RO          815    i.BusFault_Handler  stm32f4xx_it.o
    0x0800087c   0x000002b4   Code   RO          659    i.COMMAND_AudioExecuteApplication  usbh_usr.o
    0x08000b30   0x00000014   Code   RO         1474    i.DMA_Cmd           stm32f4xx_dma.o
    0x08000b44   0x00000054   Code   RO         1486    i.DMA_Init          stm32f4xx_dma.o
    0x08000b98   0x00000002   Code   RO          816    i.DebugMon_Handler  stm32f4xx_it.o
    0x08000b9a   0x00000002   PAD
    0x08000b9c   0x00000034   Code   RO          817    i.EXTI0_IRQHandler  stm32f4xx_it.o
    0x08000bd0   0x00000034   Code   RO          818    i.EXTI1_IRQHandler  stm32f4xx_it.o
    0x08000c04   0x0000000c   Code   RO         1597    i.EXTI_ClearITPendingBit  stm32f4xx_exti.o
    0x08000c10   0x00000020   Code   RO         1601    i.EXTI_GetITStatus  stm32f4xx_exti.o
    0x08000c30   0x00000070   Code   RO         1602    i.EXTI_Init         stm32f4xx_exti.o
    0x08000ca0   0x00000078   Code   RO         1655    i.GPIO_Init         stm32f4xx_gpio.o
    0x08000d18   0x00000020   Code   RO         1656    i.GPIO_PinAFConfig  stm32f4xx_gpio.o
    0x08000d38   0x00000004   Code   RO         1662    i.GPIO_ResetBits    stm32f4xx_gpio.o
    0x08000d3c   0x00000004   Code   RO         1663    i.GPIO_SetBits      stm32f4xx_gpio.o
    0x08000d40   0x00000012   Code   RO         1664    i.GPIO_StructInit   stm32f4xx_gpio.o
    0x08000d52   0x0000000a   Code   RO         1667    i.GPIO_WriteBit     stm32f4xx_gpio.o
    0x08000d5c   0x00000008   Code   RO         3708    i.HCD_GetCurrentFrame  usb_hcd.o
    0x08000d64   0x0000000c   Code   RO         3709    i.HCD_GetCurrentSpeed  usb_hcd.o
    0x08000d70   0x00000008   Code   RO         3711    i.HCD_GetURB_State  usb_hcd.o
    0x08000d78   0x0000000a   Code   RO         3712    i.HCD_GetXferCnt    usb_hcd.o
    0x08000d82   0x00000056   Code   RO         3714    i.HCD_Init          usb_hcd.o
    0x08000dd8   0x00000006   Code   RO         3715    i.HCD_IsDeviceConnected  usb_hcd.o
    0x08000dde   0x0000000a   Code   RO         3716    i.HCD_ResetPort     usb_hcd.o
    0x08000de8   0x00000014   Code   RO         3717    i.HCD_SubmitRequest  usb_hcd.o
    0x08000dfc   0x00000002   Code   RO          819    i.HardFault_Handler  stm32f4xx_it.o
    0x08000dfe   0x00000002   Code   RO          820    i.MemManage_Handler  stm32f4xx_it.o
    0x08000e00   0x00000026   Code   RO          821    i.NMI_Handler       stm32f4xx_it.o
    0x08000e26   0x00000002   PAD
    0x08000e28   0x00000064   Code   RO         1079    i.NVIC_Init         misc.o
    0x08000e8c   0x00000014   Code   RO         1080    i.NVIC_PriorityGroupConfig  misc.o
    0x08000ea0   0x00000014   Code   RO         1081    i.NVIC_SetVectorTable  misc.o
    0x08000eb4   0x0000000c   Code   RO          822    i.OTG_FS_IRQHandler  stm32f4xx_it.o
    0x08000ec0   0x00000002   Code   RO          823    i.PendSV_Handler    stm32f4xx_it.o
    0x08000ec2   0x00000002   PAD
    0x08000ec4   0x00000018   Code   RO         1956    i.RCC_AHB1PeriphClockCmd  stm32f4xx_rcc.o
    0x08000edc   0x00000018   Code   RO         1959    i.RCC_AHB2PeriphClockCmd  stm32f4xx_rcc.o
    0x08000ef4   0x00000018   Code   RO         1965    i.RCC_APB1PeriphClockCmd  stm32f4xx_rcc.o
    0x08000f0c   0x00000018   Code   RO         1967    i.RCC_APB1PeriphResetCmd  stm32f4xx_rcc.o
    0x08000f24   0x00000018   Code   RO         1968    i.RCC_APB2PeriphClockCmd  stm32f4xx_rcc.o
    0x08000f3c   0x00000018   Code   RO         1970    i.RCC_APB2PeriphResetCmd  stm32f4xx_rcc.o
    0x08000f54   0x0000000c   Code   RO         1974    i.RCC_ClearITPendingBit  stm32f4xx_rcc.o
    0x08000f60   0x0000000c   Code   RO         1975    i.RCC_ClockSecuritySystemCmd  stm32f4xx_rcc.o
    0x08000f6c   0x00000090   Code   RO         1977    i.RCC_GetClocksFreq  stm32f4xx_rcc.o
    0x08000ffc   0x00000034   Code   RO         1978    i.RCC_GetFlagStatus  stm32f4xx_rcc.o
    0x08001030   0x00000014   Code   RO         1979    i.RCC_GetITStatus   stm32f4xx_rcc.o
    0x08001044   0x00000010   Code   RO         1982    i.RCC_HSEConfig     stm32f4xx_rcc.o
    0x08001054   0x00000044   Code   RO          824    i.RCC_IRQHandler    stm32f4xx_it.o
    0x08001098   0x00000018   Code   RO         1985    i.RCC_ITConfig      stm32f4xx_rcc.o
    0x080010b0   0x00000014   Code   RO         1989    i.RCC_MCO2Config    stm32f4xx_rcc.o
    0x080010c4   0x0000000c   Code   RO         1992    i.RCC_PLLCmd        stm32f4xx_rcc.o
    0x080010d0   0x00000014   Code   RO         1998    i.RCC_SYSCLKConfig  stm32f4xx_rcc.o
    0x080010e4   0x00000014   Code   RO         2264    i.RTC_ReadBackupRegister  stm32f4xx_rtc.o
    0x080010f8   0x00000014   Code   RO         2287    i.RTC_WriteBackupRegister  stm32f4xx_rtc.o
    0x0800110c   0x00000014   Code   RO         2588    i.SPI_Cmd           stm32f4xx_spi.o
    0x08001120   0x00000054   Code   RO         2595    i.SPI_I2S_DeInit    stm32f4xx_spi.o
    0x08001174   0x0000000e   Code   RO         2596    i.SPI_I2S_GetFlagStatus  stm32f4xx_spi.o
    0x08001182   0x00000004   Code   RO         2600    i.SPI_I2S_SendData  stm32f4xx_spi.o
    0x08001186   0x00000038   Code   RO         2601    i.SPI_Init          stm32f4xx_spi.o
    0x080011be   0x00000018   Code   RO         2604    i.SPI_StructInit    stm32f4xx_spi.o
    0x080011d6   0x00000002   PAD
    0x080011d8   0x00000048   Code   RO          939    i.STM_EVAL_LEDInit  stm32f4_discovery.o
    0x08001220   0x00000018   Code   RO          940    i.STM_EVAL_LEDOff   stm32f4_discovery.o
    0x08001238   0x00000018   Code   RO          941    i.STM_EVAL_LEDOn    stm32f4_discovery.o
    0x08001250   0x00000098   Code   RO          944    i.STM_EVAL_PBInit   stm32f4_discovery.o
    0x080012e8   0x00000002   Code   RO          825    i.SVC_Handler       stm32f4xx_it.o
    0x080012ea   0x00000002   PAD
    0x080012ec   0x00000028   Code   RO         2745    i.SYSCFG_EXTILineConfig  stm32f4xx_syscfg.o
    0x08001314   0x000000d8   Code   RO          535    i.SetSysClock       system_stm32f4xx.o
    0x080013ec   0x00000a90   Code   RO          826    i.SysTick_Handler   stm32f4xx_it.o
    0x08001e7c   0x00000050   Code   RO          537    i.SystemInit        system_stm32f4xx.o
    0x08001ecc   0x00000004   Code   RO          827    i.TIM2_IRQHandler   stm32f4xx_it.o
    0x08001ed0   0x00000044   Code   RO          828    i.TIM4_IRQHandler   stm32f4xx_it.o
    0x08001f14   0x00000014   Code   RO         2790    i.TIM_ARRPreloadConfig  stm32f4xx_tim.o
    0x08001f28   0x00000006   Code   RO         2797    i.TIM_ClearITPendingBit  stm32f4xx_tim.o
    0x08001f2e   0x00000014   Code   RO         2802    i.TIM_Cmd           stm32f4xx_tim.o
    0x08001f42   0x00000004   Code   RO         2817    i.TIM_GetCapture1   stm32f4xx_tim.o
    0x08001f46   0x00000018   Code   RO         2823    i.TIM_GetITStatus   stm32f4xx_tim.o
    0x08001f5e   0x00000010   Code   RO         2827    i.TIM_ITConfig      stm32f4xx_tim.o
    0x08001f6e   0x00000002   PAD
    0x08001f70   0x000000bc   Code   RO          244    i.TIM_LED_Config    main.o
    0x0800202c   0x00000060   Code   RO         2831    i.TIM_OC1Init       stm32f4xx_tim.o
    0x0800208c   0x0000000c   Code   RO         2834    i.TIM_OC1PreloadConfig  stm32f4xx_tim.o
    0x08002098   0x00000004   Code   RO         2864    i.TIM_SetCompare1   stm32f4xx_tim.o
    0x0800209c   0x0000007c   Code   RO         2874    i.TIM_TimeBaseInit  stm32f4xx_tim.o
    0x08002118   0x00000090   Code   RO          245    i.UART2Init         main.o
    0x080021a8   0x000000b8   Code   RO          246    i.USART2_IRQHandler  main.o
    0x08002260   0x0000000c   Code   RO         3332    i.USART_ClearITPendingBit  stm32f4xx_usart.o
    0x0800226c   0x00000014   Code   RO         3335    i.USART_Cmd         stm32f4xx_usart.o
    0x08002280   0x0000003e   Code   RO         3339    i.USART_GetITStatus  stm32f4xx_usart.o
    0x080022be   0x00000030   Code   RO         3341    i.USART_ITConfig    stm32f4xx_usart.o
    0x080022ee   0x00000002   PAD
    0x080022f0   0x000000b8   Code   RO         3342    i.USART_Init        stm32f4xx_usart.o
    0x080023a8   0x00000008   Code   RO         3349    i.USART_ReceiveData  stm32f4xx_usart.o
    0x080023b0   0x00000008   Code   RO         3352    i.USART_SendData    stm32f4xx_usart.o
    0x080023b8   0x00000034   Code   RO         3925    i.USBH_Alloc_Channel  usbh_hcs.o
    0x080023ec   0x00000028   Code   RO         3965    i.USBH_BulkReceiveData  usbh_ioreq.o
    0x08002414   0x0000002c   Code   RO         3966    i.USBH_BulkSendData  usbh_ioreq.o
    0x08002440   0x0000002e   Code   RO         4167    i.USBH_ClrFeature   usbh_stdreq.o
    0x0800246e   0x00000012   Code   RO         3850    i.USBH_Connect      usbh_core.o
    0x08002480   0x00000024   Code   RO         3967    i.USBH_CtlReceiveData  usbh_ioreq.o
    0x080024a4   0x00000050   Code   RO         3968    i.USBH_CtlReq       usbh_ioreq.o
    0x080024f4   0x00000036   Code   RO         3969    i.USBH_CtlSendData  usbh_ioreq.o
    0x0800252a   0x00000026   Code   RO         3970    i.USBH_CtlSendSetup  usbh_ioreq.o
    0x08002550   0x00000018   Code   RO         3926    i.USBH_DeAllocate_AllChannel  usbh_hcs.o
    0x08002568   0x00000034   Code   RO         3851    i.USBH_DeInit       usbh_core.o
    0x0800259c   0x00000012   Code   RO         3852    i.USBH_Disconnect   usbh_core.o
    0x080025ae   0x0000002c   Code   RO         3853    i.USBH_ErrorHandle  usbh_core.o
    0x080025da   0x0000001a   Code   RO         3927    i.USBH_Free_Channel  usbh_hcs.o
    0x080025f4   0x00000030   Code   RO         4168    i.USBH_GetDescriptor  usbh_stdreq.o
    0x08002624   0x0000000e   Code   RO         4169    i.USBH_GetNextDesc  usbh_stdreq.o
    0x08002632   0x00000038   Code   RO         4170    i.USBH_Get_CfgDesc  usbh_stdreq.o
    0x0800266a   0x00000084   Code   RO         4171    i.USBH_Get_DevDesc  usbh_stdreq.o
    0x080026ee   0x00000048   Code   RO         4172    i.USBH_Get_StringDesc  usbh_stdreq.o
    0x08002736   0x00000002   PAD
    0x08002738   0x000001d0   Code   RO         3854    i.USBH_HandleControl  usbh_core.o
    0x08002908   0x00000194   Code   RO         3855    i.USBH_HandleEnum   usbh_core.o
    0x08002a9c   0x00000054   Code   RO         3856    i.USBH_Init         usbh_core.o
    0x08002af0   0x00000038   Code   RO         4023    i.USBH_MSC_BOT_Abort  usbh_msc_bot.o
    0x08002b28   0x0000000c   Code   RO         4072    i.USBH_MSC_ClassRequest  usbh_msc_core.o
    0x08002b34   0x0000005c   Code   RO         4024    i.USBH_MSC_DecodeCSW  usbh_msc_bot.o
    0x08002b90   0x00000034   Code   RO         4073    i.USBH_MSC_ErrorHandle  usbh_msc_core.o
    0x08002bc4   0x00000164   Code   RO         4074    i.USBH_MSC_Handle   usbh_msc_core.o
    0x08002d28   0x00000204   Code   RO         4025    i.USBH_MSC_HandleBOTXfer  usbh_msc_bot.o
    0x08002f2c   0x0000003c   Code   RO         4026    i.USBH_MSC_Init     usbh_msc_bot.o
    0x08002f68   0x00000038   Code   RO         4075    i.USBH_MSC_InterfaceDeInit  usbh_msc_core.o
    0x08002fa0   0x000000a0   Code   RO         4076    i.USBH_MSC_InterfaceInit  usbh_msc_core.o
    0x08003040   0x0000009c   Code   RO         4229    i.USBH_MSC_ModeSense6  usbh_msc_scsi.o
    0x080030dc   0x000000d8   Code   RO         4230    i.USBH_MSC_Read10   usbh_msc_scsi.o
    0x080031b4   0x000000a0   Code   RO         4231    i.USBH_MSC_ReadCapacity10  usbh_msc_scsi.o
    0x08003254   0x000000a0   Code   RO         4232    i.USBH_MSC_RequestSense  usbh_msc_scsi.o
    0x080032f4   0x00000080   Code   RO         4233    i.USBH_MSC_TestUnitReady  usbh_msc_scsi.o
    0x08003374   0x0000009c   Code   RO         4234    i.USBH_MSC_Write10  usbh_msc_scsi.o
    0x08003410   0x00000032   Code   RO         3928    i.USBH_Modify_Channel  usbh_hcs.o
    0x08003442   0x000000a8   Code   RO         3781    i.USBH_OTG_ISR_Handler  usb_hcd_int.o
    0x080034ea   0x00000050   Code   RO         3929    i.USBH_Open_Channel  usbh_hcs.o
    0x0800353a   0x000000ea   Code   RO         4173    i.USBH_ParseCfgDesc  usbh_stdreq.o
    0x08003624   0x000001aa   Code   RO         3857    i.USBH_Process      usbh_core.o
    0x080037ce   0x00000018   Code   RO         4174    i.USBH_SetAddress   usbh_stdreq.o
    0x080037e6   0x00000018   Code   RO         4175    i.USBH_SetCfg       usbh_stdreq.o
    0x080037fe   0x00000002   Code   RO          660    i.USBH_USR_Configuration_DescAvailable  usbh_usr.o
    0x08003800   0x0000000c   Code   RO          661    i.USBH_USR_DeInit   usbh_usr.o
    0x0800380c   0x00000002   Code   RO          662    i.USBH_USR_DeviceAddressAssigned  usbh_usr.o
    0x0800380e   0x00000002   PAD
    0x08003810   0x00000098   Code   RO          663    i.USBH_USR_DeviceAttached  usbh_usr.o
    0x080038a8   0x00000040   Code   RO          664    i.USBH_USR_DeviceDisconnected  usbh_usr.o
    0x080038e8   0x0000001c   Code   RO          665    i.USBH_USR_DeviceNotSupported  usbh_usr.o
    0x08003904   0x00000002   Code   RO          666    i.USBH_USR_DeviceSpeedDetected  usbh_usr.o
    0x08003906   0x00000002   Code   RO          667    i.USBH_USR_Device_DescAvailable  usbh_usr.o
    0x08003908   0x00000012   Code   RO          668    i.USBH_USR_EnumerationDone  usbh_usr.o
    0x0800391a   0x00000002   Code   RO          669    i.USBH_USR_Init     usbh_usr.o
    0x0800391c   0x0000006c   Code   RO          670    i.USBH_USR_MSC_Application  usbh_usr.o
    0x08003988   0x00000002   Code   RO          671    i.USBH_USR_Manufacturer_String  usbh_usr.o
    0x0800398a   0x00000002   Code   RO          672    i.USBH_USR_OverCurrentDetected  usbh_usr.o
    0x0800398c   0x00000002   Code   RO          673    i.USBH_USR_Product_String  usbh_usr.o
    0x0800398e   0x00000002   Code   RO          674    i.USBH_USR_ResetDevice  usbh_usr.o
    0x08003990   0x00000002   Code   RO          675    i.USBH_USR_SerialNum_String  usbh_usr.o
    0x08003992   0x00000002   Code   RO          676    i.USBH_USR_UnrecoveredError  usbh_usr.o
    0x08003994   0x00000004   Code   RO          677    i.USBH_USR_UserInput  usbh_usr.o
    0x08003998   0x00000040   Code   RO          590    i.USB_OTG_BSP_ConfigVBUS  usb_bsp.o
    0x080039d8   0x00000018   Code   RO          591    i.USB_OTG_BSP_DriveVBUS  usb_bsp.o
    0x080039f0   0x00000040   Code   RO          592    i.USB_OTG_BSP_EnableInterrupt  usb_bsp.o
    0x08003a30   0x000000b8   Code   RO          593    i.USB_OTG_BSP_Init  usb_bsp.o
    0x08003ae8   0x00000038   Code   RO          594    i.USB_OTG_BSP_TimerIRQ  usb_bsp.o
    0x08003b20   0x00000006   Code   RO          595    i.USB_OTG_BSP_mDelay  usb_bsp.o
    0x08003b26   0x00000006   Code   RO          596    i.USB_OTG_BSP_uDelay  usb_bsp.o
    0x08003b2c   0x000000da   Code   RO         3522    i.USB_OTG_CoreInit  usb_core.o
    0x08003c06   0x00000094   Code   RO         3523    i.USB_OTG_CoreInitHost  usb_core.o
    0x08003c9a   0x00000002   PAD
    0x08003c9c   0x00000058   Code   RO         3524    i.USB_OTG_CoreReset  usb_core.o
    0x08003cf4   0x00000010   Code   RO         3525    i.USB_OTG_DisableGlobalInt  usb_core.o
    0x08003d04   0x0000003c   Code   RO         3526    i.USB_OTG_DriveVbus  usb_core.o
    0x08003d40   0x00000010   Code   RO         3527    i.USB_OTG_EnableGlobalInt  usb_core.o
    0x08003d50   0x00000044   Code   RO         3528    i.USB_OTG_EnableHostInt  usb_core.o
    0x08003d94   0x0000003c   Code   RO         3529    i.USB_OTG_FlushRxFifo  usb_core.o
    0x08003dd0   0x00000044   Code   RO         3530    i.USB_OTG_FlushTxFifo  usb_core.o
    0x08003e14   0x0000002a   Code   RO         3532    i.USB_OTG_HC_DoPing  usb_core.o
    0x08003e3e   0x0000003c   Code   RO         3533    i.USB_OTG_HC_Halt   usb_core.o
    0x08003e7a   0x000000ec   Code   RO         3534    i.USB_OTG_HC_Init   usb_core.o
    0x08003f66   0x00000100   Code   RO         3535    i.USB_OTG_HC_StartXfer  usb_core.o
    0x08004066   0x0000000c   Code   RO         3536    i.USB_OTG_InitFSLSPClkSel  usb_core.o
    0x08004072   0x0000000c   Code   RO         3538    i.USB_OTG_IsEvenFrame  usb_core.o
    0x0800407e   0x0000000e   Code   RO         3539    i.USB_OTG_IsHostMode  usb_core.o
    0x0800408c   0x0000000a   Code   RO         3540    i.USB_OTG_ReadCoreItr  usb_core.o
    0x08004096   0x0000000c   Code   RO         3541    i.USB_OTG_ReadHPRT0  usb_core.o
    0x080040a2   0x00000006   Code   RO         3542    i.USB_OTG_ReadHostAllChannels_intr  usb_core.o
    0x080040a8   0x00000020   Code   RO         3544    i.USB_OTG_ReadPacket  usb_core.o
    0x080040c8   0x0000002a   Code   RO         3545    i.USB_OTG_ResetPort  usb_core.o
    0x080040f2   0x00000002   PAD
    0x080040f4   0x000000c0   Code   RO         3546    i.USB_OTG_SelectCore  usb_core.o
    0x080041b4   0x0000002a   Code   RO         3547    i.USB_OTG_SetCurrentMode  usb_core.o
    0x080041de   0x0000002e   Code   RO         3782    i.USB_OTG_USBH_handle_Disconnect_ISR  usb_hcd_int.o
    0x0800420c   0x00000046   Code   RO         3783    i.USB_OTG_USBH_handle_IncompletePeriodicXfer_ISR  usb_hcd_int.o
    0x08004252   0x00000056   Code   RO         3784    i.USB_OTG_USBH_handle_hc_ISR  usb_hcd_int.o
    0x080042a8   0x00000426   Code   RO         3785    i.USB_OTG_USBH_handle_hc_n_In_ISR  usb_hcd_int.o
    0x080046ce   0x00000388   Code   RO         3786    i.USB_OTG_USBH_handle_hc_n_Out_ISR  usb_hcd_int.o
    0x08004a56   0x0000012c   Code   RO         3787    i.USB_OTG_USBH_handle_nptxfempty_ISR  usb_hcd_int.o
    0x08004b82   0x00000118   Code   RO         3788    i.USB_OTG_USBH_handle_port_ISR  usb_hcd_int.o
    0x08004c9a   0x0000012e   Code   RO         3789    i.USB_OTG_USBH_handle_ptxfempty_ISR  usb_hcd_int.o
    0x08004dc8   0x00000164   Code   RO         3790    i.USB_OTG_USBH_handle_rx_qlvl_ISR  usb_hcd_int.o
    0x08004f2c   0x0000001c   Code   RO         3791    i.USB_OTG_USBH_handle_sof_ISR  usb_hcd_int.o
    0x08004f48   0x00000028   Code   RO         3549    i.USB_OTG_WritePacket  usb_core.o
    0x08004f70   0x00000002   Code   RO          829    i.UsageFault_Handler  stm32f4xx_it.o
    0x08004f72   0x0000000e   Code   RO         4608    i.__scatterload_copy  mc_w.l(handlers.o)
    0x08004f80   0x00000002   Code   RO         4609    i.__scatterload_null  mc_w.l(handlers.o)
    0x08004f82   0x0000000e   Code   RO         4610    i.__scatterload_zeroinit  mc_w.l(handlers.o)
    0x08004f90   0x0000005c   Code   RO         4305    i.check_fs          ff.o
    0x08004fec   0x000001e8   Code   RO         4306    i.chk_mounted       ff.o
    0x080051d4   0x00000018   Code   RO         4307    i.clust2sect        ff.o
    0x080051ec   0x00000096   Code   RO         4308    i.create_chain      ff.o
    0x08005282   0x00000002   PAD
    0x08005284   0x000000e8   Code   RO         4309    i.create_name       ff.o
    0x0800536c   0x0000004c   Code   RO          678    i.dec_to_chr        usbh_usr.o
    0x080053b8   0x0000000e   Code   RO          247    i.delay_spi         main.o
    0x080053c6   0x00000106   Code   RO         4310    i.dir_next          ff.o
    0x080054cc   0x00000066   Code   RO         4312    i.dir_register      ff.o
    0x08005532   0x000000a0   Code   RO         4314    i.dir_seek          ff.o
    0x080055d2   0x00000002   PAD
    0x080055d4   0x00000020   Code   RO         4121    i.disk_initialize   usbh_msc_fatfs.o
    0x080055f4   0x00000040   Code   RO         4122    i.disk_ioctl        usbh_msc_fatfs.o
    0x08005634   0x00000064   Code   RO         4123    i.disk_read         usbh_msc_fatfs.o
    0x08005698   0x00000010   Code   RO         4124    i.disk_status       usbh_msc_fatfs.o
    0x080056a8   0x0000006c   Code   RO         4125    i.disk_write        usbh_msc_fatfs.o
    0x08005714   0x00000012   Code   RO         4316    i.f_close           ff.o
    0x08005726   0x00000152   Code   RO         4319    i.f_lseek           ff.o
    0x08005878   0x00000020   Code   RO         4322    i.f_mount           ff.o
    0x08005898   0x0000014a   Code   RO         4323    i.f_open            ff.o
    0x080059e2   0x000000a4   Code   RO         4332    i.f_sync            ff.o
    0x08005a86   0x000001a6   Code   RO         4336    i.f_write           ff.o
    0x08005c2c   0x00000090   Code   RO          830    i.fiz_vel           stm32f4xx_it.o
    0x08005cbc   0x000000bc   Code   RO         4337    i.follow_path       ff.o
    0x08005d78   0x000000ce   Code   RO         4338    i.get_fat           ff.o
    0x08005e46   0x00000004   Code   RO         4283    i.get_fattime       fattime.o
    0x08005e4a   0x00000002   PAD
    0x08005e4c   0x00000188   Code   RO          248    i.indicate          main.o
    0x08005fd4   0x00000280   Code   RO          249    i.indicate_lin      main.o
    0x08006254   0x00000180   Code   RO          250    i.indicate_time     main.o
    0x080063d4   0x00000190   Code   RO          251    i.init_ind          main.o
    0x08006564   0x00000224   Code   RO          252    i.main              main.o
    0x08006788   0x00000010   Code   RO         4340    i.mem_cpy           ff.o
    0x08006798   0x0000000e   Code   RO         4341    i.mem_set           ff.o
    0x080067a6   0x0000006a   Code   RO         4342    i.move_window       ff.o
    0x08006810   0x0000006c   Code   RO          831    i.moving_average    stm32f4xx_it.o
    0x0800687c   0x00000024   Code   RO          253    i.pin_ind           main.o
    0x080068a0   0x00000132   Code   RO         4343    i.put_fat           ff.o
    0x080069d2   0x00000062   Code   RO         4344    i.remove_chain      ff.o
    0x08006a34   0x0000008c   Code   RO          176    i.rtc_Get           rtc.o
    0x08006ac0   0x000001ec   Code   RO          177    i.rtc_Init          rtc.o
    0x08006cac   0x0000000c   Code   RO          178    i.rtc_Lock          rtc.o
    0x08006cb8   0x00000034   Code   RO          179    i.rtc_Reset         rtc.o
    0x08006cec   0x00000070   Code   RO          180    i.rtc_SetDate       rtc.o
    0x08006d5c   0x00000068   Code   RO          181    i.rtc_SetTime       rtc.o
    0x08006dc4   0x00000010   Code   RO          182    i.rtc_Unlock        rtc.o
    0x08006dd4   0x000000a0   Code   RO          256    i.spi1_init         main.o
    0x08006e74   0x00000098   Code   RO          257    i.spi2_init         main.o
    0x08006f0c   0x00000020   Code   RO          260    i.spi_send          main.o
    0x08006f2c   0x000000b8   Code   RO         4345    i.sync              ff.o
    0x08006fe4   0x00000058   Code   RO          832    i.test_rele         stm32f4xx_it.o
    0x0800703c   0x00000020   Code   RO         4346    i.validate          ff.o
    0x0800705c   0x00000024   Data   RO          945    .constdata          stm32f4_discovery.o
    0x08007080   0x000000c2   Data   RO         4347    .constdata          ff.o
    0x08007142   0x00000002   PAD
    0x08007144   0x00000020   Data   RO         4606    Region$$Table       anon$$obj.o


    Execution Region RW_IRAM1 (Base: 0x20000000, Size: 0x000041a8, Max: 0x00020000, ABSOLUTE, COMPRESSED[0x000000a4])

    Base Addr    Size         Type   Attr      Idx    E Section Name        Object

    0x20000000   0x00000004   Data   RW          183    .data               rtc.o
    0x20000004   0x00000036   Data   RW          275    .data               main.o
    0x2000003a   0x00000002   PAD
    0x2000003c   0x00000004   Data   RW          276    .data               main.o
    0x20000040   0x00000001   Data   RW          277    .data               main.o
    0x20000041   0x00000001   PAD
    0x20000042   0x00000002   Data   RW          278    .data               main.o
    0x20000044   0x00000002   Data   RW          279    .data               main.o
    0x20000046   0x00000001   Data   RW          281    .data               main.o
    0x20000047   0x00000001   Data   RW          282    .data               main.o
    0x20000048   0x00000001   Data   RW          283    .data               main.o
    0x20000049   0x00000001   Data   RW          285    .data               main.o
    0x2000004a   0x00000002   Data   RW          286    .data               main.o
    0x2000004c   0x00000002   Data   RW          287    .data               main.o
    0x2000004e   0x00000001   Data   RW          288    .data               main.o
    0x2000004f   0x00000001   Data   RW          289    .data               main.o
    0x20000050   0x00000002   Data   RW          290    .data               main.o
    0x20000052   0x00000002   Data   RW          291    .data               main.o
    0x20000054   0x00000002   Data   RW          292    .data               main.o
    0x20000056   0x00000001   Data   RW          293    .data               main.o
    0x20000057   0x00000001   Data   RW          294    .data               main.o
    0x20000058   0x00000002   Data   RW          299    .data               main.o
    0x2000005a   0x00000002   Data   RW          300    .data               main.o
    0x2000005c   0x00000004   Data   RW          301    .data               main.o
    0x20000060   0x00000002   Data   RW          302    .data               main.o
    0x20000062   0x00000002   Data   RW          303    .data               main.o
    0x20000064   0x00000002   Data   RW          304    .data               main.o
    0x20000066   0x00000002   Data   RW          305    .data               main.o
    0x20000068   0x00000001   Data   RW          306    .data               main.o
    0x20000069   0x00000001   Data   RW          307    .data               main.o
    0x2000006a   0x00000007   Data   RW          308    .data               main.o
    0x20000071   0x00000001   PAD
    0x20000072   0x00000002   Data   RW          309    .data               main.o
    0x20000074   0x00000014   Data   RW          538    .data               system_stm32f4xx.o
    0x20000088   0x00000004   Data   RW          597    .data               usb_bsp.o
    0x2000008c   0x0000000b   Data   RW          683    .data               usbh_usr.o
    0x20000097   0x00000001   Data   RW          685    .data               usbh_usr.o
    0x20000098   0x00000048   Data   RW          686    .data               usbh_usr.o
    0x200000e0   0x0000000f   Data   RW          833    .data               stm32f4xx_it.o
    0x200000ef   0x00000001   Data   RW          834    .data               stm32f4xx_it.o
    0x200000f0   0x00000014   Data   RW          946    .data               stm32f4_discovery.o
    0x20000104   0x00000010   Data   RW         2000    .data               stm32f4xx_rcc.o
    0x20000114   0x00000010   Data   RW         3858    .data               usbh_core.o
    0x20000124   0x00000010   Data   RW         4028    .data               usbh_msc_bot.o
    0x20000134   0x00000002   Data   RW         4078    .data               usbh_msc_core.o
    0x20000136   0x00000002   PAD
    0x20000138   0x00000010   Data   RW         4079    .data               usbh_msc_core.o
    0x20000148   0x00000001   Data   RW         4126    .data               usbh_msc_fatfs.o
    0x20000149   0x00000001   Data   RW         4237    .data               usbh_msc_scsi.o
    0x2000014a   0x00000002   PAD
    0x2000014c   0x00000008   Data   RW         4348    .data               ff.o
    0x20000154   0x0000092c   Zero   RW          263    .bss                main.o
    0x20000a80   0x000007d0   Zero   RW          264    .bss                main.o
    0x20001250   0x000007d0   Zero   RW          265    .bss                main.o
    0x20001a20   0x00001770   Zero   RW          266    .bss                main.o
    0x20003190   0x00000014   Zero   RW          267    .bss                main.o
    0x200031a4   0x00000014   Zero   RW          268    .bss                main.o
    0x200031b8   0x00000014   Zero   RW          269    .bss                main.o
    0x200031cc   0x00000014   Zero   RW          270    .bss                main.o
    0x200031e0   0x00000014   Zero   RW          271    .bss                main.o
    0x200031f4   0x000000be   Zero   RW          272    .bss                main.o
    0x200032b2   0x00000002   PAD
    0x200032b4   0x00000854   Zero   RW          679    .bss                usbh_usr.o
    0x20003b08   0x00000040   Zero   RW         4027    .bss                usbh_msc_bot.o
    0x20003b48   0x0000004a   Zero   RW         4077    .bss                usbh_msc_core.o
    0x20003b92   0x00000002   PAD
    0x20003b94   0x00000210   Zero   RW         4235    .bss                usbh_msc_scsi.o
    0x20003da4   0x00000004   PAD
    0x20003da8   0x00000400   Zero   RW         3514    STACK               startup_stm32f4xx.o


==============================================================================

Image component sizes


      Code (inc. data)   RO Data    RW Data    ZI Data      Debug   Object Name

         4          0          0          0          0       1046   fattime.o
      3964         42        194          8          0      23277   ff.o
         0          0          0          0          0     309636   gpio.o
      3486        214          0        108      12638      62642   main.o
       140         26          0          0          0       3429   misc.o
       928         80          0          4          0       7482   rtc.o
        36          8        392          0       1024        704   startup_stm32f4xx.o
       272         34         36         20          0       4265   stm32f4_discovery.o
       302         20          0          0          0       4527   stm32f4xx_adc.o
       104          4          0          0          0       2093   stm32f4xx_dma.o
       156         14          0          0          0       1804   stm32f4xx_exti.o
       188          0          0          0          0       3153   stm32f4xx_gpio.o
      3352        306          0         16          0      10443   stm32f4xx_it.o
       476         98          0         16          0       9353   stm32f4xx_rcc.o
        40         12          0          0          0       2098   stm32f4xx_rtc.o
       202         12          0          0          0       3374   stm32f4xx_spi.o
        40          6          0          0          0        520   stm32f4xx_syscfg.o
       326         36          0          0          0       6309   stm32f4xx_tim.o
       342         10          0          0          0       4353   stm32f4xx_usart.o
       296         44          0         20          0       1585   system_stm32f4xx.o
       546         24          0          4          0       5064   usb_bsp.o
      1750         26          0          0          0      34249   usb_core.o
       160          0          0          0          0       4183   usb_hcd.o
      3602          0          0          0          0       9487   usb_hcd_int.o
      1510         52          0         16          0      13621   usbh_core.o
       232          0          0          0          0       3232   usbh_hcs.o
       292          0          0          0          0       4002   usbh_ioreq.o
       724         64          0         16         64       5897   usbh_msc_bot.o
       636         52          0         18         74       4773   usbh_msc_core.o
       320         46          0          1          0       4426   usbh_msc_fatfs.o
       976         72          0          1        528       6108   usbh_msc_scsi.o
       650          0          0          0          0       6195   usbh_stdreq.o
      1176        138          0         84       2132      17600   usbh_usr.o

    ----------------------------------------------------------------------
     27258       1440        656        340      16468     580930   Object Totals
         0          0         32          0          0          0   (incl. Generated)
        30          0          2          8          8          0   (incl. Padding)

    ----------------------------------------------------------------------

      Code (inc. data)   RO Data    RW Data    ZI Data      Debug   Library Member Name

        92          0          0          0          0          0   __dczerorl2.o
         0          0          0          0          0          0   entry.o
         0          0          0          0          0          0   entry10a.o
         0          0          0          0          0          0   entry11a.o
         8          4          0          0          0          0   entry2.o
         4          0          0          0          0          0   entry5.o
         0          0          0          0          0          0   entry7b.o
         0          0          0          0          0          0   entry8b.o
         8          4          0          0          0          0   entry9a.o
        30          0          0          0          0          0   handlers.o
        36          8          0          0          0         68   init.o
         0          0          0          0          0          0   iusefp.o
        30          0          0          0          0         68   llshl.o
        36          0          0          0          0         68   llsshr.o
        32          0          0          0          0         68   llushr.o
        56          0          0          0          0         88   d2f.o
       334          0          0          0          0        144   dadd.o
       190          0          0          0          0        176   depilogue.o
        50          0          0          0          0         76   dfixui.o
        34          0          0          0          0         76   dflti.o
        26          0          0          0          0         76   dfltui.o
       108          0          0          0          0        168   fepilogue.o
        40          0          0          0          0         68   ffixui.o

    ----------------------------------------------------------------------
      1114         16          0          0          0       1144   Library Totals
         0          0          0          0          0          0   (incl. Padding)

    ----------------------------------------------------------------------

      Code (inc. data)   RO Data    RW Data    ZI Data      Debug   Library Name

       276         16          0          0          0        272   mc_w.l
       838          0          0          0          0        872   mf_w.l

    ----------------------------------------------------------------------
      1114         16          0          0          0       1144   Library Totals

    ----------------------------------------------------------------------

==============================================================================


      Code (inc. data)   RO Data    RW Data    ZI Data      Debug   

     28372       1456        656        340      16468     568606   Grand Totals
     28372       1456        656        164      16468     568606   ELF Image Totals (compressed)
     28372       1456        656        164          0          0   ROM Totals

==============================================================================

    Total RO  Size (Code + RO Data)                29028 (  28.35kB)
    Total RW  Size (RW Data + ZI Data)             16808 (  16.41kB)
    Total ROM Size (Code + RO Data + RW Data)      29192 (  28.51kB)

==============================================================================

