<html>
<body>
<pre>
<h1>µVision Build Log</h1>
<h2>Project:</h2>
D:\keil_project\all_project\arm\uso_arm_usb_bo\uso_arm_usb_bo.uvproj
Project File Date:  01/14/2014

<h2>Output:</h2>
Rebuild target 'MEDIA_USB_KEY'
compiling rtc.c...
src\rtc.c(355): warning:  #177-D: variable "i1" was declared but never referenced
src\rtc.c(355): warning:  #177-D: variable "errorindex" was declared but never referenced
src\rtc.c(129): warning:  #177-D: variable "tmp" was declared but never referenced
src\rtc.c(131): warning:  #177-D: variable "GPIO_InitStructure" was declared but never referenced
compiling main.c...
.\inc\my_def_ext.h(455): warning:  #177-D: variable "i" was declared but never referenced
.\inc\my_def_ext.h(473): warning:  #177-D: variable "i" was declared but never referenced
.\inc\my_def_ext.h(569): warning:  #940-D: missing return statement at end of non-void function "wr_ack_ds"
src\main.c(962): warning:  #177-D: variable "i" was declared but never referenced
src\main.c(1012): warning:  #177-D: variable "ind" was declared but never referenced
src\main.c(1058): warning:  #111-D: statement is unreachable
src\main.c(1143): warning:  #177-D: variable "i" was declared but never referenced
src\main.c(1410): warning:  #177-D: variable "tabl" was declared but never referenced
src\main.c(1411): warning:  #177-D: variable "viv" was declared but never referenced
src\main.c(2607): warning:  #223-D: function "date_to_sec" declared implicitly
src\main.c(2659): warning:  #223-D: function "sec_to_date" declared implicitly
src\main.c(2152): warning:  #177-D: variable "data" was declared but never referenced
src\main.c(2154): warning:  #177-D: variable "DT" was declared but never referenced
compiling system_stm32f4xx.c...
compiling usb_bsp.c...
compiling usbh_usr.c...
src\usbh_usr.c(113): warning:  #177-D: variable "DT" was declared but never referenced
src\usbh_usr.c(114): warning:  #177-D: variable "tmp" was declared but never referenced
src\usbh_usr.c(428): error:  #29: expected an expression
src\usbh_usr.c(428): error:  #20: identifier "i" is undefined
src\usbh_usr.c(414): warning:  #177-D: variable "tmp" was declared but never referenced
src\usbh_usr.c(491): warning:  #177-D: variable "DT" was declared but never referenced
src\usbh_usr.c(492): warning:  #177-D: variable "tmp" was declared but never referenced
compiling stm32f4xx_it.c...
src\stm32f4xx_it.c(47): warning:  #1295-D: Deprecated declaration start_ds - give arg types
src\stm32f4xx_it.c(48): warning:  #1295-D: Deprecated declaration write_bait_ds - give arg types
src\stm32f4xx_it.c(49): warning:  #1295-D: Deprecated declaration stop_ds - give arg types
src\stm32f4xx_it.c(50): warning:  #1295-D: Deprecated declaration sleep - give arg types
src\stm32f4xx_it.c(51): warning:  #1295-D: Deprecated declaration wr_ack_ds - give arg types
src\stm32f4xx_it.c(53): warning:  #1295-D: Deprecated declaration read_bait_ds - give arg types
src\stm32f4xx_it.c(290): warning:  #177-D: variable "tab" was declared but never referenced
src\stm32f4xx_it.c(449): warning:  #940-D: missing return statement at end of non-void function "test_rele"
src\stm32f4xx_it.c(478): warning:  #940-D: missing return statement at end of non-void function "test_rele_dmk"
src\stm32f4xx_it.c(498): warning:  #223-D: function "indicate_time" declared implicitly
src\stm32f4xx_it.c(519): warning:  #223-D: function "indicate_time" declared implicitly
src\stm32f4xx_it.c(527): warning:  #223-D: function "indicate_err" declared implicitly
src\stm32f4xx_it.c(536): warning:  #223-D: function "ind_blank_all" declared implicitly
src\stm32f4xx_it.c(548): warning:  #223-D: function "indicate" declared implicitly
src\stm32f4xx_it.c(554): warning:  #223-D: function "indicate_lin" declared implicitly
src\stm32f4xx_it.c(561): warning:  #223-D: function "indicate_lin" declared implicitly
src\stm32f4xx_it.c(563): warning:  #223-D: function "indicate_lin" declared implicitly
src\stm32f4xx_it.c(566): warning:  #223-D: function "indicate_lin" declared implicitly
src\stm32f4xx_it.c(568): warning:  #223-D: function "indicate_lin" declared implicitly
src\stm32f4xx_it.c(490): warning:  #177-D: variable "bufer" was declared but never referenced
src\stm32f4xx_it.c(1411): warning:  #177-D: variable "i" was declared but never referenced
src\stm32f4xx_it.c(1657): warning:  #9-D: nested comment is not allowed
src\stm32f4xx_it.c(1622): warning:  #177-D: variable "Temp" was declared but never referenced
src\stm32f4xx_it.c(1783): warning:  #177-D: variable "Tens" was declared but never referenced
src\stm32f4xx_it.c(1783): warning:  #177-D: variable "Units" was declared but never referenced
src\stm32f4xx_it.c(1784): warning:  #177-D: variable "TempReg" was declared but never referenced
src\stm32f4xx_it.c(1785): warning:  #177-D: variable "i" was declared but never referenced
src\stm32f4xx_it.c(2581): warning:  #177-D: variable "clickreg" was declared but never referenced
compiling stm32f4_discovery.c...
compiling misc.c...
compiling stm32f4xx_adc.c...
compiling stm32f4xx_dma.c...
compiling stm32f4xx_exti.c...
compiling stm32f4xx_gpio.c...
compiling stm32f4xx_rtc.c...
compiling stm32f4xx_spi.c...
compiling stm32f4xx_syscfg.c...
compiling stm32f4xx_usart.c...
compiling stm32f4xx_flash.c...
compiling stm32f4xx_tim.c...
compiling stm32f4xx_rcc.c...
assembling startup_stm32f4xx.s...
compiling usb_core.c...
compiling usb_hcd.c...
compiling usb_hcd_int.c...
compiling usbh_core.c...
compiling usbh_hcs.c...
compiling usbh_ioreq.c...
compiling usbh_msc_bot.c...
compiling usbh_msc_core.c...
compiling usbh_msc_fatfs.c...
compiling usbh_stdreq.c...
compiling usbh_msc_scsi.c...
compiling fattime.c...
compiling ff.c...
".\MEDIA_USB_KEY\uso_arm_usb_bo.axf" - 2 Errors, 50 Warning(s).
Target not created
Rebuild target 'MEDIA_USB_KEY'
compiling rtc.c...
src\rtc.c(355): warning:  #177-D: variable "i1" was declared but never referenced
src\rtc.c(355): warning:  #177-D: variable "errorindex" was declared but never referenced
src\rtc.c(129): warning:  #177-D: variable "tmp" was declared but never referenced
src\rtc.c(131): warning:  #177-D: variable "GPIO_InitStructure" was declared but never referenced
compiling main.c...
.\inc\my_def_ext.h(455): warning:  #177-D: variable "i" was declared but never referenced
.\inc\my_def_ext.h(473): warning:  #177-D: variable "i" was declared but never referenced
.\inc\my_def_ext.h(569): warning:  #940-D: missing return statement at end of non-void function "wr_ack_ds"
src\main.c(962): warning:  #177-D: variable "i" was declared but never referenced
src\main.c(1012): warning:  #177-D: variable "ind" was declared but never referenced
src\main.c(1058): warning:  #111-D: statement is unreachable
src\main.c(1143): warning:  #177-D: variable "i" was declared but never referenced
src\main.c(1410): warning:  #177-D: variable "tabl" was declared but never referenced
src\main.c(1411): warning:  #177-D: variable "viv" was declared but never referenced
src\main.c(2607): warning:  #223-D: function "date_to_sec" declared implicitly
src\main.c(2659): warning:  #223-D: function "sec_to_date" declared implicitly
src\main.c(2152): warning:  #177-D: variable "data" was declared but never referenced
src\main.c(2154): warning:  #177-D: variable "DT" was declared but never referenced
compiling system_stm32f4xx.c...
compiling usb_bsp.c...
compiling usbh_usr.c...
src\usbh_usr.c(113): warning:  #177-D: variable "DT" was declared but never referenced
src\usbh_usr.c(114): warning:  #177-D: variable "tmp" was declared but never referenced
src\usbh_usr.c(414): warning:  #177-D: variable "tmp" was declared but never referenced
src\usbh_usr.c(491): warning:  #177-D: variable "DT" was declared but never referenced
src\usbh_usr.c(492): warning:  #177-D: variable "tmp" was declared but never referenced
compiling stm32f4xx_it.c...
src\stm32f4xx_it.c(47): warning:  #1295-D: Deprecated declaration start_ds - give arg types
src\stm32f4xx_it.c(48): warning:  #1295-D: Deprecated declaration write_bait_ds - give arg types
src\stm32f4xx_it.c(49): warning:  #1295-D: Deprecated declaration stop_ds - give arg types
src\stm32f4xx_it.c(50): warning:  #1295-D: Deprecated declaration sleep - give arg types
src\stm32f4xx_it.c(51): warning:  #1295-D: Deprecated declaration wr_ack_ds - give arg types
src\stm32f4xx_it.c(53): warning:  #1295-D: Deprecated declaration read_bait_ds - give arg types
src\stm32f4xx_it.c(290): warning:  #177-D: variable "tab" was declared but never referenced
src\stm32f4xx_it.c(449): warning:  #940-D: missing return statement at end of non-void function "test_rele"
src\stm32f4xx_it.c(478): warning:  #940-D: missing return statement at end of non-void function "test_rele_dmk"
src\stm32f4xx_it.c(498): warning:  #223-D: function "indicate_time" declared implicitly
src\stm32f4xx_it.c(519): warning:  #223-D: function "indicate_time" declared implicitly
src\stm32f4xx_it.c(527): warning:  #223-D: function "indicate_err" declared implicitly
src\stm32f4xx_it.c(536): warning:  #223-D: function "ind_blank_all" declared implicitly
src\stm32f4xx_it.c(548): warning:  #223-D: function "indicate" declared implicitly
src\stm32f4xx_it.c(554): warning:  #223-D: function "indicate_lin" declared implicitly
src\stm32f4xx_it.c(561): warning:  #223-D: function "indicate_lin" declared implicitly
src\stm32f4xx_it.c(563): warning:  #223-D: function "indicate_lin" declared implicitly
src\stm32f4xx_it.c(566): warning:  #223-D: function "indicate_lin" declared implicitly
src\stm32f4xx_it.c(568): warning:  #223-D: function "indicate_lin" declared implicitly
src\stm32f4xx_it.c(490): warning:  #177-D: variable "bufer" was declared but never referenced
src\stm32f4xx_it.c(1411): warning:  #177-D: variable "i" was declared but never referenced
src\stm32f4xx_it.c(1657): warning:  #9-D: nested comment is not allowed
src\stm32f4xx_it.c(1622): warning:  #177-D: variable "Temp" was declared but never referenced
src\stm32f4xx_it.c(1783): warning:  #177-D: variable "Tens" was declared but never referenced
src\stm32f4xx_it.c(1783): warning:  #177-D: variable "Units" was declared but never referenced
src\stm32f4xx_it.c(1784): warning:  #177-D: variable "TempReg" was declared but never referenced
src\stm32f4xx_it.c(1785): warning:  #177-D: variable "i" was declared but never referenced
src\stm32f4xx_it.c(2581): warning:  #177-D: variable "clickreg" was declared but never referenced
compiling stm32f4_discovery.c...
compiling misc.c...
compiling stm32f4xx_adc.c...
compiling stm32f4xx_dma.c...
compiling stm32f4xx_exti.c...
compiling stm32f4xx_gpio.c...
compiling stm32f4xx_rtc.c...
compiling stm32f4xx_spi.c...
compiling stm32f4xx_syscfg.c...
compiling stm32f4xx_usart.c...
compiling stm32f4xx_flash.c...
compiling stm32f4xx_tim.c...
compiling stm32f4xx_rcc.c...
assembling startup_stm32f4xx.s...
compiling usb_core.c...
compiling usb_hcd.c...
compiling usb_hcd_int.c...
compiling usbh_core.c...
compiling usbh_hcs.c...
compiling usbh_ioreq.c...
compiling usbh_msc_bot.c...
compiling usbh_msc_core.c...
compiling usbh_msc_fatfs.c...
compiling usbh_stdreq.c...
compiling usbh_msc_scsi.c...
compiling fattime.c...
compiling ff.c...
linking...
Program Size: Code=36176 RO-data=656 RW-data=428 ZI-data=38964  
FromELF: creating hex file...
".\MEDIA_USB_KEY\uso_arm_usb_bo.axf" - 0 Errors, 50 Warning(s).
Rebuild target 'MEDIA_USB_KEY'
compiling rtc.c...
src\rtc.c(355): warning:  #177-D: variable "i1" was declared but never referenced
src\rtc.c(355): warning:  #177-D: variable "errorindex" was declared but never referenced
src\rtc.c(129): warning:  #177-D: variable "tmp" was declared but never referenced
src\rtc.c(131): warning:  #177-D: variable "GPIO_InitStructure" was declared but never referenced
compiling main.c...
.\inc\my_def_ext.h(455): warning:  #177-D: variable "i" was declared but never referenced
.\inc\my_def_ext.h(473): warning:  #177-D: variable "i" was declared but never referenced
.\inc\my_def_ext.h(569): warning:  #940-D: missing return statement at end of non-void function "wr_ack_ds"
src\main.c(962): warning:  #177-D: variable "i" was declared but never referenced
src\main.c(1012): warning:  #177-D: variable "ind" was declared but never referenced
src\main.c(1058): warning:  #111-D: statement is unreachable
src\main.c(1143): warning:  #177-D: variable "i" was declared but never referenced
src\main.c(1410): warning:  #177-D: variable "tabl" was declared but never referenced
src\main.c(1411): warning:  #177-D: variable "viv" was declared but never referenced
src\main.c(2607): warning:  #223-D: function "date_to_sec" declared implicitly
src\main.c(2659): warning:  #223-D: function "sec_to_date" declared implicitly
src\main.c(2152): warning:  #177-D: variable "data" was declared but never referenced
src\main.c(2154): warning:  #177-D: variable "DT" was declared but never referenced
compiling system_stm32f4xx.c...
compiling usb_bsp.c...
compiling usbh_usr.c...
src\usbh_usr.c(113): warning:  #177-D: variable "DT" was declared but never referenced
src\usbh_usr.c(114): warning:  #177-D: variable "tmp" was declared but never referenced
src\usbh_usr.c(414): warning:  #177-D: variable "tmp" was declared but never referenced
src\usbh_usr.c(491): warning:  #177-D: variable "DT" was declared but never referenced
src\usbh_usr.c(492): warning:  #177-D: variable "tmp" was declared but never referenced
compiling stm32f4xx_it.c...
src\stm32f4xx_it.c(47): warning:  #1295-D: Deprecated declaration start_ds - give arg types
src\stm32f4xx_it.c(48): warning:  #1295-D: Deprecated declaration write_bait_ds - give arg types
src\stm32f4xx_it.c(49): warning:  #1295-D: Deprecated declaration stop_ds - give arg types
src\stm32f4xx_it.c(50): warning:  #1295-D: Deprecated declaration sleep - give arg types
src\stm32f4xx_it.c(51): warning:  #1295-D: Deprecated declaration wr_ack_ds - give arg types
src\stm32f4xx_it.c(53): warning:  #1295-D: Deprecated declaration read_bait_ds - give arg types
src\stm32f4xx_it.c(290): warning:  #177-D: variable "tab" was declared but never referenced
src\stm32f4xx_it.c(449): warning:  #940-D: missing return statement at end of non-void function "test_rele"
src\stm32f4xx_it.c(478): warning:  #940-D: missing return statement at end of non-void function "test_rele_dmk"
src\stm32f4xx_it.c(498): warning:  #223-D: function "indicate_time" declared implicitly
src\stm32f4xx_it.c(519): warning:  #223-D: function "indicate_time" declared implicitly
src\stm32f4xx_it.c(527): warning:  #223-D: function "indicate_err" declared implicitly
src\stm32f4xx_it.c(536): warning:  #223-D: function "ind_blank_all" declared implicitly
src\stm32f4xx_it.c(548): warning:  #223-D: function "indicate" declared implicitly
src\stm32f4xx_it.c(554): warning:  #223-D: function "indicate_lin" declared implicitly
src\stm32f4xx_it.c(561): warning:  #223-D: function "indicate_lin" declared implicitly
src\stm32f4xx_it.c(563): warning:  #223-D: function "indicate_lin" declared implicitly
src\stm32f4xx_it.c(566): warning:  #223-D: function "indicate_lin" declared implicitly
src\stm32f4xx_it.c(568): warning:  #223-D: function "indicate_lin" declared implicitly
src\stm32f4xx_it.c(490): warning:  #177-D: variable "bufer" was declared but never referenced
src\stm32f4xx_it.c(1418): warning:  #177-D: variable "i" was declared but never referenced
src\stm32f4xx_it.c(1664): warning:  #9-D: nested comment is not allowed
src\stm32f4xx_it.c(1629): warning:  #177-D: variable "Temp" was declared but never referenced
src\stm32f4xx_it.c(1790): warning:  #177-D: variable "Tens" was declared but never referenced
src\stm32f4xx_it.c(1790): warning:  #177-D: variable "Units" was declared but never referenced
src\stm32f4xx_it.c(1791): warning:  #177-D: variable "TempReg" was declared but never referenced
src\stm32f4xx_it.c(1792): warning:  #177-D: variable "i" was declared but never referenced
src\stm32f4xx_it.c(2588): warning:  #177-D: variable "clickreg" was declared but never referenced
compiling stm32f4_discovery.c...
compiling misc.c...
compiling stm32f4xx_adc.c...
compiling stm32f4xx_dma.c...
compiling stm32f4xx_exti.c...
compiling stm32f4xx_gpio.c...
compiling stm32f4xx_rtc.c...
compiling stm32f4xx_spi.c...
compiling stm32f4xx_syscfg.c...
compiling stm32f4xx_usart.c...
compiling stm32f4xx_flash.c...
compiling stm32f4xx_tim.c...
compiling stm32f4xx_rcc.c...
assembling startup_stm32f4xx.s...
compiling usb_core.c...
compiling usb_hcd.c...
compiling usb_hcd_int.c...
compiling usbh_core.c...
compiling usbh_hcs.c...
compiling usbh_ioreq.c...
compiling usbh_msc_bot.c...
compiling usbh_msc_core.c...
compiling usbh_msc_fatfs.c...
compiling usbh_stdreq.c...
compiling usbh_msc_scsi.c...
compiling fattime.c...
compiling ff.c...
linking...
Program Size: Code=36088 RO-data=656 RW-data=428 ZI-data=38964  
FromELF: creating hex file...
".\MEDIA_USB_KEY\uso_arm_usb_bo.axf" - 0 Errors, 50 Warning(s).
Load "D:\\keil_project\\all_project\\arm\\uso_arm_usb_bo\\MEDIA_USB_KEY\\uso_arm_usb_bo.axf" 
Rebuild target 'MEDIA_USB_KEY'
compiling rtc.c...
src\rtc.c(355): warning:  #177-D: variable "i1" was declared but never referenced
src\rtc.c(355): warning:  #177-D: variable "errorindex" was declared but never referenced
src\rtc.c(129): warning:  #177-D: variable "tmp" was declared but never referenced
src\rtc.c(131): warning:  #177-D: variable "GPIO_InitStructure" was declared but never referenced
compiling main.c...
.\inc\my_def_ext.h(455): warning:  #177-D: variable "i" was declared but never referenced
.\inc\my_def_ext.h(473): warning:  #177-D: variable "i" was declared but never referenced
.\inc\my_def_ext.h(569): warning:  #940-D: missing return statement at end of non-void function "wr_ack_ds"
src\main.c(962): warning:  #177-D: variable "i" was declared but never referenced
src\main.c(1012): warning:  #177-D: variable "ind" was declared but never referenced
src\main.c(1058): warning:  #111-D: statement is unreachable
src\main.c(1143): warning:  #177-D: variable "i" was declared but never referenced
src\main.c(1410): warning:  #177-D: variable "tabl" was declared but never referenced
src\main.c(1411): warning:  #177-D: variable "viv" was declared but never referenced
src\main.c(2607): warning:  #223-D: function "date_to_sec" declared implicitly
src\main.c(2659): warning:  #223-D: function "sec_to_date" declared implicitly
src\main.c(2152): warning:  #177-D: variable "data" was declared but never referenced
src\main.c(2154): warning:  #177-D: variable "DT" was declared but never referenced
compiling system_stm32f4xx.c...
compiling usb_bsp.c...
compiling usbh_usr.c...
src\usbh_usr.c(113): warning:  #177-D: variable "DT" was declared but never referenced
src\usbh_usr.c(114): warning:  #177-D: variable "tmp" was declared but never referenced
src\usbh_usr.c(414): warning:  #177-D: variable "tmp" was declared but never referenced
src\usbh_usr.c(491): warning:  #177-D: variable "DT" was declared but never referenced
src\usbh_usr.c(492): warning:  #177-D: variable "tmp" was declared but never referenced
compiling stm32f4xx_it.c...
src\stm32f4xx_it.c(47): warning:  #1295-D: Deprecated declaration start_ds - give arg types
src\stm32f4xx_it.c(48): warning:  #1295-D: Deprecated declaration write_bait_ds - give arg types
src\stm32f4xx_it.c(49): warning:  #1295-D: Deprecated declaration stop_ds - give arg types
src\stm32f4xx_it.c(50): warning:  #1295-D: Deprecated declaration sleep - give arg types
src\stm32f4xx_it.c(51): warning:  #1295-D: Deprecated declaration wr_ack_ds - give arg types
src\stm32f4xx_it.c(53): warning:  #1295-D: Deprecated declaration read_bait_ds - give arg types
src\stm32f4xx_it.c(290): warning:  #177-D: variable "tab" was declared but never referenced
src\stm32f4xx_it.c(449): warning:  #940-D: missing return statement at end of non-void function "test_rele"
src\stm32f4xx_it.c(478): warning:  #940-D: missing return statement at end of non-void function "test_rele_dmk"
src\stm32f4xx_it.c(498): warning:  #223-D: function "indicate_time" declared implicitly
src\stm32f4xx_it.c(519): warning:  #223-D: function "indicate_time" declared implicitly
src\stm32f4xx_it.c(527): warning:  #223-D: function "indicate_err" declared implicitly
src\stm32f4xx_it.c(536): warning:  #223-D: function "ind_blank_all" declared implicitly
src\stm32f4xx_it.c(548): warning:  #223-D: function "indicate" declared implicitly
src\stm32f4xx_it.c(554): warning:  #223-D: function "indicate_lin" declared implicitly
src\stm32f4xx_it.c(561): warning:  #223-D: function "indicate_lin" declared implicitly
src\stm32f4xx_it.c(563): warning:  #223-D: function "indicate_lin" declared implicitly
src\stm32f4xx_it.c(566): warning:  #223-D: function "indicate_lin" declared implicitly
src\stm32f4xx_it.c(568): warning:  #223-D: function "indicate_lin" declared implicitly
src\stm32f4xx_it.c(490): warning:  #177-D: variable "bufer" was declared but never referenced
src\stm32f4xx_it.c(1424): warning:  #177-D: variable "i" was declared but never referenced
src\stm32f4xx_it.c(1670): warning:  #9-D: nested comment is not allowed
src\stm32f4xx_it.c(1635): warning:  #177-D: variable "Temp" was declared but never referenced
src\stm32f4xx_it.c(1796): warning:  #177-D: variable "Tens" was declared but never referenced
src\stm32f4xx_it.c(1796): warning:  #177-D: variable "Units" was declared but never referenced
src\stm32f4xx_it.c(1797): warning:  #177-D: variable "TempReg" was declared but never referenced
src\stm32f4xx_it.c(1798): warning:  #177-D: variable "i" was declared but never referenced
src\stm32f4xx_it.c(2594): warning:  #177-D: variable "clickreg" was declared but never referenced
compiling stm32f4_discovery.c...
compiling misc.c...
compiling stm32f4xx_adc.c...
compiling stm32f4xx_dma.c...
compiling stm32f4xx_exti.c...
compiling stm32f4xx_gpio.c...
compiling stm32f4xx_rtc.c...
compiling stm32f4xx_spi.c...
compiling stm32f4xx_syscfg.c...
compiling stm32f4xx_usart.c...
compiling stm32f4xx_flash.c...
compiling stm32f4xx_tim.c...
compiling stm32f4xx_rcc.c...
assembling startup_stm32f4xx.s...
compiling usb_core.c...
compiling usb_hcd.c...
compiling usb_hcd_int.c...
compiling usbh_core.c...
compiling usbh_hcs.c...
compiling usbh_ioreq.c...
compiling usbh_msc_bot.c...
compiling usbh_msc_core.c...
compiling usbh_msc_fatfs.c...
compiling usbh_stdreq.c...
compiling usbh_msc_scsi.c...
compiling fattime.c...
compiling ff.c...
linking...
Program Size: Code=36088 RO-data=656 RW-data=428 ZI-data=38964  
FromELF: creating hex file...
".\MEDIA_USB_KEY\uso_arm_usb_bo.axf" - 0 Errors, 50 Warning(s).
Load "D:\\keil_project\\all_project\\arm\\uso_arm_usb_bo\\MEDIA_USB_KEY\\uso_arm_usb_bo.axf" 
Rebuild target 'MEDIA_USB_KEY'
compiling rtc.c...
src\rtc.c(355): warning:  #177-D: variable "i1" was declared but never referenced
src\rtc.c(355): warning:  #177-D: variable "errorindex" was declared but never referenced
src\rtc.c(129): warning:  #177-D: variable "tmp" was declared but never referenced
src\rtc.c(131): warning:  #177-D: variable "GPIO_InitStructure" was declared but never referenced
compiling main.c...
.\inc\my_def_ext.h(455): warning:  #177-D: variable "i" was declared but never referenced
.\inc\my_def_ext.h(473): warning:  #177-D: variable "i" was declared but never referenced
.\inc\my_def_ext.h(569): warning:  #940-D: missing return statement at end of non-void function "wr_ack_ds"
src\main.c(962): warning:  #177-D: variable "i" was declared but never referenced
src\main.c(1012): warning:  #177-D: variable "ind" was declared but never referenced
src\main.c(1058): warning:  #111-D: statement is unreachable
src\main.c(1143): warning:  #177-D: variable "i" was declared but never referenced
src\main.c(1410): warning:  #177-D: variable "tabl" was declared but never referenced
src\main.c(1411): warning:  #177-D: variable "viv" was declared but never referenced
src\main.c(2607): warning:  #223-D: function "date_to_sec" declared implicitly
src\main.c(2659): warning:  #223-D: function "sec_to_date" declared implicitly
src\main.c(2152): warning:  #177-D: variable "data" was declared but never referenced
src\main.c(2154): warning:  #177-D: variable "DT" was declared but never referenced
compiling system_stm32f4xx.c...
compiling usb_bsp.c...
compiling usbh_usr.c...
src\usbh_usr.c(113): warning:  #177-D: variable "DT" was declared but never referenced
src\usbh_usr.c(114): warning:  #177-D: variable "tmp" was declared but never referenced
src\usbh_usr.c(414): warning:  #177-D: variable "tmp" was declared but never referenced
src\usbh_usr.c(491): warning:  #177-D: variable "DT" was declared but never referenced
src\usbh_usr.c(492): warning:  #177-D: variable "tmp" was declared but never referenced
compiling stm32f4xx_it.c...
src\stm32f4xx_it.c(47): warning:  #1295-D: Deprecated declaration start_ds - give arg types
src\stm32f4xx_it.c(48): warning:  #1295-D: Deprecated declaration write_bait_ds - give arg types
src\stm32f4xx_it.c(49): warning:  #1295-D: Deprecated declaration stop_ds - give arg types
src\stm32f4xx_it.c(50): warning:  #1295-D: Deprecated declaration sleep - give arg types
src\stm32f4xx_it.c(51): warning:  #1295-D: Deprecated declaration wr_ack_ds - give arg types
src\stm32f4xx_it.c(53): warning:  #1295-D: Deprecated declaration read_bait_ds - give arg types
src\stm32f4xx_it.c(290): warning:  #177-D: variable "tab" was declared but never referenced
src\stm32f4xx_it.c(449): warning:  #940-D: missing return statement at end of non-void function "test_rele"
src\stm32f4xx_it.c(478): warning:  #940-D: missing return statement at end of non-void function "test_rele_dmk"
src\stm32f4xx_it.c(498): warning:  #223-D: function "indicate_time" declared implicitly
src\stm32f4xx_it.c(519): warning:  #223-D: function "indicate_time" declared implicitly
src\stm32f4xx_it.c(527): warning:  #223-D: function "indicate_err" declared implicitly
src\stm32f4xx_it.c(536): warning:  #223-D: function "ind_blank_all" declared implicitly
src\stm32f4xx_it.c(548): warning:  #223-D: function "indicate" declared implicitly
src\stm32f4xx_it.c(554): warning:  #223-D: function "indicate_lin" declared implicitly
src\stm32f4xx_it.c(561): warning:  #223-D: function "indicate_lin" declared implicitly
src\stm32f4xx_it.c(563): warning:  #223-D: function "indicate_lin" declared implicitly
src\stm32f4xx_it.c(566): warning:  #223-D: function "indicate_lin" declared implicitly
src\stm32f4xx_it.c(568): warning:  #223-D: function "indicate_lin" declared implicitly
src\stm32f4xx_it.c(490): warning:  #177-D: variable "bufer" was declared but never referenced
src\stm32f4xx_it.c(1445): warning:  #177-D: variable "i" was declared but never referenced
src\stm32f4xx_it.c(1691): warning:  #9-D: nested comment is not allowed
src\stm32f4xx_it.c(1656): warning:  #177-D: variable "Temp" was declared but never referenced
src\stm32f4xx_it.c(1817): warning:  #177-D: variable "Tens" was declared but never referenced
src\stm32f4xx_it.c(1817): warning:  #177-D: variable "Units" was declared but never referenced
src\stm32f4xx_it.c(1818): warning:  #177-D: variable "TempReg" was declared but never referenced
src\stm32f4xx_it.c(1819): warning:  #177-D: variable "i" was declared but never referenced
src\stm32f4xx_it.c(2615): warning:  #177-D: variable "clickreg" was declared but never referenced
compiling stm32f4_discovery.c...
compiling misc.c...
compiling stm32f4xx_adc.c...
compiling stm32f4xx_dma.c...
compiling stm32f4xx_exti.c...
compiling stm32f4xx_gpio.c...
compiling stm32f4xx_rtc.c...
compiling stm32f4xx_spi.c...
compiling stm32f4xx_syscfg.c...
compiling stm32f4xx_usart.c...
compiling stm32f4xx_flash.c...
compiling stm32f4xx_tim.c...
compiling stm32f4xx_rcc.c...
assembling startup_stm32f4xx.s...
compiling usb_core.c...
compiling usb_hcd.c...
compiling usb_hcd_int.c...
compiling usbh_core.c...
compiling usbh_hcs.c...
compiling usbh_ioreq.c...
compiling usbh_msc_bot.c...
compiling usbh_msc_core.c...
compiling usbh_msc_fatfs.c...
compiling usbh_stdreq.c...
compiling usbh_msc_scsi.c...
compiling fattime.c...
compiling ff.c...
linking...
Program Size: Code=36260 RO-data=656 RW-data=428 ZI-data=38964  
FromELF: creating hex file...
".\MEDIA_USB_KEY\uso_arm_usb_bo.axf" - 0 Errors, 50 Warning(s).
Load "D:\\keil_project\\all_project\\arm\\uso_arm_usb_bo\\MEDIA_USB_KEY\\uso_arm_usb_bo.axf" 
Rebuild target 'MEDIA_USB_KEY'
compiling rtc.c...
src\rtc.c(355): warning:  #177-D: variable "i1" was declared but never referenced
src\rtc.c(355): warning:  #177-D: variable "errorindex" was declared but never referenced
src\rtc.c(129): warning:  #177-D: variable "tmp" was declared but never referenced
src\rtc.c(131): warning:  #177-D: variable "GPIO_InitStructure" was declared but never referenced
compiling main.c...
.\inc\my_def_ext.h(455): warning:  #177-D: variable "i" was declared but never referenced
.\inc\my_def_ext.h(473): warning:  #177-D: variable "i" was declared but never referenced
.\inc\my_def_ext.h(569): warning:  #940-D: missing return statement at end of non-void function "wr_ack_ds"
src\main.c(962): warning:  #177-D: variable "i" was declared but never referenced
src\main.c(1012): warning:  #177-D: variable "ind" was declared but never referenced
src\main.c(1058): warning:  #111-D: statement is unreachable
src\main.c(1143): warning:  #177-D: variable "i" was declared but never referenced
src\main.c(1410): warning:  #177-D: variable "tabl" was declared but never referenced
src\main.c(1411): warning:  #177-D: variable "viv" was declared but never referenced
src\main.c(2607): warning:  #223-D: function "date_to_sec" declared implicitly
src\main.c(2659): warning:  #223-D: function "sec_to_date" declared implicitly
src\main.c(2152): warning:  #177-D: variable "data" was declared but never referenced
src\main.c(2154): warning:  #177-D: variable "DT" was declared but never referenced
compiling system_stm32f4xx.c...
compiling usb_bsp.c...
compiling usbh_usr.c...
src\usbh_usr.c(113): warning:  #177-D: variable "DT" was declared but never referenced
src\usbh_usr.c(114): warning:  #177-D: variable "tmp" was declared but never referenced
src\usbh_usr.c(414): warning:  #177-D: variable "tmp" was declared but never referenced
src\usbh_usr.c(491): warning:  #177-D: variable "DT" was declared but never referenced
src\usbh_usr.c(492): warning:  #177-D: variable "tmp" was declared but never referenced
compiling stm32f4xx_it.c...
src\stm32f4xx_it.c(47): warning:  #1295-D: Deprecated declaration start_ds - give arg types
src\stm32f4xx_it.c(48): warning:  #1295-D: Deprecated declaration write_bait_ds - give arg types
src\stm32f4xx_it.c(49): warning:  #1295-D: Deprecated declaration stop_ds - give arg types
src\stm32f4xx_it.c(50): warning:  #1295-D: Deprecated declaration sleep - give arg types
src\stm32f4xx_it.c(51): warning:  #1295-D: Deprecated declaration wr_ack_ds - give arg types
src\stm32f4xx_it.c(53): warning:  #1295-D: Deprecated declaration read_bait_ds - give arg types
src\stm32f4xx_it.c(290): warning:  #177-D: variable "tab" was declared but never referenced
src\stm32f4xx_it.c(449): warning:  #940-D: missing return statement at end of non-void function "test_rele"
src\stm32f4xx_it.c(478): warning:  #940-D: missing return statement at end of non-void function "test_rele_dmk"
src\stm32f4xx_it.c(498): warning:  #223-D: function "indicate_time" declared implicitly
src\stm32f4xx_it.c(519): warning:  #223-D: function "indicate_time" declared implicitly
src\stm32f4xx_it.c(527): warning:  #223-D: function "indicate_err" declared implicitly
src\stm32f4xx_it.c(536): warning:  #223-D: function "ind_blank_all" declared implicitly
src\stm32f4xx_it.c(548): warning:  #223-D: function "indicate" declared implicitly
src\stm32f4xx_it.c(554): warning:  #223-D: function "indicate_lin" declared implicitly
src\stm32f4xx_it.c(561): warning:  #223-D: function "indicate_lin" declared implicitly
src\stm32f4xx_it.c(563): warning:  #223-D: function "indicate_lin" declared implicitly
src\stm32f4xx_it.c(566): warning:  #223-D: function "indicate_lin" declared implicitly
src\stm32f4xx_it.c(568): warning:  #223-D: function "indicate_lin" declared implicitly
src\stm32f4xx_it.c(490): warning:  #177-D: variable "bufer" was declared but never referenced
src\stm32f4xx_it.c(1445): warning:  #177-D: variable "i" was declared but never referenced
src\stm32f4xx_it.c(1691): warning:  #9-D: nested comment is not allowed
src\stm32f4xx_it.c(1656): warning:  #177-D: variable "Temp" was declared but never referenced
src\stm32f4xx_it.c(1817): warning:  #177-D: variable "Tens" was declared but never referenced
src\stm32f4xx_it.c(1817): warning:  #177-D: variable "Units" was declared but never referenced
src\stm32f4xx_it.c(1818): warning:  #177-D: variable "TempReg" was declared but never referenced
src\stm32f4xx_it.c(1819): warning:  #177-D: variable "i" was declared but never referenced
src\stm32f4xx_it.c(2615): warning:  #177-D: variable "clickreg" was declared but never referenced
compiling stm32f4_discovery.c...
compiling misc.c...
compiling stm32f4xx_adc.c...
compiling stm32f4xx_dma.c...
compiling stm32f4xx_exti.c...
compiling stm32f4xx_gpio.c...
compiling stm32f4xx_rtc.c...
compiling stm32f4xx_spi.c...
compiling stm32f4xx_syscfg.c...
compiling stm32f4xx_usart.c...
compiling stm32f4xx_flash.c...
compiling stm32f4xx_tim.c...
compiling stm32f4xx_rcc.c...
assembling startup_stm32f4xx.s...
compiling usb_core.c...
compiling usb_hcd.c...
compiling usb_hcd_int.c...
compiling usbh_core.c...
compiling usbh_hcs.c...
compiling usbh_ioreq.c...
compiling usbh_msc_bot.c...
compiling usbh_msc_core.c...
compiling usbh_msc_fatfs.c...
compiling usbh_stdreq.c...
compiling usbh_msc_scsi.c...
compiling fattime.c...
compiling ff.c...
linking...
.\MEDIA_USB_KEY\uso_arm_usb_bo.axf: error: L6050U: The code size of this image (36224 bytes) exceeds the maximum allowed for this version of the linker.
".\MEDIA_USB_KEY\uso_arm_usb_bo.axf" - 1 Errors, 50 Warning(s).
Target not created
Rebuild target 'MEDIA_USB_KEY'
compiling rtc.c...
src\rtc.c(355): warning:  #177-D: variable "i1" was declared but never referenced
src\rtc.c(355): warning:  #177-D: variable "errorindex" was declared but never referenced
src\rtc.c(129): warning:  #177-D: variable "tmp" was declared but never referenced
src\rtc.c(131): warning:  #177-D: variable "GPIO_InitStructure" was declared but never referenced
compiling main.c...
.\inc\my_def_ext.h(455): warning:  #177-D: variable "i" was declared but never referenced
.\inc\my_def_ext.h(473): warning:  #177-D: variable "i" was declared but never referenced
.\inc\my_def_ext.h(569): warning:  #940-D: missing return statement at end of non-void function "wr_ack_ds"
src\main.c(962): warning:  #177-D: variable "i" was declared but never referenced
src\main.c(1012): warning:  #177-D: variable "ind" was declared but never referenced
src\main.c(1058): warning:  #111-D: statement is unreachable
src\main.c(1143): warning:  #177-D: variable "i" was declared but never referenced
src\main.c(1410): warning:  #177-D: variable "tabl" was declared but never referenced
src\main.c(1411): warning:  #177-D: variable "viv" was declared but never referenced
src\main.c(2607): warning:  #223-D: function "date_to_sec" declared implicitly
src\main.c(2659): warning:  #223-D: function "sec_to_date" declared implicitly
src\main.c(2152): warning:  #177-D: variable "data" was declared but never referenced
src\main.c(2154): warning:  #177-D: variable "DT" was declared but never referenced
compiling system_stm32f4xx.c...
compiling usb_bsp.c...
compiling usbh_usr.c...
src\usbh_usr.c(113): warning:  #177-D: variable "DT" was declared but never referenced
src\usbh_usr.c(114): warning:  #177-D: variable "tmp" was declared but never referenced
src\usbh_usr.c(414): warning:  #177-D: variable "tmp" was declared but never referenced
src\usbh_usr.c(491): warning:  #177-D: variable "DT" was declared but never referenced
src\usbh_usr.c(492): warning:  #177-D: variable "tmp" was declared but never referenced
compiling stm32f4xx_it.c...
src\stm32f4xx_it.c(47): warning:  #1295-D: Deprecated declaration start_ds - give arg types
src\stm32f4xx_it.c(48): warning:  #1295-D: Deprecated declaration write_bait_ds - give arg types
src\stm32f4xx_it.c(49): warning:  #1295-D: Deprecated declaration stop_ds - give arg types
src\stm32f4xx_it.c(50): warning:  #1295-D: Deprecated declaration sleep - give arg types
src\stm32f4xx_it.c(51): warning:  #1295-D: Deprecated declaration wr_ack_ds - give arg types
src\stm32f4xx_it.c(53): warning:  #1295-D: Deprecated declaration read_bait_ds - give arg types
src\stm32f4xx_it.c(290): warning:  #177-D: variable "tab" was declared but never referenced
src\stm32f4xx_it.c(449): warning:  #940-D: missing return statement at end of non-void function "test_rele"
src\stm32f4xx_it.c(478): warning:  #940-D: missing return statement at end of non-void function "test_rele_dmk"
src\stm32f4xx_it.c(498): warning:  #223-D: function "indicate_time" declared implicitly
src\stm32f4xx_it.c(519): warning:  #223-D: function "indicate_time" declared implicitly
src\stm32f4xx_it.c(527): warning:  #223-D: function "indicate_err" declared implicitly
src\stm32f4xx_it.c(536): warning:  #223-D: function "ind_blank_all" declared implicitly
src\stm32f4xx_it.c(548): warning:  #223-D: function "indicate" declared implicitly
src\stm32f4xx_it.c(554): warning:  #223-D: function "indicate_lin" declared implicitly
src\stm32f4xx_it.c(561): warning:  #223-D: function "indicate_lin" declared implicitly
src\stm32f4xx_it.c(563): warning:  #223-D: function "indicate_lin" declared implicitly
src\stm32f4xx_it.c(566): warning:  #223-D: function "indicate_lin" declared implicitly
src\stm32f4xx_it.c(568): warning:  #223-D: function "indicate_lin" declared implicitly
src\stm32f4xx_it.c(490): warning:  #177-D: variable "bufer" was declared but never referenced
src\stm32f4xx_it.c(1445): warning:  #177-D: variable "i" was declared but never referenced
src\stm32f4xx_it.c(1691): warning:  #9-D: nested comment is not allowed
src\stm32f4xx_it.c(1656): warning:  #177-D: variable "Temp" was declared but never referenced
src\stm32f4xx_it.c(1817): warning:  #177-D: variable "Tens" was declared but never referenced
src\stm32f4xx_it.c(1817): warning:  #177-D: variable "Units" was declared but never referenced
src\stm32f4xx_it.c(1818): warning:  #177-D: variable "TempReg" was declared but never referenced
src\stm32f4xx_it.c(1819): warning:  #177-D: variable "i" was declared but never referenced
src\stm32f4xx_it.c(2615): warning:  #177-D: variable "clickreg" was declared but never referenced
compiling stm32f4_discovery.c...
compiling misc.c...
compiling stm32f4xx_adc.c...
compiling stm32f4xx_dma.c...
compiling stm32f4xx_exti.c...
compiling stm32f4xx_gpio.c...
compiling stm32f4xx_rtc.c...
compiling stm32f4xx_spi.c...
compiling stm32f4xx_syscfg.c...
compiling stm32f4xx_usart.c...
compiling stm32f4xx_flash.c...
compiling stm32f4xx_tim.c...
compiling stm32f4xx_rcc.c...
assembling startup_stm32f4xx.s...
compiling usb_core.c...
compiling usb_hcd.c...
compiling usb_hcd_int.c...
compiling usbh_core.c...
compiling usbh_hcs.c...
compiling usbh_ioreq.c...
compiling usbh_msc_bot.c...
compiling usbh_msc_core.c...
compiling usbh_msc_fatfs.c...
compiling usbh_stdreq.c...
compiling usbh_msc_scsi.c...
compiling fattime.c...
compiling ff.c...
linking...
Program Size: Code=36224 RO-data=656 RW-data=428 ZI-data=38964  
FromELF: creating hex file...
".\MEDIA_USB_KEY\uso_arm_usb_bo.axf" - 0 Errors, 50 Warning(s).
Load "D:\\keil_project\\all_project\\arm\\uso_arm_usb_bo\\MEDIA_USB_KEY\\uso_arm_usb_bo.axf" 
Rebuild target 'MEDIA_USB_KEY'
compiling rtc.c...
src\rtc.c(355): warning:  #177-D: variable "i1" was declared but never referenced
src\rtc.c(355): warning:  #177-D: variable "errorindex" was declared but never referenced
src\rtc.c(129): warning:  #177-D: variable "tmp" was declared but never referenced
src\rtc.c(131): warning:  #177-D: variable "GPIO_InitStructure" was declared but never referenced
compiling main.c...
.\inc\my_def_ext.h(455): warning:  #177-D: variable "i" was declared but never referenced
.\inc\my_def_ext.h(473): warning:  #177-D: variable "i" was declared but never referenced
.\inc\my_def_ext.h(569): warning:  #940-D: missing return statement at end of non-void function "wr_ack_ds"
src\main.c(962): warning:  #177-D: variable "i" was declared but never referenced
src\main.c(1012): warning:  #177-D: variable "ind" was declared but never referenced
src\main.c(1058): warning:  #111-D: statement is unreachable
src\main.c(1143): warning:  #177-D: variable "i" was declared but never referenced
src\main.c(1410): warning:  #177-D: variable "tabl" was declared but never referenced
src\main.c(1411): warning:  #177-D: variable "viv" was declared but never referenced
src\main.c(2607): warning:  #223-D: function "date_to_sec" declared implicitly
src\main.c(2659): warning:  #223-D: function "sec_to_date" declared implicitly
src\main.c(2152): warning:  #177-D: variable "data" was declared but never referenced
src\main.c(2154): warning:  #177-D: variable "DT" was declared but never referenced
compiling system_stm32f4xx.c...
compiling usb_bsp.c...
compiling usbh_usr.c...
src\usbh_usr.c(113): warning:  #177-D: variable "DT" was declared but never referenced
src\usbh_usr.c(114): warning:  #177-D: variable "tmp" was declared but never referenced
src\usbh_usr.c(414): warning:  #177-D: variable "tmp" was declared but never referenced
src\usbh_usr.c(491): warning:  #177-D: variable "DT" was declared but never referenced
src\usbh_usr.c(492): warning:  #177-D: variable "tmp" was declared but never referenced
compiling stm32f4xx_it.c...
src\stm32f4xx_it.c(47): warning:  #1295-D: Deprecated declaration start_ds - give arg types
src\stm32f4xx_it.c(48): warning:  #1295-D: Deprecated declaration write_bait_ds - give arg types
src\stm32f4xx_it.c(49): warning:  #1295-D: Deprecated declaration stop_ds - give arg types
src\stm32f4xx_it.c(50): warning:  #1295-D: Deprecated declaration sleep - give arg types
src\stm32f4xx_it.c(51): warning:  #1295-D: Deprecated declaration wr_ack_ds - give arg types
src\stm32f4xx_it.c(53): warning:  #1295-D: Deprecated declaration read_bait_ds - give arg types
src\stm32f4xx_it.c(290): warning:  #177-D: variable "tab" was declared but never referenced
src\stm32f4xx_it.c(449): warning:  #940-D: missing return statement at end of non-void function "test_rele"
src\stm32f4xx_it.c(478): warning:  #940-D: missing return statement at end of non-void function "test_rele_dmk"
src\stm32f4xx_it.c(498): warning:  #223-D: function "indicate_time" declared implicitly
src\stm32f4xx_it.c(519): warning:  #223-D: function "indicate_time" declared implicitly
src\stm32f4xx_it.c(527): warning:  #223-D: function "indicate_err" declared implicitly
src\stm32f4xx_it.c(536): warning:  #223-D: function "ind_blank_all" declared implicitly
src\stm32f4xx_it.c(548): warning:  #223-D: function "indicate" declared implicitly
src\stm32f4xx_it.c(554): warning:  #223-D: function "indicate_lin" declared implicitly
src\stm32f4xx_it.c(561): warning:  #223-D: function "indicate_lin" declared implicitly
src\stm32f4xx_it.c(563): warning:  #223-D: function "indicate_lin" declared implicitly
src\stm32f4xx_it.c(566): warning:  #223-D: function "indicate_lin" declared implicitly
src\stm32f4xx_it.c(568): warning:  #223-D: function "indicate_lin" declared implicitly
src\stm32f4xx_it.c(490): warning:  #177-D: variable "bufer" was declared but never referenced
src\stm32f4xx_it.c(1445): warning:  #177-D: variable "i" was declared but never referenced
src\stm32f4xx_it.c(1691): warning:  #9-D: nested comment is not allowed
src\stm32f4xx_it.c(1656): warning:  #177-D: variable "Temp" was declared but never referenced
src\stm32f4xx_it.c(1817): warning:  #177-D: variable "Tens" was declared but never referenced
src\stm32f4xx_it.c(1817): warning:  #177-D: variable "Units" was declared but never referenced
src\stm32f4xx_it.c(1818): warning:  #177-D: variable "TempReg" was declared but never referenced
src\stm32f4xx_it.c(1819): warning:  #177-D: variable "i" was declared but never referenced
src\stm32f4xx_it.c(2615): warning:  #177-D: variable "clickreg" was declared but never referenced
compiling stm32f4_discovery.c...
compiling misc.c...
compiling stm32f4xx_adc.c...
compiling stm32f4xx_dma.c...
compiling stm32f4xx_exti.c...
compiling stm32f4xx_gpio.c...
compiling stm32f4xx_rtc.c...
compiling stm32f4xx_spi.c...
compiling stm32f4xx_syscfg.c...
compiling stm32f4xx_usart.c...
compiling stm32f4xx_flash.c...
compiling stm32f4xx_tim.c...
compiling stm32f4xx_rcc.c...
assembling startup_stm32f4xx.s...
compiling usb_core.c...
compiling usb_hcd.c...
compiling usb_hcd_int.c...
compiling usbh_core.c...
compiling usbh_hcs.c...
compiling usbh_ioreq.c...
compiling usbh_msc_bot.c...
compiling usbh_msc_core.c...
compiling usbh_msc_fatfs.c...
compiling usbh_stdreq.c...
compiling usbh_msc_scsi.c...
compiling fattime.c...
compiling ff.c...
linking...
Program Size: Code=36224 RO-data=656 RW-data=428 ZI-data=38964  
FromELF: creating hex file...
".\MEDIA_USB_KEY\uso_arm_usb_bo.axf" - 0 Errors, 50 Warning(s).
Load "D:\\keil_project\\all_project\\arm\\uso_arm_usb_bo\\MEDIA_USB_KEY\\uso_arm_usb_bo.axf" 
